Component: ARM Compiler 5.06 update 7 (build 960) Tool: armlink [4d3601]

==============================================================================

Section Cross References

    startup_stm32g070xx.o(RESET) refers to startup_stm32g070xx.o(STACK) for __initial_sp
    startup_stm32g070xx.o(RESET) refers to startup_stm32g070xx.o(.text) for Reset_Handler
    startup_stm32g070xx.o(RESET) refers to stm32g0xx_it.o(i.NMI_Handler) for NMI_Handler
    startup_stm32g070xx.o(RESET) refers to stm32g0xx_it.o(i.HardFault_Handler) for HardFault_Handler
    startup_stm32g070xx.o(RESET) refers to stm32g0xx_it.o(i.SVC_Handler) for SVC_Handler
    startup_stm32g070xx.o(RESET) refers to stm32g0xx_it.o(i.PendSV_Handler) for PendSV_Handler
    startup_stm32g070xx.o(RESET) refers to stm32g0xx_it.o(i.SysTick_Handler) for SysTick_Handler
    startup_stm32g070xx.o(RESET) refers to stm32g0xx_it.o(i.EXTI4_15_IRQHandler) for EXTI4_15_IRQHandler
    startup_stm32g070xx.o(RESET) refers to stm32g0xx_it.o(i.TIM3_IRQHandler) for TIM3_IRQHandler
    startup_stm32g070xx.o(RESET) refers to stm32g0xx_it.o(i.TIM6_IRQHandler) for TIM6_IRQHandler
    startup_stm32g070xx.o(RESET) refers to stm32g0xx_it.o(i.TIM14_IRQHandler) for TIM14_IRQHandler
    startup_stm32g070xx.o(.text) refers to system_stm32g0xx.o(i.SystemInit) for SystemInit
    startup_stm32g070xx.o(.text) refers to entry.o(.ARM.Collect$$$$00000000) for __main
    main.o(i.MX_GPIO_Init) refers to memseta.o(.text) for __aeabi_memclr4
    main.o(i.MX_GPIO_Init) refers to stm32g0xx_hal_gpio.o(i.HAL_GPIO_WritePin) for HAL_GPIO_WritePin
    main.o(i.MX_GPIO_Init) refers to stm32g0xx_hal_gpio.o(i.HAL_GPIO_Init) for HAL_GPIO_Init
    main.o(i.MX_GPIO_Init) refers to stm32g0xx_hal_cortex.o(i.HAL_NVIC_SetPriority) for HAL_NVIC_SetPriority
    main.o(i.MX_GPIO_Init) refers to stm32g0xx_hal_cortex.o(i.HAL_NVIC_EnableIRQ) for HAL_NVIC_EnableIRQ
    main.o(i.MX_TIM3_Init) refers to stm32g0xx_hal_tim.o(i.HAL_TIM_Base_Init) for HAL_TIM_Base_Init
    main.o(i.MX_TIM3_Init) refers to stm32g0xx_hal_tim.o(i.HAL_TIM_ConfigClockSource) for HAL_TIM_ConfigClockSource
    main.o(i.MX_TIM3_Init) refers to stm32g0xx_hal_tim_ex.o(i.HAL_TIMEx_MasterConfigSynchronization) for HAL_TIMEx_MasterConfigSynchronization
    main.o(i.MX_TIM3_Init) refers to main.o(.bss) for .bss
    main.o(i.MX_USART2_UART_Init) refers to stm32g0xx_hal_uart.o(i.HAL_UART_Init) for HAL_UART_Init
    main.o(i.MX_USART2_UART_Init) refers to stm32g0xx_hal_uart_ex.o(i.HAL_UARTEx_SetTxFifoThreshold) for HAL_UARTEx_SetTxFifoThreshold
    main.o(i.MX_USART2_UART_Init) refers to stm32g0xx_hal_uart_ex.o(i.HAL_UARTEx_SetRxFifoThreshold) for HAL_UARTEx_SetRxFifoThreshold
    main.o(i.MX_USART2_UART_Init) refers to stm32g0xx_hal_uart_ex.o(i.HAL_UARTEx_DisableFifoMode) for HAL_UARTEx_DisableFifoMode
    main.o(i.MX_USART2_UART_Init) refers to main.o(.bss) for .bss
    main.o(i.SystemClock_Config) refers to memseta.o(.text) for __aeabi_memclr4
    main.o(i.SystemClock_Config) refers to stm32g0xx_hal_pwr_ex.o(i.HAL_PWREx_ControlVoltageScaling) for HAL_PWREx_ControlVoltageScaling
    main.o(i.SystemClock_Config) refers to stm32g0xx_hal_rcc.o(i.HAL_RCC_OscConfig) for HAL_RCC_OscConfig
    main.o(i.SystemClock_Config) refers to stm32g0xx_hal_rcc.o(i.HAL_RCC_ClockConfig) for HAL_RCC_ClockConfig
    main.o(i.SystemClock_Config) refers to stm32g0xx_hal_rcc_ex.o(i.HAL_RCCEx_PeriphCLKConfig) for HAL_RCCEx_PeriphCLKConfig
    main.o(i.main) refers to stm32g0xx_hal.o(i.HAL_Init) for HAL_Init
    main.o(i.main) refers to main.o(i.SystemClock_Config) for SystemClock_Config
    main.o(i.main) refers to main.o(i.MX_GPIO_Init) for MX_GPIO_Init
    main.o(i.main) refers to main.o(i.MX_TIM3_Init) for MX_TIM3_Init
    main.o(i.main) refers to stm32g0xx_hal_tim.o(i.HAL_TIM_Base_Init) for HAL_TIM_Base_Init
    main.o(i.main) refers to stm32g0xx_hal_tim_ex.o(i.HAL_TIMEx_MasterConfigSynchronization) for HAL_TIMEx_MasterConfigSynchronization
    main.o(i.main) refers to main.o(i.MX_USART2_UART_Init) for MX_USART2_UART_Init
    main.o(i.main) refers to main.o(.bss) for .bss
    stm32g0xx_it.o(i.EXTI4_15_IRQHandler) refers to stm32g0xx_hal_gpio.o(i.HAL_GPIO_EXTI_IRQHandler) for HAL_GPIO_EXTI_IRQHandler
    stm32g0xx_it.o(i.EXTI4_15_IRQHandler) refers to edge_detection.o(i.receive_edge) for receive_edge
    stm32g0xx_it.o(i.SysTick_Handler) refers to stm32g0xx_hal.o(i.HAL_IncTick) for HAL_IncTick
    stm32g0xx_it.o(i.TIM14_IRQHandler) refers to stm32g0xx_hal_tim.o(i.HAL_TIM_IRQHandler) for HAL_TIM_IRQHandler
    stm32g0xx_it.o(i.TIM14_IRQHandler) refers to timing_functions.o(i.BitTimer_overflow) for BitTimer_overflow
    stm32g0xx_it.o(i.TIM14_IRQHandler) refers to main.o(.bss) for htim14
    stm32g0xx_it.o(i.TIM3_IRQHandler) refers to stm32g0xx_hal_tim.o(i.HAL_TIM_IRQHandler) for HAL_TIM_IRQHandler
    stm32g0xx_it.o(i.TIM3_IRQHandler) refers to timing_functions.o(i.FrameTimer_overflow) for FrameTimer_overflow
[...]
    i.QUERY_READ_MEM_LOCATION                0x080014f0   Section        0  dali_functions.o(i.QUERY_READ_MEM_LOCATION)
    i.QUERY_RESET_STATE                      0x080014f2   Section        0  dali_functions.o(i.QUERY_RESET_STATE)
    i.QUERY_SCENE_0_LEVEL                    0x080014f4   Section        0  dali_functions.o(i.QUERY_SCENE_0_LEVEL)
    i.QUERY_SCENE_10_LEVEL                   0x080014f6   Section        0  dali_functions.o(i.QUERY_SCENE_10_LEVEL)
    i.QUERY_SCENE_11_LEVEL                   0x080014f8   Section        0  dali_functions.o(i.QUERY_SCENE_11_LEVEL)
    i.QUERY_SCENE_12_LEVEL                   0x080014fa   Section        0  dali_functions.o(i.QUERY_SCENE_12_LEVEL)
    i.QUERY_SCENE_13_LEVEL                   0x080014fc   Section        0  dali_functions.o(i.QUERY_SCENE_13_LEVEL)
    i.QUERY_SCENE_14_LEVEL                   0x080014fe   Section        0  dali_functions.o(i.QUERY_SCENE_14_LEVEL)
    i.QUERY_SCENE_15_LEVEL                   0x08001500   Section        0  dali_functions.o(i.QUERY_SCENE_15_LEVEL)
    i.QUERY_SCENE_1_LEVEL                    0x08001502   Section        0  dali_functions.o(i.QUERY_SCENE_1_LEVEL)
    i.QUERY_SCENE_2_LEVEL                    0x08001504   Section        0  dali_functions.o(i.QUERY_SCENE_2_LEVEL)
    i.QUERY_SCENE_3_LEVEL                    0x08001506   Section        0  dali_functions.o(i.QUERY_SCENE_3_LEVEL)
    i.QUERY_SCENE_4_LEVEL                    0x08001508   Section        0  dali_functions.o(i.QUERY_SCENE_4_LEVEL)
    i.QUERY_SCENE_5_LEVEL                    0x0800150a   Section        0  dali_functions.o(i.QUERY_SCENE_5_LEVEL)
    i.QUERY_SCENE_6_LEVEL                    0x0800150c   Section        0  dali_functions.o(i.QUERY_SCENE_6_LEVEL)
    i.QUERY_SCENE_7_LEVEL                    0x0800150e   Section        0  dali_functions.o(i.QUERY_SCENE_7_LEVEL)
    i.QUERY_SCENE_8_LEVEL                    0x08001510   Section        0  dali_functions.o(i.QUERY_SCENE_8_LEVEL)
    i.QUERY_SCENE_9_LEVEL                    0x08001512   Section        0  dali_functions.o(i.QUERY_SCENE_9_LEVEL)
    i.QUERY_SHORT_ADDR                       0x08001514   Section        0  dali_functions.o(i.QUERY_SHORT_ADDR)
    i.QUERY_STATUS                           0x08001516   Section        0  dali_functions.o(i.QUERY_STATUS)
    i.QUERY_SYSTEM_FAILURA_LEVEL             0x08001518   Section        0  dali_functions.o(i.QUERY_SYSTEM_FAILURA_LEVEL)
    i.QUERY_VERSION_NUMBER                   0x0800151a   Section        0  dali_functions.o(i.QUERY_VERSION_NUMBER)
    i.RANDOMISE                              0x0800151c   Section        0  dali_functions.o(i.RANDOMISE)
    i.RECALL_MAX_LEVEL                       0x0800151e   Section        0  dali_functions.o(i.RECALL_MAX_LEVEL)
    i.RECALL_MIN_LEVEL                       0x0800152e   Section        0  dali_functions.o(i.RECALL_MIN_LEVEL)
    i.REMOVE_FROM_GROUP_0                    0x08001530   Section        0  dali_functions.o(i.REMOVE_FROM_GROUP_0)
    i.REMOVE_FROM_GROUP_1                    0x08001532   Section        0  dali_functions.o(i.REMOVE_FROM_GROUP_1)
    i.REMOVE_FROM_GROUP_10                   0x08001534   Section        0  dali_functions.o(i.REMOVE_FROM_GROUP_10)
    i.REMOVE_FROM_GROUP_11                   0x08001536   Section        0  dali_functions.o(i.REMOVE_FROM_GROUP_11)
    i.REMOVE_FROM_GROUP_12                   0x08001538   Section        0  dali_functions.o(i.REMOVE_FROM_GROUP_12)
    i.REMOVE_FROM_GROUP_13                   0x0800153a   Section        0  dali_functions.o(i.REMOVE_FROM_GROUP_13)
    i.REMOVE_FROM_GROUP_14                   0x0800153c   Section        0  dali_functions.o(i.REMOVE_FROM_GROUP_14)
    i.REMOVE_FROM_GROUP_15                   0x0800153e   Section        0  dali_functions.o(i.REMOVE_FROM_GROUP_15)
    i.REMOVE_FROM_GROUP_2                    0x08001540   Section        0  dali_functions.o(i.REMOVE_FROM_GROUP_2)
    i.REMOVE_FROM_GROUP_3                    0x08001542   Section        0  dali_functions.o(i.REMOVE_FROM_GROUP_3)
    i.REMOVE_FROM_GROUP_4                    0x08001544   Section        0  dali_functions.o(i.REMOVE_FROM_GROUP_4)
    i.REMOVE_FROM_GROUP_5                    0x08001546   Section        0  dali_functions.o(i.REMOVE_FROM_GROUP_5)
    i.REMOVE_FROM_GROUP_6                    0x08001548   Section        0  dali_functions.o(i.REMOVE_FROM_GROUP_6)
    i.REMOVE_FROM_GROUP_7                    0x0800154a   Section        0  dali_functions.o(i.REMOVE_FROM_GROUP_7)
    i.REMOVE_FROM_GROUP_8                    0x0800154c   Section        0  dali_functions.o(i.REMOVE_FROM_GROUP_8)
    i.REMOVE_FROM_GROUP_9                    0x0800154e   Section        0  dali_functions.o(i.REMOVE_FROM_GROUP_9)
    i.REMOVE_FROM_SCENE_0                    0x08001550   Section        0  dali_functions.o(i.REMOVE_FROM_SCENE_0)
    i.REMOVE_FROM_SCENE_1                    0x08001552   Section        0  dali_functions.o(i.REMOVE_FROM_SCENE_1)
    i.REMOVE_FROM_SCENE_10                   0x08001554   Section        0  dali_functions.o(i.REMOVE_FROM_SCENE_10)
    i.REMOVE_FROM_SCENE_11                   0x08001556   Section        0  dali_functions.o(i.REMOVE_FROM_SCENE_11)
    i.REMOVE_FROM_SCENE_12                   0x08001558   Section        0  dali_functions.o(i.REMOVE_FROM_SCENE_12)
    i.REMOVE_FROM_SCENE_13                   0x0800155a   Section        0  dali_functions.o(i.REMOVE_FROM_SCENE_13)
    i.REMOVE_FROM_SCENE_14                   0x0800155c   Section        0  dali_functions.o(i.REMOVE_FROM_SCENE_14)
    i.REMOVE_FROM_SCENE_15                   0x0800155e   Section        0  dali_functions.o(i.REMOVE_FROM_SCENE_15)
    i.REMOVE_FROM_SCENE_2                    0x08001560   Section        0  dali_functions.o(i.REMOVE_FROM_SCENE_2)
    i.REMOVE_FROM_SCENE_3                    0x08001562   Section        0  dali_functions.o(i.REMOVE_FROM_SCENE_3)
    i.REMOVE_FROM_SCENE_4                    0x08001564   Section        0  dali_functions.o(i.REMOVE_FROM_SCENE_4)
    i.REMOVE_FROM_SCENE_5                    0x08001566   Section        0  dali_functions.o(i.REMOVE_FROM_SCENE_5)
    i.REMOVE_FROM_SCENE_6                    0x08001568   Section        0  dali_functions.o(i.REMOVE_FROM_SCENE_6)
    i.REMOVE_FROM_SCENE_7                    0x0800156a   Section        0  dali_functions.o(i.REMOVE_FROM_SCENE_7)
    i.REMOVE_FROM_SCENE_8                    0x0800156c   Section        0  dali_functions.o(i.REMOVE_FROM_SCENE_8)
    i.REMOVE_FROM_SCENE_9                    0x0800156e   Section        0  dali_functions.o(i.REMOVE_FROM_SCENE_9)
    i.RESET_MEMORY_BANK                      0x08001570   Section        0  dali_functions.o(i.RESET_MEMORY_BANK)
    i.RESET_command                          0x08001572   Section        0  dali_functions.o(i.RESET_command)
    i.SAVE_PERSISTENT_VARIABLES              0x08001574   Section        0  dali_functions.o(i.SAVE_PERSISTENT_VARIABLES)
    i.SEARCHADDRH                            0x08001576   Section        0  dali_functions.o(i.SEARCHADDRH)
    i.SEARCHADDRL                            0x08001578   Section        0  dali_functions.o(i.SEARCHADDRL)
    i.SEARCHADDRM                            0x0800157a   Section        0  dali_functions.o(i.SEARCHADDRM)
    i.SET_EXTENDED_FADE_RATE                 0x0800157c   Section        0  dali_functions.o(i.SET_EXTENDED_FADE_RATE)
    i.SET_FADE_RATE                          0x0800157e   Section        0  dali_functions.o(i.SET_FADE_RATE)
    i.SET_FADE_TIME                          0x08001580   Section        0  dali_functions.o(i.SET_FADE_TIME)
    i.SET_MAX_LEVEL                          0x08001582   Section        0  dali_functions.o(i.SET_MAX_LEVEL)
    i.SET_MIN_LEVEL                          0x08001584   Section        0  dali_functions.o(i.SET_MIN_LEVEL)
    i.SET_OPERATING_MODE                     0x08001586   Section        0  dali_functions.o(i.SET_OPERATING_MODE)
    i.SET_POWER_ON_LEVEL                     0x08001588   Section        0  dali_functions.o(i.SET_POWER_ON_LEVEL)
    i.SET_SCENE_0                            0x0800158a   Section        0  dali_functions.o(i.SET_SCENE_0)
    i.SET_SCENE_1                            0x0800158c   Section        0  dali_functions.o(i.SET_SCENE_1)
    i.SET_SCENE_10                           0x0800158e   Section        0  dali_functions.o(i.SET_SCENE_10)
    i.SET_SCENE_11                           0x08001590   Section        0  dali_functions.o(i.SET_SCENE_11)
    i.SET_SCENE_12                           0x08001592   Section        0  dali_functions.o(i.SET_SCENE_12)
    i.SET_SCENE_13                           0x08001594   Section        0  dali_functions.o(i.SET_SCENE_13)
    i.SET_SCENE_14                           0x08001596   Section        0  dali_functions.o(i.SET_SCENE_14)
    i.SET_SCENE_15                           0x08001598   Section        0  dali_functions.o(i.SET_SCENE_15)
    i.SET_SCENE_2                            0x0800159a   Section        0  dali_functions.o(i.SET_SCENE_2)
    i.SET_SCENE_3                            0x0800159c   Section        0  dali_functions.o(i.SET_SCENE_3)
    i.SET_SCENE_4                            0x0800159e   Section        0  dali_functions.o(i.SET_SCENE_4)
    i.SET_SCENE_5                            0x080015a0   Section        0  dali_functions.o(i.SET_SCENE_5)
    i.SET_SCENE_6                            0x080015a2   Section        0  dali_functions.o(i.SET_SCENE_6)
    i.SET_SCENE_7                            0x080015a4   Section        0  dali_functions.o(i.SET_SCENE_7)
    i.SET_SCENE_8                            0x080015a6   Section        0  dali_functions.o(i.SET_SCENE_8)
    i.SET_SCENE_9                            0x080015a8   Section        0  dali_functions.o(i.SET_SCENE_9)
    i.SET_SHORT_ADDRESS                      0x080015aa   Section        0  dali_functions.o(i.SET_SHORT_ADDRESS)
    i.SET_SYSTEM_FAILURE_LEVEL               0x080015ac   Section        0  dali_functions.o(i.SET_SYSTEM_FAILURE_LEVEL)
    i.STEP_DOWN                              0x080015ae   Section        0  dali_functions.o(i.STEP_DOWN)
    i.STEP_DOWN_N_OFF                        0x080015b0   Section        0  dali_functions.o(i.STEP_DOWN_N_OFF)
    i.STEP_UP                                0x080015b2   Section        0  dali_functions.o(i.STEP_UP)
    i.STORE_ACTUAL_LEVEL_IN_DTR0             0x080015b4   Section        0  dali_functions.o(i.STORE_ACTUAL_LEVEL_IN_DTR0)
    i.SVC_Handler                            0x080015b6   Section        0  stm32g0xx_it.o(i.SVC_Handler)
    i.SysTick_Handler                        0x080015b8   Section        0  stm32g0xx_it.o(i.SysTick_Handler)
    i.SystemClock_Config                     0x080015c0   Section        0  main.o(i.SystemClock_Config)
    i.SystemInit                             0x08001634   Section        0  system_stm32g0xx.o(i.SystemInit)
    i.TERMINATE                              0x08001644   Section        0  dali_functions.o(i.TERMINATE)
    i.TIM14_IRQHandler                       0x08001648   Section        0  stm32g0xx_it.o(i.TIM14_IRQHandler)
    i.TIM3_IRQHandler                        0x0800165c   Section        0  stm32g0xx_it.o(i.TIM3_IRQHandler)
    i.TIM6_IRQHandler                        0x08001670   Section        0  stm32g0xx_it.o(i.TIM6_IRQHandler)
    i.TIM_Base_SetConfig                     0x08001680   Section        0  stm32g0xx_hal_tim.o(i.TIM_Base_SetConfig)
    i.TIM_ETR_SetConfig                      0x08001708   Section        0  stm32g0xx_hal_tim.o(i.TIM_ETR_SetConfig)
    i.TIM_ITRx_SetConfig                     0x08001720   Section        0  stm32g0xx_hal_tim.o(i.TIM_ITRx_SetConfig)
    TIM_ITRx_SetConfig                       0x08001721   Thumb Code    16  stm32g0xx_hal_tim.o(i.TIM_ITRx_SetConfig)
    i.TIM_TI1_ConfigInputStage               0x08001734   Section        0  stm32g0xx_hal_tim.o(i.TIM_TI1_ConfigInputStage)
    TIM_TI1_ConfigInputStage                 0x08001735   Thumb Code    34  stm32g0xx_hal_tim.o(i.TIM_TI1_ConfigInputStage)
    i.TIM_TI2_ConfigInputStage               0x08001756   Section        0  stm32g0xx_hal_tim.o(i.TIM_TI2_ConfigInputStage)
    TIM_TI2_ConfigInputStage                 0x08001757   Thumb Code    38  stm32g0xx_hal_tim.o(i.TIM_TI2_ConfigInputStage)
    i.TimingErrorHandler                     0x0800177c   Section        0  timing_functions.o(i.TimingErrorHandler)
    i.UARTEx_SetNbDataToProcess              0x08001788   Section        0  stm32g0xx_hal_uart_ex.o(i.UARTEx_SetNbDataToProcess)
    UARTEx_SetNbDataToProcess                0x08001789   Thumb Code    80  stm32g0xx_hal_uart_ex.o(i.UARTEx_SetNbDataToProcess)
    i.UART_AdvFeatureConfig                  0x080017e8   Section        0  stm32g0xx_hal_uart.o(i.UART_AdvFeatureConfig)
    i.UART_CheckIdleState                    0x080018b4   Section        0  stm32g0xx_hal_uart.o(i.UART_CheckIdleState)
    i.UART_SetConfig                         0x08001918   Section        0  stm32g0xx_hal_uart.o(i.UART_SetConfig)
    i.UART_WaitOnFlagUntilTimeout            0x08001ab0   Section        0  stm32g0xx_hal_uart.o(i.UART_WaitOnFlagUntilTimeout)
    i.UP_command                             0x08001b4c   Section        0  dali_functions.o(i.UP_command)
    i.VERIFY_SHORT_ADDR                      0x08001b4e   Section        0  dali_functions.o(i.VERIFY_SHORT_ADDR)
    i.WITHDRAW                               0x08001b50   Section        0  dali_functions.o(i.WITHDRAW)
    i.WRITE_MEM_LOCATION                     0x08001b52   Section        0  dali_functions.o(i.WRITE_MEM_LOCATION)
    i.WRITE_MEM_LOCATION_NO_REPLY            0x08001b54   Section        0  dali_functions.o(i.WRITE_MEM_LOCATION_NO_REPLY)
    i.__NVIC_SetPriority                     0x08001b58   Section        0  stm32g0xx_hal_cortex.o(i.__NVIC_SetPriority)
    __NVIC_SetPriority                       0x08001b59   Thumb Code    60  stm32g0xx_hal_cortex.o(i.__NVIC_SetPriority)
    i.__scatterload_copy                     0x08001b9c   Section       14  handlers.o(i.__scatterload_copy)
    i.__scatterload_null                     0x08001baa   Section        2  handlers.o(i.__scatterload_null)
    i.__scatterload_zeroinit                 0x08001bac   Section       14  handlers.o(i.__scatterload_zeroinit)
    i.bus_status_fall_edge                   0x08001bbc   Section        0  bus_conditions.o(i.bus_status_fall_edge)
    i.bus_status_stop                        0x08001bd8   Section        0  bus_conditions.o(i.bus_status_stop)
    i.check_address                          0x08001bf4   Section        0  frame_processing.o(i.check_address)
    i.check_command                          0x08001c64   Section        0  frame_processing.o(i.check_command)
    i.edgeHandler                            0x08001c98   Section        0  edge_detection.o(i.edgeHandler)
    i.main                                   0x08001d34   Section        0  main.o(i.main)
    i.power_down_handler                     0x08001db4   Section        0  bus_conditions.o(i.power_down_handler)
    i.processRxFrame                         0x08001dcc   Section        0  frame_processing.o(i.processRxFrame)
    i.receive_edge                           0x08001ef0   Section        0  edge_detection.o(i.receive_edge)
    i.start_FrameTimer                       0x08001f7c   Section        0  timing_functions.o(i.start_FrameTimer)
    i.stop_BitTimer                          0x08001fa0   Section        0  timing_functions.o(i.stop_BitTimer)
    i.stop_FrameTimer                        0x08001fb0   Section        0  timing_functions.o(i.stop_FrameTimer)
    i.stop_condition_handler                 0x08001fc0   Section        0  bus_conditions.o(i.stop_condition_handler)
    i.system_failure_handler                 0x08001fd4   Section        0  bus_conditions.o(i.system_failure_handler)
    .constdata                               0x08001fe0   Section       24  stm32g0xx_hal_uart.o(.constdata)
    .constdata                               0x08001ff8   Section       64  system_stm32g0xx.o(.constdata)
    .constdata                               0x08002038   Section       32  system_stm32g0xx.o(.constdata)
    .data                                    0x20000000   Section       12  stm32g0xx_hal.o(.data)
    .data                                    0x2000000c   Section        4  system_stm32g0xx.o(.data)
    .data                                    0x20000010   Section       12  edge_detection.o(.data)
    .data                                    0x2000001c   Section        1  timing_functions.o(.data)
    .data                                    0x2000001d   Section        2  bus_conditions.o(.data)
    .data                                    0x20000020   Section       10  frame_processing.o(.data)
    .data                                    0x2000002a   Section        2  dali_variables.o(.data)
    .data                                    0x2000002c   Section        2  dali_variables.o(.data)
    .data                                    0x20000030   Section      792  dali_variables.o(.data)
    .data                                    0x20000348   Section       72  dali_variables.o(.data)
    .bss                                     0x20000390   Section      372  main.o(.bss)
    .bss                                     0x20000504   Section      512  edge_detection.o(.bss)
    STACK                                    0x20000708   Section     1024  startup_stm32g070xx.o(STACK)

    Global Symbols

    Symbol Name                              Value     Ov Type        Size  Object(Section)

    BuildAttributes$$THM_ISAv3M$S$PE$A:L22$X:L11$S22$IEEE1$IW$USESV6$~STKCKD$USESV7$~SHL$OSPACE$EBA8$MICROLIB$REQ8$PRES8$EABIv2 0x00000000   Number         0  anon$$obj.o ABSOLUTE
    __ARM_use_no_argv                        0x00000000   Number         0  main.o ABSOLUTE
    __arm_fini_                               - Undefined Weak Reference
    __cpp_initialize__aeabi_                  - Undefined Weak Reference
    __cxa_finalize                            - Undefined Weak Reference
    _clock_init                               - Undefined Weak Reference
    _microlib_exit                            - Undefined Weak Reference
    __Vectors_Size                           0x000000b8   Number         0  startup_stm32g070xx.o ABSOLUTE
    __Vectors                                0x08000000   Data           4  startup_stm32g070xx.o(RESET)
    __Vectors_End                            0x080000b8   Data           0  startup_stm32g070xx.o(RESET)
    __main                                   0x080000b9   Thumb Code     0  entry.o(.ARM.Collect$$$$00000000)
    _main_stk                                0x080000b9   Thumb Code     0  entry2.o(.ARM.Collect$$$$00000001)
    _main_scatterload                        0x080000bd   Thumb Code     0  entry5.o(.ARM.Collect$$$$00000004)
    __main_after_scatterload                 0x080000c1   Thumb Code     0  entry5.o(.ARM.Collect$$$$00000004)
    _main_clock                              0x080000c1   Thumb Code     0  entry7b.o(.ARM.Collect$$$$00000008)
    _main_cpp_init                           0x080000c1   Thumb Code     0  entry8b.o(.ARM.Collect$$$$0000000A)
    _main_init                               0x080000c1   Thumb Code     0  entry9a.o(.ARM.Collect$$$$0000000B)
    __rt_lib_shutdown_fini                   0x080000c9   Thumb Code     0  entry12b.o(.ARM.Collect$$$$0000000E)
    __rt_final_cpp                           0x080000cd   Thumb Code     0  entry10a.o(.ARM.Collect$$$$0000000F)
    __rt_final_exit                          0x080000cd   Thumb Code     0  entry11a.o(.ARM.Collect$$$$00000011)
    Reset_Handler                            0x080000d1   Thumb Code     8  startup_stm32g070xx.o(.text)
    ADC1_IRQHandler                          0x080000e3   Thumb Code     0  startup_stm32g070xx.o(.text)
    DMA1_Ch4_7_DMAMUX1_OVR_IRQHandler        0x080000e3   Thumb Code     0  startup_stm32g070xx.o(.text)
    DMA1_Channel1_IRQHandler                 0x080000e3   Thumb Code     0  startup_stm32g070xx.o(.text)
    DMA1_Channel2_3_IRQHandler               0x080000e3   Thumb Code     0  startup_stm32g070xx.o(.text)
    EXTI0_1_IRQHandler                       0x080000e3   Thumb Code     0  startup_stm32g070xx.o(.text)
    EXTI2_3_IRQHandler                       0x080000e3   Thumb Code     0  startup_stm32g070xx.o(.text)
    FLASH_IRQHandler                         0x080000e3   Thumb Code     0  startup_stm32g070xx.o(.text)
    I2C1_IRQHandler                          0x080000e3   Thumb Code     0  startup_stm32g070xx.o(.text)
    I2C2_IRQHandler                          0x080000e3   Thumb Code     0  startup_stm32g070xx.o(.text)
    RCC_IRQHandler                           0x080000e3   Thumb Code     0  startup_stm32g070xx.o(.text)
    RTC_TAMP_IRQHandler                      0x080000e3   Thumb Code     0  startup_stm32g070xx.o(.text)
    SPI1_IRQHandler                          0x080000e3   Thumb Code     0  startup_stm32g070xx.o(.text)
    SPI2_IRQHandler                          0x080000e3   Thumb Code     0  startup_stm32g070xx.o(.text)
    TIM15_IRQHandler                         0x080000e3   Thumb Code     0  startup_stm32g070xx.o(.text)
    TIM16_IRQHandler                         0x080000e3   Thumb Code     0  startup_stm32g070xx.o(.text)
    TIM17_IRQHandler                         0x080000e3   Thumb Code     0  startup_stm32g070xx.o(.text)
    TIM1_BRK_UP_TRG_COM_IRQHandler           0x080000e3   Thumb Code     0  startup_stm32g070xx.o(.text)
    TIM1_CC_IRQHandler                       0x080000e3   Thumb Code     0  startup_stm32g070xx.o(.text)
    TIM7_IRQHandler                          0x080000e3   Thumb Code     0  startup_stm32g070xx.o(.text)
    USART1_IRQHandler                        0x080000e3   Thumb Code     0  startup_stm32g070xx.o(.text)
    USART2_IRQHandler                        0x080000e3   Thumb Code     0  startup_stm32g070xx.o(.text)
    USART3_4_IRQHandler                      0x080000e3   Thumb Code     0  startup_stm32g070xx.o(.text)
    WWDG_IRQHandler                          0x080000e3   Thumb Code     0  startup_stm32g070xx.o(.text)
    __aeabi_uidiv                            0x080000ed   Thumb Code     0  uidiv.o(.text)
    __aeabi_uidivmod                         0x080000ed   Thumb Code    44  uidiv.o(.text)
    __aeabi_memset                           0x08000119   Thumb Code    14  memseta.o(.text)
    __aeabi_memset4                          0x08000119   Thumb Code     0  memseta.o(.text)
    __aeabi_memset8                          0x08000119   Thumb Code     0  memseta.o(.text)
    __aeabi_memclr                           0x08000127   Thumb Code     4  memseta.o(.text)
    __aeabi_memclr4                          0x08000127   Thumb Code     0  memseta.o(.text)
    __aeabi_memclr8                          0x08000127   Thumb Code     0  memseta.o(.text)
    _memset$wrapper                          0x0800012b   Thumb Code    18  memseta.o(.text)
    __scatterload                            0x0800013d   Thumb Code    28  init.o(.text)
    __scatterload_rt2                        0x0800013d   Thumb Code     0  init.o(.text)
    __decompress                             0x08000161   Thumb Code     0  __dczerorl2.o(.text)
    __decompress1                            0x08000161   Thumb Code    86  __dczerorl2.o(.text)
    ADD_TO_GROUP_0                           0x080001b7   Thumb Code     2  dali_functions.o(i.ADD_TO_GROUP_0)
    ADD_TO_GROUP_1                           0x080001b9   Thumb Code     2  dali_functions.o(i.ADD_TO_GROUP_1)
    ADD_TO_GROUP_10                          0x080001bb   Thumb Code     2  dali_functions.o(i.ADD_TO_GROUP_10)
    ADD_TO_GROUP_11                          0x080001bd   Thumb Code     2  dali_functions.o(i.ADD_TO_GROUP_11)
    ADD_TO_GROUP_12                          0x080001bf   Thumb Code     2  dali_functions.o(i.ADD_TO_GROUP_12)
    ADD_TO_GROUP_13                          0x080001c1   Thumb Code     2  dali_functions.o(i.ADD_TO_GROUP_13)
    ADD_TO_GROUP_14                          0x080001c3   Thumb Code     2  dali_functions.o(i.ADD_TO_GROUP_14)
    ADD_TO_GROUP_15                          0x080001c5   Thumb Code     2  dali_functions.o(i.ADD_TO_GROUP_15)
    ADD_TO_GROUP_2                           0x080001c7   Thumb Code     2  dali_functions.o(i.ADD_TO_GROUP_2)
    ADD_TO_GROUP_3                           0x080001c9   Thumb Code     2  dali_functions.o(i.ADD_TO_GROUP_3)
    ADD_TO_GROUP_4                           0x080001cb   Thumb Code     2  dali_functions.o(i.ADD_TO_GROUP_4)
    ADD_TO_GROUP_5                           0x080001cd   Thumb Code     2  dali_functions.o(i.ADD_TO_GROUP_5)
    ADD_TO_GROUP_6                           0x080001cf   Thumb Code     2  dali_functions.o(i.ADD_TO_GROUP_6)
    ADD_TO_GROUP_7                           0x080001d1   Thumb Code     2  dali_functions.o(i.ADD_TO_GROUP_7)
    ADD_TO_GROUP_8                           0x080001d3   Thumb Code     2  dali_functions.o(i.ADD_TO_GROUP_8)
    ADD_TO_GROUP_9                           0x080001d5   Thumb Code     2  dali_functions.o(i.ADD_TO_GROUP_9)
    BitTimer_overflow                        0x080001d9   Thumb Code    46  timing_functions.o(i.BitTimer_overflow)
    COMPARE                                  0x08000219   Thumb Code     2  dali_functions.o(i.COMPARE)
    DAPC                                     0x0800021b   Thumb Code     2  dali_functions.o(i.DAPC)
    DOWN_command                             0x0800021d   Thumb Code     2  dali_functions.o(i.DOWN_command)
    DTR0_LOAD                                0x0800021f   Thumb Code     2  dali_functions.o(i.DTR0_LOAD)
    DTR1_LOAD                                0x08000221   Thumb Code     2  dali_functions.o(i.DTR1_LOAD)
    DTR2_LOAD                                0x08000223   Thumb Code     2  dali_functions.o(i.DTR2_LOAD)
    ENABLE_DAPC_SEQUENCE                     0x08000225   Thumb Code     2  dali_functions.o(i.ENABLE_DAPC_SEQUENCE)
    ENABLE_DEVICE_TYPE                       0x08000227   Thumb Code     2  dali_functions.o(i.ENABLE_DEVICE_TYPE)
    ENABLE_WRITE_MEMORY                      0x08000229   Thumb Code     2  dali_functions.o(i.ENABLE_WRITE_MEMORY)
    EXTI4_15_IRQHandler                      0x0800022b   Thumb Code    14  stm32g0xx_it.o(i.EXTI4_15_IRQHandler)
    FrameTimer_overflow                      0x08000239   Thumb Code    34  timing_functions.o(i.FrameTimer_overflow)
    GO_TO_LAST_ACTIVE_LEVEL                  0x08000269   Thumb Code     2  dali_functions.o(i.GO_TO_LAST_ACTIVE_LEVEL)
    GO_TO_SCENE_0                            0x0800026b   Thumb Code     2  dali_functions.o(i.GO_TO_SCENE_0)
    GO_TO_SCENE_1                            0x0800026d   Thumb Code     2  dali_functions.o(i.GO_TO_SCENE_1)
    GO_TO_SCENE_10                           0x0800026f   Thumb Code     2  dali_functions.o(i.GO_TO_SCENE_10)
    GO_TO_SCENE_11                           0x08000271   Thumb Code     2  dali_functions.o(i.GO_TO_SCENE_11)
    GO_TO_SCENE_12                           0x08000273   Thumb Code     2  dali_functions.o(i.GO_TO_SCENE_12)
    GO_TO_SCENE_13                           0x08000275   Thumb Code     2  dali_functions.o(i.GO_TO_SCENE_13)
    GO_TO_SCENE_14                           0x08000277   Thumb Code     2  dali_functions.o(i.GO_TO_SCENE_14)
    GO_TO_SCENE_15                           0x08000279   Thumb Code     2  dali_functions.o(i.GO_TO_SCENE_15)
    GO_TO_SCENE_2                            0x0800027b   Thumb Code     2  dali_functions.o(i.GO_TO_SCENE_2)
    GO_TO_SCENE_3                            0x0800027d   Thumb Code     2  dali_functions.o(i.GO_TO_SCENE_3)
    GO_TO_SCENE_4                            0x0800027f   Thumb Code     2  dali_functions.o(i.GO_TO_SCENE_4)
    GO_TO_SCENE_5                            0x08000281   Thumb Code     2  dali_functions.o(i.GO_TO_SCENE_5)
    GO_TO_SCENE_6                            0x08000283   Thumb Code     2  dali_functions.o(i.GO_TO_SCENE_6)
    GO_TO_SCENE_7                            0x08000285   Thumb Code     2  dali_functions.o(i.GO_TO_SCENE_7)
    GO_TO_SCENE_8                            0x08000287   Thumb Code     2  dali_functions.o(i.GO_TO_SCENE_8)
    GO_TO_SCENE_9                            0x08000289   Thumb Code     2  dali_functions.o(i.GO_TO_SCENE_9)
    HAL_GPIO_EXTI_Falling_Callback           0x0800028b   Thumb Code     2  stm32g0xx_hal_gpio.o(i.HAL_GPIO_EXTI_Falling_Callback)
    HAL_GPIO_EXTI_IRQHandler                 0x0800028d   Thumb Code    36  stm32g0xx_hal_gpio.o(i.HAL_GPIO_EXTI_IRQHandler)
    HAL_GPIO_EXTI_Rising_Callback            0x080002b5   Thumb Code     2  stm32g0xx_hal_gpio.o(i.HAL_GPIO_EXTI_Rising_Callback)
    HAL_GPIO_Init                            0x080002b9   Thumb Code   330  stm32g0xx_hal_gpio.o(i.HAL_GPIO_Init)
    HAL_GPIO_ReadPin                         0x08000415   Thumb Code    10  stm32g0xx_hal_gpio.o(i.HAL_GPIO_ReadPin)
    HAL_GPIO_WritePin                        0x0800041f   Thumb Code    12  stm32g0xx_hal_gpio.o(i.HAL_GPIO_WritePin)
    HAL_GetTick                              0x0800042d   Thumb Code     6  stm32g0xx_hal.o(i.HAL_GetTick)
    HAL_IncTick                              0x08000439   Thumb Code    12  stm32g0xx_hal.o(i.HAL_IncTick)
    HAL_Init                                 0x08000449   Thumb Code    36  stm32g0xx_hal.o(i.HAL_Init)
    HAL_InitTick                             0x08000471   Thumb Code    64  stm32g0xx_hal.o(i.HAL_InitTick)
    HAL_MspInit                              0x080004b9   Thumb Code    46  stm32g0xx_hal_msp.o(i.HAL_MspInit)
    HAL_NVIC_EnableIRQ                       0x080004ed   Thumb Code    18  stm32g0xx_hal_cortex.o(i.HAL_NVIC_EnableIRQ)
    HAL_NVIC_SetPriority                     0x08000505   Thumb Code     8  stm32g0xx_hal_cortex.o(i.HAL_NVIC_SetPriority)
    HAL_PWREx_ControlVoltageScaling          0x0800050d   Thumb Code    62  stm32g0xx_hal_pwr_ex.o(i.HAL_PWREx_ControlVoltageScaling)
    HAL_RCCEx_PeriphCLKConfig                0x08000559   Thumb Code   338  stm32g0xx_hal_rcc_ex.o(i.HAL_RCCEx_PeriphCLKConfig)
    HAL_RCC_ClockConfig                      0x080006b9   Thumb Code   318  stm32g0xx_hal_rcc.o(i.HAL_RCC_ClockConfig)
    HAL_RCC_GetPCLK1Freq                     0x08000811   Thumb Code    26  stm32g0xx_hal_rcc.o(i.HAL_RCC_GetPCLK1Freq)
    HAL_RCC_GetSysClockFreq                  0x08000839   Thumb Code   130  stm32g0xx_hal_rcc.o(i.HAL_RCC_GetSysClockFreq)
    HAL_RCC_OscConfig                        0x080008c5   Thumb Code   954  stm32g0xx_hal_rcc.o(i.HAL_RCC_OscConfig)
    HAL_SYSCFG_StrobeDBattpinsConfig         0x08000ca5   Thumb Code    16  stm32g0xx_hal.o(i.HAL_SYSCFG_StrobeDBattpinsConfig)
    HAL_SYSTICK_Config                       0x08000cb9   Thumb Code    38  stm32g0xx_hal_cortex.o(i.HAL_SYSTICK_Config)
    HAL_TIMEx_Break2Callback                 0x08000ce9   Thumb Code     2  stm32g0xx_hal_tim_ex.o(i.HAL_TIMEx_Break2Callback)
    HAL_TIMEx_BreakCallback                  0x08000ceb   Thumb Code     2  stm32g0xx_hal_tim_ex.o(i.HAL_TIMEx_BreakCallback)
    HAL_TIMEx_CommutCallback                 0x08000ced   Thumb Code     2  stm32g0xx_hal_tim_ex.o(i.HAL_TIMEx_CommutCallback)
    HAL_TIMEx_MasterConfigSynchronization    0x08000cf1   Thumb Code    96  stm32g0xx_hal_tim_ex.o(i.HAL_TIMEx_MasterConfigSynchronization)
    HAL_TIM_Base_Init                        0x08000d5d   Thumb Code    76  stm32g0xx_hal_tim.o(i.HAL_TIM_Base_Init)
    HAL_TIM_Base_MspInit                     0x08000da9   Thumb Code   116  stm32g0xx_hal_msp.o(i.HAL_TIM_Base_MspInit)
    HAL_TIM_Base_Start_IT                    0x08000e2d   Thumb Code    74  stm32g0xx_hal_tim.o(i.HAL_TIM_Base_Start_IT)
    HAL_TIM_Base_Stop_IT                     0x08000e89   Thumb Code    46  stm32g0xx_hal_tim.o(i.HAL_TIM_Base_Stop_IT)
    HAL_TIM_ConfigClockSource                0x08000ebd   Thumb Code   210  stm32g0xx_hal_tim.o(i.HAL_TIM_ConfigClockSource)
    HAL_TIM_IC_CaptureCallback               0x08000f95   Thumb Code     2  stm32g0xx_hal_tim.o(i.HAL_TIM_IC_CaptureCallback)
    HAL_TIM_IRQHandler                       0x08000f99   Thumb Code   382  stm32g0xx_hal_tim.o(i.HAL_TIM_IRQHandler)
    HAL_TIM_OC_DelayElapsedCallback          0x0800111d   Thumb Code     2  stm32g0xx_hal_tim.o(i.HAL_TIM_OC_DelayElapsedCallback)
    HAL_TIM_PWM_PulseFinishedCallback        0x0800111f   Thumb Code     2  stm32g0xx_hal_tim.o(i.HAL_TIM_PWM_PulseFinishedCallback)
    HAL_TIM_PeriodElapsedCallback            0x08001121   Thumb Code     2  stm32g0xx_hal_tim.o(i.HAL_TIM_PeriodElapsedCallback)
    HAL_TIM_TriggerCallback                  0x08001123   Thumb Code     2  stm32g0xx_hal_tim.o(i.HAL_TIM_TriggerCallback)
    HAL_UARTEx_DisableFifoMode               0x08001125   Thumb Code    60  stm32g0xx_hal_uart_ex.o(i.HAL_UARTEx_DisableFifoMode)
    HAL_UARTEx_SetRxFifoThreshold            0x08001161   Thumb Code    72  stm32g0xx_hal_uart_ex.o(i.HAL_UARTEx_SetRxFifoThreshold)
    HAL_UARTEx_SetTxFifoThreshold            0x080011a9   Thumb Code    70  stm32g0xx_hal_uart_ex.o(i.HAL_UARTEx_SetTxFifoThreshold)
    HAL_UART_Init                            0x080011ef   Thumb Code   108  stm32g0xx_hal_uart.o(i.HAL_UART_Init)
    HAL_UART_MspInit                         0x0800125d   Thumb Code    84  stm32g0xx_hal_msp.o(i.HAL_UART_MspInit)
    HalfBitHandler                           0x080012b9   Thumb Code    22  edge_detection.o(i.HalfBitHandler)
    HalfBitStorage                           0x080012d5   Thumb Code    28  edge_detection.o(i.HalfBitStorage)
    HalfBit_init                             0x080012f9   Thumb Code    12  edge_detection.o(i.HalfBit_init)
    HardFault_Handler                        0x08001309   Thumb Code     2  stm32g0xx_it.o(i.HardFault_Handler)
    IDENTIFY_DEVICE                          0x0800130b   Thumb Code     2  dali_functions.o(i.IDENTIFY_DEVICE)
    INITIALISE                               0x0800130d   Thumb Code     2  dali_functions.o(i.INITIALISE)
    NMI_Handler                              0x0800149d   Thumb Code     2  stm32g0xx_it.o(i.NMI_Handler)
    NO_COMMAND_DEFINED                       0x0800149f   Thumb Code     4  dali_functions.o(i.NO_COMMAND_DEFINED)
    OFF_command                              0x080014a3   Thumb Code    16  dali_functions.o(i.OFF_command)
    ON_N_STEP_UP                             0x080014b3   Thumb Code     2  dali_functions.o(i.ON_N_STEP_UP)
    PING                                     0x080014b5   Thumb Code     2  dali_functions.o(i.PING)
    PROGRAM_SHORT_ADDR                       0x080014b7   Thumb Code     2  dali_functions.o(i.PROGRAM_SHORT_ADDR)
    PendSV_Handler                           0x080014b9   Thumb Code     2  stm32g0xx_it.o(i.PendSV_Handler)
    QUERY_ACTUAL_LEVEL                       0x080014bb   Thumb Code     2  dali_functions.o(i.QUERY_ACTUAL_LEVEL)
    QUERY_CONTENT_DRT1                       0x080014bd   Thumb Code     2  dali_functions.o(i.QUERY_CONTENT_DRT1)
    QUERY_CONTENT_DRT2                       0x080014bf   Thumb Code     2  dali_functions.o(i.QUERY_CONTENT_DRT2)
    QUERY_CONTENT_DTR0                       0x080014c1   Thumb Code     2  dali_functions.o(i.QUERY_CONTENT_DTR0)
    QUERY_CONTROL_GEAR_FAILURE               0x080014c3   Thumb Code     2  dali_functions.o(i.QUERY_CONTROL_GEAR_FAILURE)
    QUERY_CONTROL_GEAR_PRESENT               0x080014c5   Thumb Code     2  dali_functions.o(i.QUERY_CONTROL_GEAR_PRESENT)
    QUERY_DEVICE_TYPE                        0x080014c7   Thumb Code     2  dali_functions.o(i.QUERY_DEVICE_TYPE)
    QUERY_EXTENDED_FADE_TIME                 0x080014c9   Thumb Code     2  dali_functions.o(i.QUERY_EXTENDED_FADE_TIME)
    QUERY_FADE_TIME_RATE                     0x080014cb   Thumb Code     2  dali_functions.o(i.QUERY_FADE_TIME_RATE)
    QUERY_GROUPS_0_7                         0x080014cd   Thumb Code     2  dali_functions.o(i.QUERY_GROUPS_0_7)
    QUERY_GROUPS_8_15                        0x080014cf   Thumb Code     2  dali_functions.o(i.QUERY_GROUPS_8_15)
    QUERY_LAMP_FAILURE                       0x080014d1   Thumb Code     2  dali_functions.o(i.QUERY_LAMP_FAILURE)
    QUERY_LAMP_POWER_ON                      0x080014d3   Thumb Code     2  dali_functions.o(i.QUERY_LAMP_POWER_ON)
    QUERY_LIGHT_SOUERCE_TYPE                 0x080014d5   Thumb Code     2  dali_functions.o(i.QUERY_LIGHT_SOUERCE_TYPE)
    QUERY_LIMIT_ERROR                        0x080014d7   Thumb Code     2  dali_functions.o(i.QUERY_LIMIT_ERROR)
    QUERY_MANUFACTURER_SPECIFIC_MODE         0x080014d9   Thumb Code     2  dali_functions.o(i.QUERY_MANUFACTURER_SPECIFIC_MODE)
    QUERY_MAX_LEVEL                          0x080014db   Thumb Code     2  dali_functions.o(i.QUERY_MAX_LEVEL)
    QUERY_MIN_LEVEL                          0x080014dd   Thumb Code     2  dali_functions.o(i.QUERY_MIN_LEVEL)
    QUERY_MISSING_SHORT_ADDRESS              0x080014df   Thumb Code     2  dali_functions.o(i.QUERY_MISSING_SHORT_ADDRESS)
    QUERY_NEXT_DEVICE_TYPE                   0x080014e1   Thumb Code     2  dali_functions.o(i.QUERY_NEXT_DEVICE_TYPE)
    QUERY_OPERATING_MODE                     0x080014e3   Thumb Code     2  dali_functions.o(i.QUERY_OPERATING_MODE)
    QUERY_PHYSICAL_MINIMUM                   0x080014e5   Thumb Code     2  dali_functions.o(i.QUERY_PHYSICAL_MINIMUM)
    QUERY_POWER_FAILURE                      0x080014e7   Thumb Code     2  dali_functions.o(i.QUERY_POWER_FAILURE)
    QUERY_POWER_ON_LEVEL                     0x080014e9   Thumb Code     2  dali_functions.o(i.QUERY_POWER_ON_LEVEL)
    QUERY_RANDOM_ADDR_H                      0x080014eb   Thumb Code     2  dali_functions.o(i.QUERY_RANDOM_ADDR_H)
    QUERY_RANDOM_ADDR_L                      0x080014ed   Thumb Code     2  dali_functions.o(i.QUERY_RANDOM_ADDR_L)
    QUERY_RANDOM_ADDR_M                      0x080014ef   Thumb Code     2  dali_functions.o(i.QUERY_RANDOM_ADDR_M)
    QUERY_READ_MEM_LOCATION                  0x080014f1   Thumb Code     2  dali_functions.o(i.QUERY_READ_MEM_LOCATION)
    QUERY_RESET_STATE                        0x080014f3   Thumb Code     2  dali_functions.o(i.QUERY_RESET_STATE)
    QUERY_SCENE_0_LEVEL                      0x080014f5   Thumb Code     2  dali_functions.o(i.QUERY_SCENE_0_LEVEL)
    QUERY_SCENE_10_LEVEL                     0x080014f7   Thumb Code     2  dali_functions.o(i.QUERY_SCENE_10_LEVEL)
    QUERY_SCENE_11_LEVEL                     0x080014f9   Thumb Code     2  dali_functions.o(i.QUERY_SCENE_11_LEVEL)
    QUERY_SCENE_12_LEVEL                     0x080014fb   Thumb Code     2  dali_functions.o(i.QUERY_SCENE_12_LEVEL)
    QUERY_SCENE_13_LEVEL                     0x080014fd   Thumb Code     2  dali_functions.o(i.QUERY_SCENE_13_LEVEL)
    QUERY_SCENE_14_LEVEL                     0x080014ff   Thumb Code     2  dali_functions.o(i.QUERY_SCENE_14_LEVEL)
    QUERY_SCENE_15_LEVEL                     0x08001501   Thumb Code     2  dali_functions.o(i.QUERY_SCENE_15_LEVEL)
    QUERY_SCENE_1_LEVEL                      0x08001503   Thumb Code     2  dali_functions.o(i.QUERY_SCENE_1_LEVEL)
    QUERY_SCENE_2_LEVEL                      0x08001505   Thumb Code     2  dali_functions.o(i.QUERY_SCENE_2_LEVEL)
    QUERY_SCENE_3_LEVEL                      0x08001507   Thumb Code     2  dali_functions.o(i.QUERY_SCENE_3_LEVEL)
    QUERY_SCENE_4_LEVEL                      0x08001509   Thumb Code     2  dali_functions.o(i.QUERY_SCENE_4_LEVEL)
    QUERY_SCENE_5_LEVEL                      0x0800150b   Thumb Code     2  dali_functions.o(i.QUERY_SCENE_5_LEVEL)
    QUERY_SCENE_6_LEVEL                      0x0800150d   Thumb Code     2  dali_functions.o(i.QUERY_SCENE_6_LEVEL)
    QUERY_SCENE_7_LEVEL                      0x0800150f   Thumb Code     2  dali_functions.o(i.QUERY_SCENE_7_LEVEL)
    QUERY_SCENE_8_LEVEL                      0x08001511   Thumb Code     2  dali_functions.o(i.QUERY_SCENE_8_LEVEL)
    QUERY_SCENE_9_LEVEL                      0x08001513   Thumb Code     2  dali_functions.o(i.QUERY_SCENE_9_LEVEL)
    QUERY_SHORT_ADDR                         0x08001515   Thumb Code     2  dali_functions.o(i.QUERY_SHORT_ADDR)
    QUERY_STATUS                             0x08001517   Thumb Code     2  dali_functions.o(i.QUERY_STATUS)
    QUERY_SYSTEM_FAILURA_LEVEL               0x08001519   Thumb Code     2  dali_functions.o(i.QUERY_SYSTEM_FAILURA_LEVEL)
    QUERY_VERSION_NUMBER                     0x0800151b   Thumb Code     2  dali_functions.o(i.QUERY_VERSION_NUMBER)
    RANDOMISE                                0x0800151d   Thumb Code     2  dali_functions.o(i.RANDOMISE)
    RECALL_MAX_LEVEL                         0x0800151f   Thumb Code    16  dali_functions.o(i.RECALL_MAX_LEVEL)
    RECALL_MIN_LEVEL                         0x0800152f   Thumb Code     2  dali_functions.o(i.RECALL_MIN_LEVEL)
    REMOVE_FROM_GROUP_0                      0x08001531   Thumb Code     2  dali_functions.o(i.REMOVE_FROM_GROUP_0)
    REMOVE_FROM_GROUP_1                      0x08001533   Thumb Code     2  dali_functions.o(i.REMOVE_FROM_GROUP_1)
    REMOVE_FROM_GROUP_10                     0x08001535   Thumb Code     2  dali_functions.o(i.REMOVE_FROM_GROUP_10)
    REMOVE_FROM_GROUP_11                     0x08001537   Thumb Code     2  dali_functions.o(i.REMOVE_FROM_GROUP_11)
    REMOVE_FROM_GROUP_12                     0x08001539   Thumb Code     2  dali_functions.o(i.REMOVE_FROM_GROUP_12)
    REMOVE_FROM_GROUP_13                     0x0800153b   Thumb Code     2  dali_functions.o(i.REMOVE_FROM_GROUP_13)
    REMOVE_FROM_GROUP_14                     0x0800153d   Thumb Code     2  dali_functions.o(i.REMOVE_FROM_GROUP_14)
    REMOVE_FROM_GROUP_15                     0x0800153f   Thumb Code     2  dali_functions.o(i.REMOVE_FROM_GROUP_15)
    REMOVE_FROM_GROUP_2                      0x08001541   Thumb Code     2  dali_functions.o(i.REMOVE_FROM_GROUP_2)
    REMOVE_FROM_GROUP_3                      0x08001543   Thumb Code     2  dali_functions.o(i.REMOVE_FROM_GROUP_3)
    REMOVE_FROM_GROUP_4                      0x08001545   Thumb Code     2  dali_functions.o(i.REMOVE_FROM_GROUP_4)
    REMOVE_FROM_GROUP_5                      0x08001547   Thumb Code     2  dali_functions.o(i.REMOVE_FROM_GROUP_5)
    REMOVE_FROM_GROUP_6                      0x08001549   Thumb Code     2  dali_functions.o(i.REMOVE_FROM_GROUP_6)
    REMOVE_FROM_GROUP_7                      0x0800154b   Thumb Code     2  dali_functions.o(i.REMOVE_FROM_GROUP_7)
    REMOVE_FROM_GROUP_8                      0x0800154d   Thumb Code     2  dali_functions.o(i.REMOVE_FROM_GROUP_8)
    REMOVE_FROM_GROUP_9                      0x0800154f   Thumb Code     2  dali_functions.o(i.REMOVE_FROM_GROUP_9)
    REMOVE_FROM_SCENE_0                      0x08001551   Thumb Code     2  dali_functions.o(i.REMOVE_FROM_SCENE_0)
    REMOVE_FROM_SCENE_1                      0x08001553   Thumb Code     2  dali_functions.o(i.REMOVE_FROM_SCENE_1)
    REMOVE_FROM_SCENE_10                     0x08001555   Thumb Code     2  dali_functions.o(i.REMOVE_FROM_SCENE_10)
    REMOVE_FROM_SCENE_11                     0x08001557   Thumb Code     2  dali_functions.o(i.REMOVE_FROM_SCENE_11)
    REMOVE_FROM_SCENE_12                     0x08001559   Thumb Code     2  dali_functions.o(i.REMOVE_FROM_SCENE_12)
    REMOVE_FROM_SCENE_13                     0x0800155b   Thumb Code     2  dali_functions.o(i.REMOVE_FROM_SCENE_13)
    REMOVE_FROM_SCENE_14                     0x0800155d   Thumb Code     2  dali_functions.o(i.REMOVE_FROM_SCENE_14)
    REMOVE_FROM_SCENE_15                     0x0800155f   Thumb Code     2  dali_functions.o(i.REMOVE_FROM_SCENE_15)
    REMOVE_FROM_SCENE_2                      0x08001561   Thumb Code     2  dali_functions.o(i.REMOVE_FROM_SCENE_2)
    REMOVE_FROM_SCENE_3                      0x08001563   Thumb Code     2  dali_functions.o(i.REMOVE_FROM_SCENE_3)
    REMOVE_FROM_SCENE_4                      0x08001565   Thumb Code     2  dali_functions.o(i.REMOVE_FROM_SCENE_4)
    REMOVE_FROM_SCENE_5                      0x08001567   Thumb Code     2  dali_functions.o(i.REMOVE_FROM_SCENE_5)
    REMOVE_FROM_SCENE_6                      0x08001569   Thumb Code     2  dali_functions.o(i.REMOVE_FROM_SCENE_6)
    REMOVE_FROM_SCENE_7                      0x0800156b   Thumb Code     2  dali_functions.o(i.REMOVE_FROM_SCENE_7)
    REMOVE_FROM_SCENE_8                      0x0800156d   Thumb Code     2  dali_functions.o(i.REMOVE_FROM_SCENE_8)
    REMOVE_FROM_SCENE_9                      0x0800156f   Thumb Code     2  dali_functions.o(i.REMOVE_FROM_SCENE_9)
    RESET_MEMORY_BANK                        0x08001571   Thumb Code     2  dali_functions.o(i.RESET_MEMORY_BANK)
    RESET_command                            0x08001573   Thumb Code     2  dali_functions.o(i.RESET_command)
    SAVE_PERSISTENT_VARIABLES                0x08001575   Thumb Code     2  dali_functions.o(i.SAVE_PERSISTENT_VARIABLES)
    SEARCHADDRH                              0x08001577   Thumb Code     2  dali_functions.o(i.SEARCHADDRH)
    SEARCHADDRL                              0x08001579   Thumb Code     2  dali_functions.o(i.SEARCHADDRL)
    SEARCHADDRM                              0x0800157b   Thumb Code     2  dali_functions.o(i.SEARCHADDRM)
    SET_EXTENDED_FADE_RATE                   0x0800157d   Thumb Code     2  dali_functions.o(i.SET_EXTENDED_FADE_RATE)
    SET_FADE_RATE                            0x0800157f   Thumb Code     2  dali_functions.o(i.SET_FADE_RATE)
    SET_FADE_TIME                            0x08001581   Thumb Code     2  dali_functions.o(i.SET_FADE_TIME)
    SET_MAX_LEVEL                            0x08001583   Thumb Code     2  dali_functions.o(i.SET_MAX_LEVEL)
    SET_MIN_LEVEL                            0x08001585   Thumb Code     2  dali_functions.o(i.SET_MIN_LEVEL)
    SET_OPERATING_MODE                       0x08001587   Thumb Code     2  dali_functions.o(i.SET_OPERATING_MODE)
    SET_POWER_ON_LEVEL                       0x08001589   Thumb Code     2  dali_functions.o(i.SET_POWER_ON_LEVEL)
    SET_SCENE_0                              0x0800158b   Thumb Code     2  dali_functions.o(i.SET_SCENE_0)
    SET_SCENE_1                              0x0800158d   Thumb Code     2  dali_functions.o(i.SET_SCENE_1)
    SET_SCENE_10                             0x0800158f   Thumb Code     2  dali_functions.o(i.SET_SCENE_10)
    SET_SCENE_11                             0x08001591   Thumb Code     2  dali_functions.o(i.SET_SCENE_11)
    SET_SCENE_12                             0x08001593   Thumb Code     2  dali_functions.o(i.SET_SCENE_12)
    SET_SCENE_13                             0x08001595   Thumb Code     2  dali_functions.o(i.SET_SCENE_13)
    SET_SCENE_14                             0x08001597   Thumb Code     2  dali_functions.o(i.SET_SCENE_14)
    SET_SCENE_15                             0x08001599   Thumb Code     2  dali_functions.o(i.SET_SCENE_15)
    SET_SCENE_2                              0x0800159b   Thumb Code     2  dali_functions.o(i.SET_SCENE_2)
    SET_SCENE_3                              0x0800159d   Thumb Code     2  dali_functions.o(i.SET_SCENE_3)
    SET_SCENE_4                              0x0800159f   Thumb Code     2  dali_functions.o(i.SET_SCENE_4)
    SET_SCENE_5                              0x080015a1   Thumb Code     2  dali_functions.o(i.SET_SCENE_5)
    SET_SCENE_6                              0x080015a3   Thumb Code     2  dali_functions.o(i.SET_SCENE_6)
    SET_SCENE_7                              0x080015a5   Thumb Code     2  dali_functions.o(i.SET_SCENE_7)
    SET_SCENE_8                              0x080015a7   Thumb Code     2  dali_functions.o(i.SET_SCENE_8)
    SET_SCENE_9                              0x080015a9   Thumb Code     2  dali_functions.o(i.SET_SCENE_9)
    SET_SHORT_ADDRESS                        0x080015ab   Thumb Code     2  dali_functions.o(i.SET_SHORT_ADDRESS)
    SET_SYSTEM_FAILURE_LEVEL                 0x080015ad   Thumb Code     2  dali_functions.o(i.SET_SYSTEM_FAILURE_LEVEL)
    STEP_DOWN                                0x080015af   Thumb Code     2  dali_functions.o(i.STEP_DOWN)
    STEP_DOWN_N_OFF                          0x080015b1   Thumb Code     2  dali_functions.o(i.STEP_DOWN_N_OFF)
    STEP_UP                                  0x080015b3   Thumb Code     2  dali_functions.o(i.STEP_UP)
    STORE_ACTUAL_LEVEL_IN_DTR0               0x080015b5   Thumb Code     2  dali_functions.o(i.STORE_ACTUAL_LEVEL_IN_DTR0)
    SVC_Handler                              0x080015b7   Thumb Code     2  stm32g0xx_it.o(i.SVC_Handler)
    SysTick_Handler                          0x080015b9   Thumb Code     8  stm32g0xx_it.o(i.SysTick_Handler)
    SystemClock_Config                       0x080015c1   Thumb Code   116  main.o(i.SystemClock_Config)
    SystemInit                               0x08001635   Thumb Code    10  system_stm32g0xx.o(i.SystemInit)
    TERMINATE                                0x08001645   Thumb Code     2  dali_functions.o(i.TERMINATE)
    TIM14_IRQHandler                         0x08001649   Thumb Code    14  stm32g0xx_it.o(i.TIM14_IRQHandler)
    TIM3_IRQHandler                          0x0800165d   Thumb Code    14  stm32g0xx_it.o(i.TIM3_IRQHandler)
    TIM6_IRQHandler                          0x08001671   Thumb Code    10  stm32g0xx_it.o(i.TIM6_IRQHandler)
    TIM_Base_SetConfig                       0x08001681   Thumb Code   112  stm32g0xx_hal_tim.o(i.TIM_Base_SetConfig)
    TIM_ETR_SetConfig                        0x08001709   Thumb Code    22  stm32g0xx_hal_tim.o(i.TIM_ETR_SetConfig)
    TimingErrorHandler                       0x0800177d   Thumb Code     8  timing_functions.o(i.TimingErrorHandler)
    UART_AdvFeatureConfig                    0x080017e9   Thumb Code   202  stm32g0xx_hal_uart.o(i.UART_AdvFeatureConfig)
    UART_CheckIdleState                      0x080018b5   Thumb Code    94  stm32g0xx_hal_uart.o(i.UART_CheckIdleState)
    UART_SetConfig                           0x08001919   Thumb Code   366  stm32g0xx_hal_uart.o(i.UART_SetConfig)
    UART_WaitOnFlagUntilTimeout              0x08001ab1   Thumb Code   156  stm32g0xx_hal_uart.o(i.UART_WaitOnFlagUntilTimeout)
    UP_command                               0x08001b4d   Thumb Code     2  dali_functions.o(i.UP_command)
    VERIFY_SHORT_ADDR                        0x08001b4f   Thumb Code     2  dali_functions.o(i.VERIFY_SHORT_ADDR)
    WITHDRAW                                 0x08001b51   Thumb Code     2  dali_functions.o(i.WITHDRAW)
    WRITE_MEM_LOCATION                       0x08001b53   Thumb Code     2  dali_functions.o(i.WRITE_MEM_LOCATION)
    WRITE_MEM_LOCATION_NO_REPLY              0x08001b55   Thumb Code     2  dali_functions.o(i.WRITE_MEM_LOCATION_NO_REPLY)
    __scatterload_copy                       0x08001b9d   Thumb Code    14  handlers.o(i.__scatterload_copy)
    __scatterload_null                       0x08001bab   Thumb Code     2  handlers.o(i.__scatterload_null)
    __scatterload_zeroinit                   0x08001bad   Thumb Code    14  handlers.o(i.__scatterload_zeroinit)
    bus_status_fall_edge                     0x08001bbd   Thumb Code    24  bus_conditions.o(i.bus_status_fall_edge)
    bus_status_stop                          0x08001bd9   Thumb Code    18  bus_conditions.o(i.bus_status_stop)
    check_address                            0x08001bf5   Thumb Code   100  frame_processing.o(i.check_address)
    check_command                            0x08001c65   Thumb Code    44  frame_processing.o(i.check_command)
    edgeHandler                              0x08001c99   Thumb Code   134  edge_detection.o(i.edgeHandler)
    main                                     0x08001d35   Thumb Code   112  main.o(i.main)
    power_down_handler                       0x08001db5   Thumb Code    16  bus_conditions.o(i.power_down_handler)
    processRxFrame                           0x08001dcd   Thumb Code   280  frame_processing.o(i.processRxFrame)
    receive_edge                             0x08001ef1   Thumb Code   118  edge_detection.o(i.receive_edge)
    start_FrameTimer                         0x08001f7d   Thumb Code    32  timing_functions.o(i.start_FrameTimer)
    stop_BitTimer                            0x08001fa1   Thumb Code    10  timing_functions.o(i.stop_BitTimer)
    stop_FrameTimer                          0x08001fb1   Thumb Code    10  timing_functions.o(i.stop_FrameTimer)
    stop_condition_handler                   0x08001fc1   Thumb Code    14  bus_conditions.o(i.stop_condition_handler)
    system_failure_handler                   0x08001fd5   Thumb Code     8  bus_conditions.o(i.system_failure_handler)
    UARTPrescTable                           0x08001fe0   Data          24  stm32g0xx_hal_uart.o(.constdata)
    AHBPrescTable                            0x08001ff8   Data          64  system_stm32g0xx.o(.constdata)
    APBPrescTable                            0x08002038   Data          32  system_stm32g0xx.o(.constdata)
    Region$$Table$$Base                      0x08002058   Number         0  anon$$obj.o(Region$$Table)
    Region$$Table$$Limit                     0x08002078   Number         0  anon$$obj.o(Region$$Table)
    uwTickFreq                               0x20000000   Data           1  stm32g0xx_hal.o(.data)
    uwTickPrio                               0x20000004   Data           4  stm32g0xx_hal.o(.data)
    uwTick                                   0x20000008   Data           4  stm32g0xx_hal.o(.data)
    SystemCoreClock                          0x2000000c   Data           4  system_stm32g0xx.o(.data)
    _edgeType                                0x20000010   Data           1  edge_detection.o(.data)
    _postedgeValue                           0x20000011   Data           1  edge_detection.o(.data)
    _preedgeValue                            0x20000012   Data           1  edge_detection.o(.data)
    _edgePosition                            0x20000013   Data           1  edge_detection.o(.data)
    _lineStatus                              0x20000014   Data           1  edge_detection.o(.data)
    _halfbit_count                           0x20000016   Data           2  edge_detection.o(.data)
    _timervalue                              0x20000018   Data           4  edge_detection.o(.data)
    _timingerror                             0x2000001c   Data           1  timing_functions.o(.data)
    _powerdown                               0x2000001d   Data           1  bus_conditions.o(.data)
    bus_status                               0x2000001e   Data           1  bus_conditions.o(.data)
    send_twice_frame                         0x20000020   Data           1  frame_processing.o(.data)
    S_bit                                    0x20000021   Data           1  frame_processing.o(.data)
    rx_bits                                  0x20000022   Data           2  frame_processing.o(.data)
    rx_buffer                                0x20000024   Data           6  frame_processing.o(.data)
    gearGroups                               0x2000002a   Data           2  dali_variables.o(.data)
    shortAddress                             0x2000002c   Data           2  dali_variables.o(.data)
    dali_cmd_execute                         0x20000030   Data         792  dali_variables.o(.data)
    dali_special_cmd_execute                 0x20000348   Data          72  dali_variables.o(.data)
    htim3                                    0x20000390   Data          76  main.o(.bss)
    htim6                                    0x200003dc   Data          76  main.o(.bss)
    htim14                                   0x20000428   Data          76  main.o(.bss)
    huart2                                   0x20000474   Data         144  main.o(.bss)
    _HB_EdgeValue                            0x20000504   Data         256  edge_detection.o(.bss)
    _HB_TimeValue                            0x20000604   Data         256  edge_detection.o(.bss)
    __initial_sp                             0x20000b08   Data           0  startup_stm32g070xx.o(STACK)



==============================================================================

Memory Map of the image

  Image Entry point : 0x080000b9

  Load Region LR_IROM1 (Base: 0x08000000, Size: 0x00002408, Max: 0x00020000, ABSOLUTE, COMPRESSED[0x000022a4])

    Execution Region ER_IROM1 (Exec base: 0x08000000, Load base: 0x08000000, Size: 0x00002078, Max: 0x00020000, ABSOLUTE)

    Exec Addr    Load Addr    Size         Type   Attr      Idx    E Section Name        Object

    0x08000000   0x08000000   0x000000b8   Data   RO            3    RESET               startup_stm32g070xx.o
    0x080000b8   0x080000b8   0x00000000   Code   RO         4328  * .ARM.Collect$$$$00000000  mc_p.l(entry.o)
    0x080000b8   0x080000b8   0x00000004   Code   RO         4335    .ARM.Collect$$$$00000001  mc_p.l(entry2.o)
    0x080000bc   0x080000bc   0x00000004   Code   RO         4338    .ARM.Collect$$$$00000004  mc_p.l(entry5.o)
    0x080000c0   0x080000c0   0x00000000   Code   RO         4340    .ARM.Collect$$$$00000008  mc_p.l(entry7b.o)
    0x080000c0   0x080000c0   0x00000000   Code   RO         4342    .ARM.Collect$$$$0000000A  mc_p.l(entry8b.o)
    0x080000c0   0x080000c0   0x00000008   Code   RO         4343    .ARM.Collect$$$$0000000B  mc_p.l(entry9a.o)
    0x080000c8   0x080000c8   0x00000004   Code   RO         4350    .ARM.Collect$$$$0000000E  mc_p.l(entry12b.o)
    0x080000cc   0x080000cc   0x00000000   Code   RO         4345    .ARM.Collect$$$$0000000F  mc_p.l(entry10a.o)
    0x080000cc   0x080000cc   0x00000000   Code   RO         4347    .ARM.Collect$$$$00000011  mc_p.l(entry11a.o)
    0x080000cc   0x080000cc   0x00000004   Code   RO         4336    .ARM.Collect$$$$00002712  mc_p.l(entry2.o)
    0x080000d0   0x080000d0   0x0000001c   Code   RO            4    .text               startup_stm32g070xx.o
    0x080000ec   0x080000ec   0x0000002c   Code   RO         4331    .text               mc_p.l(uidiv.o)
    0x08000118   0x08000118   0x00000024   Code   RO         4333    .text               mc_p.l(memseta.o)
    0x0800013c   0x0800013c   0x00000024   Code   RO         4351    .text               mc_p.l(init.o)
    0x08000160   0x08000160   0x00000056   Code   RO         4361    .text               mc_p.l(__dczerorl2.o)
    0x080001b6   0x080001b6   0x00000002   Code   RO         3227    i.ADD_TO_GROUP_0    dali_functions.o
    0x080001b8   0x080001b8   0x00000002   Code   RO         3228    i.ADD_TO_GROUP_1    dali_functions.o
    0x080001ba   0x080001ba   0x00000002   Code   RO         3229    i.ADD_TO_GROUP_10   dali_functions.o
    0x080001bc   0x080001bc   0x00000002   Code   RO         3230    i.ADD_TO_GROUP_11   dali_functions.o
    0x080001be   0x080001be   0x00000002   Code   RO         3231    i.ADD_TO_GROUP_12   dali_functions.o
    0x080001c0   0x080001c0   0x00000002   Code   RO         3232    i.ADD_TO_GROUP_13   dali_functions.o
    0x080001c2   0x080001c2   0x00000002   Code   RO         3233    i.ADD_TO_GROUP_14   dali_functions.o
    0x080001c4   0x080001c4   0x00000002   Code   RO         3234    i.ADD_TO_GROUP_15   dali_functions.o
    0x080001c6   0x080001c6   0x00000002   Code   RO         3235    i.ADD_TO_GROUP_2    dali_functions.o
    0x080001c8   0x080001c8   0x00000002   Code   RO         3236    i.ADD_TO_GROUP_3    dali_functions.o
    0x080001ca   0x080001ca   0x00000002   Code   RO         3237    i.ADD_TO_GROUP_4    dali_functions.o
    0x080001cc   0x080001cc   0x00000002   Code   RO         3238    i.ADD_TO_GROUP_5    dali_functions.o
    0x080001ce   0x080001ce   0x00000002   Code   RO         3239    i.ADD_TO_GROUP_6    dali_functions.o
    0x080001d0   0x080001d0   0x00000002   Code   RO         3240    i.ADD_TO_GROUP_7    dali_functions.o
    0x080001d2   0x080001d2   0x00000002   Code   RO         3241    i.ADD_TO_GROUP_8    dali_functions.o
    0x080001d4   0x080001d4   0x00000002   Code   RO         3242    i.ADD_TO_GROUP_9    dali_functions.o
    0x080001d6   0x080001d6   0x00000002   PAD
    0x080001d8   0x080001d8   0x00000040   Code   RO         3071    i.BitTimer_overflow  timing_functions.o
    0x08000218   0x08000218   0x00000002   Code   RO         3243    i.COMPARE           dali_functions.o
    0x0800021a   0x0800021a   0x00000002   Code   RO         3244    i.DAPC              dali_functions.o
    0x0800021c   0x0800021c   0x00000002   Code   RO         3245    i.DOWN_command      dali_functions.o
    0x0800021e   0x0800021e   0x00000002   Code   RO         3246    i.DTR0_LOAD         dali_functions.o
    0x08000220   0x08000220   0x00000002   Code   RO         3247    i.DTR1_LOAD         dali_functions.o
    0x08000222   0x08000222   0x00000002   Code   RO         3248    i.DTR2_LOAD         dali_functions.o
    0x08000224   0x08000224   0x00000002   Code   RO         3249    i.ENABLE_DAPC_SEQUENCE  dali_functions.o
    0x08000226   0x08000226   0x00000002   Code   RO         3250    i.ENABLE_DEVICE_TYPE  dali_functions.o
    0x08000228   0x08000228   0x00000002   Code   RO         3251    i.ENABLE_WRITE_MEMORY  dali_functions.o
    0x0800022a   0x0800022a   0x0000000e   Code   RO          188    i.EXTI4_15_IRQHandler  stm32g0xx_it.o
    0x08000238   0x08000238   0x00000030   Code   RO         3072    i.FrameTimer_overflow  timing_functions.o
    0x08000268   0x08000268   0x00000002   Code   RO         3252    i.GO_TO_LAST_ACTIVE_LEVEL  dali_functions.o
    0x0800026a   0x0800026a   0x00000002   Code   RO         3253    i.GO_TO_SCENE_0     dali_functions.o
    0x0800026c   0x0800026c   0x00000002   Code   RO         3254    i.GO_TO_SCENE_1     dali_functions.o
    0x0800026e   0x0800026e   0x00000002   Code   RO         3255    i.GO_TO_SCENE_10    dali_functions.o
    0x08000270   0x08000270   0x00000002   Code   RO         3256    i.GO_TO_SCENE_11    dali_functions.o
    0x08000272   0x08000272   0x00000002   Code   RO         3257    i.GO_TO_SCENE_12    dali_functions.o
    0x08000274   0x08000274   0x00000002   Code   RO         3258    i.GO_TO_SCENE_13    dali_functions.o
    0x08000276   0x08000276   0x00000002   Code   RO         3259    i.GO_TO_SCENE_14    dali_functions.o
    0x08000278   0x08000278   0x00000002   Code   RO         3260    i.GO_TO_SCENE_15    dali_functions.o
    0x0800027a   0x0800027a   0x00000002   Code   RO         3261    i.GO_TO_SCENE_2     dali_functions.o
    0x0800027c   0x0800027c   0x00000002   Code   RO         3262    i.GO_TO_SCENE_3     dali_functions.o
    0x0800027e   0x0800027e   0x00000002   Code   RO         3263    i.GO_TO_SCENE_4     dali_functions.o
    0x08000280   0x08000280   0x00000002   Code   RO         3264    i.GO_TO_SCENE_5     dali_functions.o
    0x08000282   0x08000282   0x00000002   Code   RO         3265    i.GO_TO_SCENE_6     dali_functions.o
    0x08000284   0x08000284   0x00000002   Code   RO         3266    i.GO_TO_SCENE_7     dali_functions.o
    0x08000286   0x08000286   0x00000002   Code   RO         3267    i.GO_TO_SCENE_8     dali_functions.o
    0x08000288   0x08000288   0x00000002   Code   RO         3268    i.GO_TO_SCENE_9     dali_functions.o
    0x0800028a   0x0800028a   0x00000002   Code   RO         1659    i.HAL_GPIO_EXTI_Falling_Callback  stm32g0xx_hal_gpio.o
    0x0800028c   0x0800028c   0x00000028   Code   RO         1660    i.HAL_GPIO_EXTI_IRQHandler  stm32g0xx_hal_gpio.o
    0x080002b4   0x080002b4   0x00000002   Code   RO         1661    i.HAL_GPIO_EXTI_Rising_Callback  stm32g0xx_hal_gpio.o
    0x080002b6   0x080002b6   0x00000002   PAD
    0x080002b8   0x080002b8   0x0000015c   Code   RO         1662    i.HAL_GPIO_Init     stm32g0xx_hal_gpio.o
    0x08000414   0x08000414   0x0000000a   Code   RO         1664    i.HAL_GPIO_ReadPin  stm32g0xx_hal_gpio.o
    0x0800041e   0x0800041e   0x0000000c   Code   RO         1666    i.HAL_GPIO_WritePin  stm32g0xx_hal_gpio.o
    0x0800042a   0x0800042a   0x00000002   PAD
    0x0800042c   0x0800042c   0x0000000c   Code   RO         2191    i.HAL_GetTick       stm32g0xx_hal.o
    0x08000438   0x08000438   0x00000010   Code   RO         2197    i.HAL_IncTick       stm32g0xx_hal.o
    0x08000448   0x08000448   0x00000028   Code   RO         2198    i.HAL_Init          stm32g0xx_hal.o
    0x08000470   0x08000470   0x00000048   Code   RO         2199    i.HAL_InitTick      stm32g0xx_hal.o
    0x080004b8   0x080004b8   0x00000034   Code   RO          260    i.HAL_MspInit       stm32g0xx_hal_msp.o
    0x080004ec   0x080004ec   0x00000018   Code   RO         2075    i.HAL_NVIC_EnableIRQ  stm32g0xx_hal_cortex.o
    0x08000504   0x08000504   0x00000008   Code   RO         2079    i.HAL_NVIC_SetPriority  stm32g0xx_hal_cortex.o
    0x0800050c   0x0800050c   0x0000004c   Code   RO         1960    i.HAL_PWREx_ControlVoltageScaling  stm32g0xx_hal_pwr_ex.o
    0x08000558   0x08000558   0x00000160   Code   RO         1428    i.HAL_RCCEx_PeriphCLKConfig  stm32g0xx_hal_rcc_ex.o
    0x080006b8   0x080006b8   0x00000158   Code   RO         1318    i.HAL_RCC_ClockConfig  stm32g0xx_hal_rcc.o
    0x08000810   0x08000810   0x00000028   Code   RO         1326    i.HAL_RCC_GetPCLK1Freq  stm32g0xx_hal_rcc.o
    0x08000838   0x08000838   0x0000008c   Code   RO         1327    i.HAL_RCC_GetSysClockFreq  stm32g0xx_hal_rcc.o
    0x080008c4   0x080008c4   0x000003e0   Code   RO         1331    i.HAL_RCC_OscConfig  stm32g0xx_hal_rcc.o
    0x08000ca4   0x08000ca4   0x00000014   Code   RO         2207    i.HAL_SYSCFG_StrobeDBattpinsConfig  stm32g0xx_hal.o
    0x08000cb8   0x08000cb8   0x00000030   Code   RO         2083    i.HAL_SYSTICK_Config  stm32g0xx_hal_cortex.o
    0x08000ce8   0x08000ce8   0x00000002   Code   RO         1018    i.HAL_TIMEx_Break2Callback  stm32g0xx_hal_tim_ex.o
    0x08000cea   0x08000cea   0x00000002   Code   RO         1019    i.HAL_TIMEx_BreakCallback  stm32g0xx_hal_tim_ex.o
    0x08000cec   0x08000cec   0x00000002   Code   RO         1020    i.HAL_TIMEx_CommutCallback  stm32g0xx_hal_tim_ex.o
    0x08000cee   0x08000cee   0x00000002   PAD
    0x08000cf0   0x08000cf0   0x0000006c   Code   RO         1041    i.HAL_TIMEx_MasterConfigSynchronization  stm32g0xx_hal_tim_ex.o
    0x08000d5c   0x08000d5c   0x0000004c   Code   RO          306    i.HAL_TIM_Base_Init  stm32g0xx_hal_tim.o
    0x08000da8   0x08000da8   0x00000084   Code   RO          262    i.HAL_TIM_Base_MspInit  stm32g0xx_hal_msp.o
    0x08000e2c   0x08000e2c   0x0000005c   Code   RO          311    i.HAL_TIM_Base_Start_IT  stm32g0xx_hal_tim.o
    0x08000e88   0x08000e88   0x00000034   Code   RO          314    i.HAL_TIM_Base_Stop_IT  stm32g0xx_hal_tim.o
    0x08000ebc   0x08000ebc   0x000000d8   Code   RO          315    i.HAL_TIM_ConfigClockSource  stm32g0xx_hal_tim.o
    0x08000f94   0x08000f94   0x00000002   Code   RO          340    i.HAL_TIM_IC_CaptureCallback  stm32g0xx_hal_tim.o
    0x08000f96   0x08000f96   0x00000002   PAD
    0x08000f98   0x08000f98   0x00000184   Code   RO          354    i.HAL_TIM_IRQHandler  stm32g0xx_hal_tim.o
    0x0800111c   0x0800111c   0x00000002   Code   RO          357    i.HAL_TIM_OC_DelayElapsedCallback  stm32g0xx_hal_tim.o
    0x0800111e   0x0800111e   0x00000002   Code   RO          384    i.HAL_TIM_PWM_PulseFinishedCallback  stm32g0xx_hal_tim.o
    0x08001120   0x08001120   0x00000002   Code   RO          392    i.HAL_TIM_PeriodElapsedCallback  stm32g0xx_hal_tim.o
    0x08001122   0x08001122   0x00000002   Code   RO          397    i.HAL_TIM_TriggerCallback  stm32g0xx_hal_tim.o
    0x08001124   0x08001124   0x0000003c   Code   RO         2854    i.HAL_UARTEx_DisableFifoMode  stm32g0xx_hal_uart_ex.o
    0x08001160   0x08001160   0x00000048   Code   RO         2862    i.HAL_UARTEx_SetRxFifoThreshold  stm32g0xx_hal_uart_ex.o
    0x080011a8   0x080011a8   0x00000046   Code   RO         2863    i.HAL_UARTEx_SetTxFifoThreshold  stm32g0xx_hal_uart_ex.o
    0x080011ee   0x080011ee   0x0000006c   Code   RO         2467    i.HAL_UART_Init     stm32g0xx_hal_uart.o
    0x0800125a   0x0800125a   0x00000002   PAD
    0x0800125c   0x0800125c   0x0000005c   Code   RO          264    i.HAL_UART_MspInit  stm32g0xx_hal_msp.o
    0x080012b8   0x080012b8   0x0000001c   Code   RO         2995    i.HalfBitHandler    edge_detection.o
    0x080012d4   0x080012d4   0x00000024   Code   RO         2996    i.HalfBitStorage    edge_detection.o
    0x080012f8   0x080012f8   0x00000010   Code   RO         2997    i.HalfBit_init      edge_detection.o
    0x08001308   0x08001308   0x00000002   Code   RO          189    i.HardFault_Handler  stm32g0xx_it.o
    0x0800130a   0x0800130a   0x00000002   Code   RO         3269    i.IDENTIFY_DEVICE   dali_functions.o
    0x0800130c   0x0800130c   0x00000002   Code   RO         3270    i.INITIALISE        dali_functions.o
    0x0800130e   0x0800130e   0x00000002   PAD
    0x08001310   0x08001310   0x000000b0   Code   RO           13    i.MX_GPIO_Init      main.o
    0x080013c0   0x080013c0   0x00000070   Code   RO           14    i.MX_TIM3_Init      main.o
    0x08001430   0x08001430   0x0000006c   Code   RO           15    i.MX_USART2_UART_Init  main.o
    0x0800149c   0x0800149c   0x00000002   Code   RO          190    i.NMI_Handler       stm32g0xx_it.o
    0x0800149e   0x0800149e   0x00000004   Code   RO         3271    i.NO_COMMAND_DEFINED  dali_functions.o
    0x080014a2   0x080014a2   0x00000010   Code   RO         3272    i.OFF_command       dali_functions.o
    0x080014b2   0x080014b2   0x00000002   Code   RO         3273    i.ON_N_STEP_UP      dali_functions.o
    0x080014b4   0x080014b4   0x00000002   Code   RO         3274    i.PING              dali_functions.o
    0x080014b6   0x080014b6   0x00000002   Code   RO         3275    i.PROGRAM_SHORT_ADDR  dali_functions.o
    0x080014b8   0x080014b8   0x00000002   Code   RO          191    i.PendSV_Handler    stm32g0xx_it.o
    0x080014ba   0x080014ba   0x00000002   Code   RO         3276    i.QUERY_ACTUAL_LEVEL  dali_functions.o
    0x080014bc   0x080014bc   0x00000002   Code   RO         3277    i.QUERY_CONTENT_DRT1  dali_functions.o
    0x080014be   0x080014be   0x00000002   Code   RO         3278    i.QUERY_CONTENT_DRT2  dali_functions.o
    0x080014c0   0x080014c0   0x00000002   Code   RO         3279    i.QUERY_CONTENT_DTR0  dali_functions.o
    0x080014c2   0x080014c2   0x00000002   Code   RO         3280    i.QUERY_CONTROL_GEAR_FAILURE  dali_functions.o
    0x080014c4   0x080014c4   0x00000002   Code   RO         3281    i.QUERY_CONTROL_GEAR_PRESENT  dali_functions.o
    0x080014c6   0x080014c6   0x00000002   Code   RO         3282    i.QUERY_DEVICE_TYPE  dali_functions.o
    0x080014c8   0x080014c8   0x00000002   Code   RO         3283    i.QUERY_EXTENDED_FADE_TIME  dali_functions.o
    0x080014ca   0x080014ca   0x00000002   Code   RO         3284    i.QUERY_FADE_TIME_RATE  dali_functions.o
    0x080014cc   0x080014cc   0x00000002   Code   RO         3285    i.QUERY_GROUPS_0_7  dali_functions.o
    0x080014ce   0x080014ce   0x00000002   Code   RO         3286    i.QUERY_GROUPS_8_15  dali_functions.o
    0x080014d0   0x080014d0   0x00000002   Code   RO         3287    i.QUERY_LAMP_FAILURE  dali_functions.o
    0x080014d2   0x080014d2   0x00000002   Code   RO         3288    i.QUERY_LAMP_POWER_ON  dali_functions.o
    0x080014d4   0x080014d4   0x00000002   Code   RO         3289    i.QUERY_LIGHT_SOUERCE_TYPE  dali_functions.o
    0x080014d6   0x080014d6   0x00000002   Code   RO         3290    i.QUERY_LIMIT_ERROR  dali_functions.o
    0x080014d8   0x080014d8   0x00000002   Code   RO         3291    i.QUERY_MANUFACTURER_SPECIFIC_MODE  dali_functions.o
    0x080014da   0x080014da   0x00000002   Code   RO         3292    i.QUERY_MAX_LEVEL   dali_functions.o
    0x080014dc   0x080014dc   0x00000002   Code   RO         3293    i.QUERY_MIN_LEVEL   dali_functions.o
    0x080014de   0x080014de   0x00000002   Code   RO         3294    i.QUERY_MISSING_SHORT_ADDRESS  dali_functions.o
    0x080014e0   0x080014e0   0x00000002   Code   RO         3295    i.QUERY_NEXT_DEVICE_TYPE  dali_functions.o
    0x080014e2   0x080014e2   0x00000002   Code   RO         3296    i.QUERY_OPERATING_MODE  dali_functions.o
    0x080014e4   0x080014e4   0x00000002   Code   RO         3297    i.QUERY_PHYSICAL_MINIMUM  dali_functions.o
    0x080014e6   0x080014e6   0x00000002   Code   RO         3298    i.QUERY_POWER_FAILURE  dali_functions.o
    0x080014e8   0x080014e8   0x00000002   Code   RO         3299    i.QUERY_POWER_ON_LEVEL  dali_functions.o
    0x080014ea   0x080014ea   0x00000002   Code   RO         3300    i.QUERY_RANDOM_ADDR_H  dali_functions.o
    0x080014ec   0x080014ec   0x00000002   Code   RO         3301    i.QUERY_RANDOM_ADDR_L  dali_functions.o
    0x080014ee   0x080014ee   0x00000002   Code   RO         3302    i.QUERY_RANDOM_ADDR_M  dali_functions.o
    0x080014f0   0x080014f0   0x00000002   Code   RO         3303    i.QUERY_READ_MEM_LOCATION  dali_functions.o
    0x080014f2   0x080014f2   0x00000002   Code   RO         3304    i.QUERY_RESET_STATE  dali_functions.o
    0x080014f4   0x080014f4   0x00000002   Code   RO         3305    i.QUERY_SCENE_0_LEVEL  dali_functions.o
    0x080014f6   0x080014f6   0x00000002   Code   RO         3306    i.QUERY_SCENE_10_LEVEL  dali_functions.o
    0x080014f8   0x080014f8   0x00000002   Code   RO         3307    i.QUERY_SCENE_11_LEVEL  dali_functions.o
    0x080014fa   0x080014fa   0x00000002   Code   RO         3308    i.QUERY_SCENE_12_LEVEL  dali_functions.o
    0x080014fc   0x080014fc   0x00000002   Code   RO         3309    i.QUERY_SCENE_13_LEVEL  dali_functions.o
    0x080014fe   0x080014fe   0x00000002   Code   RO         3310    i.QUERY_SCENE_14_LEVEL  dali_functions.o
    0x08001500   0x08001500   0x00000002   Code   RO         3311    i.QUERY_SCENE_15_LEVEL  dali_functions.o
    0x08001502   0x08001502   0x00000002   Code   RO         3312    i.QUERY_SCENE_1_LEVEL  dali_functions.o
    0x08001504   0x08001504   0x00000002   Code   RO         3313    i.QUERY_SCENE_2_LEVEL  dali_functions.o
    0x08001506   0x08001506   0x00000002   Code   RO         3314    i.QUERY_SCENE_3_LEVEL  dali_functions.o
    0x08001508   0x08001508   0x00000002   Code   RO         3315    i.QUERY_SCENE_4_LEVEL  dali_functions.o
    0x0800150a   0x0800150a   0x00000002   Code   RO         3316    i.QUERY_SCENE_5_LEVEL  dali_functions.o
    0x0800150c   0x0800150c   0x00000002   Code   RO         3317    i.QUERY_SCENE_6_LEVEL  dali_functions.o
    0x0800150e   0x0800150e   0x00000002   Code   RO         3318    i.QUERY_SCENE_7_LEVEL  dali_functions.o
    0x08001510   0x08001510   0x00000002   Code   RO         3319    i.QUERY_SCENE_8_LEVEL  dali_functions.o
    0x08001512   0x08001512   0x00000002   Code   RO         3320    i.QUERY_SCENE_9_LEVEL  dali_functions.o
    0x08001514   0x08001514   0x00000002   Code   RO         3321    i.QUERY_SHORT_ADDR  dali_functions.o
    0x08001516   0x08001516   0x00000002   Code   RO         3322    i.QUERY_STATUS      dali_functions.o
    0x08001518   0x08001518   0x00000002   Code   RO         3323    i.QUERY_SYSTEM_FAILURA_LEVEL  dali_functions.o
    0x0800151a   0x0800151a   0x00000002   Code   RO         3324    i.QUERY_VERSION_NUMBER  dali_functions.o
    0x0800151c   0x0800151c   0x00000002   Code   RO         3325    i.RANDOMISE         dali_functions.o
    0x0800151e   0x0800151e   0x00000010   Code   RO         3326    i.RECALL_MAX_LEVEL  dali_functions.o
    0x0800152e   0x0800152e   0x00000002   Code   RO         3327    i.RECALL_MIN_LEVEL  dali_functions.o
    0x08001530   0x08001530   0x00000002   Code   RO         3328    i.REMOVE_FROM_GROUP_0  dali_functions.o
    0x08001532   0x08001532   0x00000002   Code   RO         3329    i.REMOVE_FROM_GROUP_1  dali_functions.o
    0x08001534   0x08001534   0x00000002   Code   RO         3330    i.REMOVE_FROM_GROUP_10  dali_functions.o
    0x08001536   0x08001536   0x00000002   Code   RO         3331    i.REMOVE_FROM_GROUP_11  dali_functions.o
    0x08001538   0x08001538   0x00000002   Code   RO         3332    i.REMOVE_FROM_GROUP_12  dali_functions.o
    0x0800153a   0x0800153a   0x00000002   Code   RO         3333    i.REMOVE_FROM_GROUP_13  dali_functions.o
    0x0800153c   0x0800153c   0x00000002   Code   RO         3334    i.REMOVE_FROM_GROUP_14  dali_functions.o
    0x0800153e   0x0800153e   0x00000002   Code   RO         3335    i.REMOVE_FROM_GROUP_15  dali_functions.o
    0x08001540   0x08001540   0x00000002   Code   RO         3336    i.REMOVE_FROM_GROUP_2  dali_functions.o
    0x08001542   0x08001542   0x00000002   Code   RO         3337    i.REMOVE_FROM_GROUP_3  dali_functions.o
    0x08001544   0x08001544   0x00000002   Code   RO         3338    i.REMOVE_FROM_GROUP_4  dali_functions.o
    0x08001546   0x08001546   0x00000002   Code   RO         3339    i.REMOVE_FROM_GROUP_5  dali_functions.o
    0x08001548   0x08001548   0x00000002   Code   RO         3340    i.REMOVE_FROM_GROUP_6  dali_functions.o
    0x0800154a   0x0800154a   0x00000002   Code   RO         3341    i.REMOVE_FROM_GROUP_7  dali_functions.o
    0x0800154c   0x0800154c   0x00000002   Code   RO         3342    i.REMOVE_FROM_GROUP_8  dali_functions.o
    0x0800154e   0x0800154e   0x00000002   Code   RO         3343    i.REMOVE_FROM_GROUP_9  dali_functions.o
    0x08001550   0x08001550   0x00000002   Code   RO         3344    i.REMOVE_FROM_SCENE_0  dali_functions.o
    0x08001552   0x08001552   0x00000002   Code   RO         3345    i.REMOVE_FROM_SCENE_1  dali_functions.o
    0x08001554   0x08001554   0x00000002   Code   RO         3346    i.REMOVE_FROM_SCENE_10  dali_functions.o
    0x08001556   0x08001556   0x00000002   Code   RO         3347    i.REMOVE_FROM_SCENE_11  dali_functions.o
    0x08001558   0x08001558   0x00000002   Code   RO         3348    i.REMOVE_FROM_SCENE_12  dali_functions.o
    0x0800155a   0x0800155a   0x00000002   Code   RO         3349    i.REMOVE_FROM_SCENE_13  dali_functions.o
    0x0800155c   0x0800155c   0x00000002   Code   RO         3350    i.REMOVE_FROM_SCENE_14  dali_functions.o
    0x0800155e   0x0800155e   0x00000002   Code   RO         3351    i.REMOVE_FROM_SCENE_15  dali_functions.o
    0x08001560   0x08001560   0x00000002   Code   RO         3352    i.REMOVE_FROM_SCENE_2  dali_functions.o
    0x08001562   0x08001562   0x00000002   Code   RO         3353    i.REMOVE_FROM_SCENE_3  dali_functions.o
    0x08001564   0x08001564   0x00000002   Code   RO         3354    i.REMOVE_FROM_SCENE_4  dali_functions.o
    0x08001566   0x08001566   0x00000002   Code   RO         3355    i.REMOVE_FROM_SCENE_5  dali_functions.o
    0x08001568   0x08001568   0x00000002   Code   RO         3356    i.REMOVE_FROM_SCENE_6  dali_functions.o
    0x0800156a   0x0800156a   0x00000002   Code   RO         3357    i.REMOVE_FROM_SCENE_7  dali_functions.o
    0x0800156c   0x0800156c   0x00000002   Code   RO         3358    i.REMOVE_FROM_SCENE_8  dali_functions.o
    0x0800156e   0x0800156e   0x00000002   Code   RO         3359    i.REMOVE_FROM_SCENE_9  dali_functions.o
    0x08001570   0x08001570   0x00000002   Code   RO         3360    i.RESET_MEMORY_BANK  dali_functions.o
    0x08001572   0x08001572   0x00000002   Code   RO         3361    i.RESET_command     dali_functions.o
    0x08001574   0x08001574   0x00000002   Code   RO         3362    i.SAVE_PERSISTENT_VARIABLES  dali_functions.o
    0x08001576   0x08001576   0x00000002   Code   RO         3363    i.SEARCHADDRH       dali_functions.o
    0x08001578   0x08001578   0x00000002   Code   RO         3364    i.SEARCHADDRL       dali_functions.o
    0x0800157a   0x0800157a   0x00000002   Code   RO         3365    i.SEARCHADDRM       dali_functions.o
    0x0800157c   0x0800157c   0x00000002   Code   RO         3366    i.SET_EXTENDED_FADE_RATE  dali_functions.o
    0x0800157e   0x0800157e   0x00000002   Code   RO         3367    i.SET_FADE_RATE     dali_functions.o
    0x08001580   0x08001580   0x00000002   Code   RO         3368    i.SET_FADE_TIME     dali_functions.o
    0x08001582   0x08001582   0x00000002   Code   RO         3369    i.SET_MAX_LEVEL     dali_functions.o
    0x08001584   0x08001584   0x00000002   Code   RO         3370    i.SET_MIN_LEVEL     dali_functions.o
    0x08001586   0x08001586   0x00000002   Code   RO         3371    i.SET_OPERATING_MODE  dali_functions.o
    0x08001588   0x08001588   0x00000002   Code   RO         3372    i.SET_POWER_ON_LEVEL  dali_functions.o
    0x0800158a   0x0800158a   0x00000002   Code   RO         3373    i.SET_SCENE_0       dali_functions.o
    0x0800158c   0x0800158c   0x00000002   Code   RO         3374    i.SET_SCENE_1       dali_functions.o
    0x0800158e   0x0800158e   0x00000002   Code   RO         3375    i.SET_SCENE_10      dali_functions.o
    0x08001590   0x08001590   0x00000002   Code   RO         3376    i.SET_SCENE_11      dali_functions.o
    0x08001592   0x08001592   0x00000002   Code   RO         3377    i.SET_SCENE_12      dali_functions.o
    0x08001594   0x08001594   0x00000002   Code   RO         3378    i.SET_SCENE_13      dali_functions.o
    0x08001596   0x08001596   0x00000002   Code   RO         3379    i.SET_SCENE_14      dali_functions.o
    0x08001598   0x08001598   0x00000002   Code   RO         3380    i.SET_SCENE_15      dali_functions.o
    0x0800159a   0x0800159a   0x00000002   Code   RO         3381    i.SET_SCENE_2       dali_functions.o
    0x0800159c   0x0800159c   0x00000002   Code   RO         3382    i.SET_SCENE_3       dali_functions.o
    0x0800159e   0x0800159e   0x00000002   Code   RO         3383    i.SET_SCENE_4       dali_functions.o
    0x080015a0   0x080015a0   0x00000002   Code   RO         3384    i.SET_SCENE_5       dali_functions.o
    0x080015a2   0x080015a2   0x00000002   Code   RO         3385    i.SET_SCENE_6       dali_functions.o
    0x080015a4   0x080015a4   0x00000002   Code   RO         3386    i.SET_SCENE_7       dali_functions.o
    0x080015a6   0x080015a6   0x00000002   Code   RO         3387    i.SET_SCENE_8       dali_functions.o
    0x080015a8   0x080015a8   0x00000002   Code   RO         3388    i.SET_SCENE_9       dali_functions.o
    0x080015aa   0x080015aa   0x00000002   Code   RO         3389    i.SET_SHORT_ADDRESS  dali_functions.o
    0x080015ac   0x080015ac   0x00000002   Code   RO         3390    i.SET_SYSTEM_FAILURE_LEVEL  dali_functions.o
    0x080015ae   0x080015ae   0x00000002   Code   RO         3391    i.STEP_DOWN         dali_functions.o
    0x080015b0   0x080015b0   0x00000002   Code   RO         3392    i.STEP_DOWN_N_OFF   dali_functions.o
    0x080015b2   0x080015b2   0x00000002   Code   RO         3393    i.STEP_UP           dali_functions.o
    0x080015b4   0x080015b4   0x00000002   Code   RO         3394    i.STORE_ACTUAL_LEVEL_IN_DTR0  dali_functions.o
    0x080015b6   0x080015b6   0x00000002   Code   RO          192    i.SVC_Handler       stm32g0xx_it.o
    0x080015b8   0x080015b8   0x00000008   Code   RO          193    i.SysTick_Handler   stm32g0xx_it.o
    0x080015c0   0x080015c0   0x00000074   Code   RO           16    i.SystemClock_Config  main.o
    0x08001634   0x08001634   0x00000010   Code   RO         2962    i.SystemInit        system_stm32g0xx.o
    0x08001644   0x08001644   0x00000002   Code   RO         3395    i.TERMINATE         dali_functions.o
    0x08001646   0x08001646   0x00000002   PAD
    0x08001648   0x08001648   0x00000014   Code   RO          194    i.TIM14_IRQHandler  stm32g0xx_it.o
    0x0800165c   0x0800165c   0x00000014   Code   RO          195    i.TIM3_IRQHandler   stm32g0xx_it.o
    0x08001670   0x08001670   0x00000010   Code   RO          196    i.TIM6_IRQHandler   stm32g0xx_it.o
    0x08001680   0x08001680   0x00000088   Code   RO          399    i.TIM_Base_SetConfig  stm32g0xx_hal_tim.o
    0x08001708   0x08001708   0x00000016   Code   RO          410    i.TIM_ETR_SetConfig  stm32g0xx_hal_tim.o
    0x0800171e   0x0800171e   0x00000002   PAD
    0x08001720   0x08001720   0x00000014   Code   RO          411    i.TIM_ITRx_SetConfig  stm32g0xx_hal_tim.o
    0x08001734   0x08001734   0x00000022   Code   RO          419    i.TIM_TI1_ConfigInputStage  stm32g0xx_hal_tim.o
    0x08001756   0x08001756   0x00000026   Code   RO          421    i.TIM_TI2_ConfigInputStage  stm32g0xx_hal_tim.o
    0x0800177c   0x0800177c   0x0000000c   Code   RO         3073    i.TimingErrorHandler  timing_functions.o
    0x08001788   0x08001788   0x00000060   Code   RO         2867    i.UARTEx_SetNbDataToProcess  stm32g0xx_hal_uart_ex.o
    0x080017e8   0x080017e8   0x000000ca   Code   RO         2481    i.UART_AdvFeatureConfig  stm32g0xx_hal_uart.o
    0x080018b2   0x080018b2   0x00000002   PAD
    0x080018b4   0x080018b4   0x00000064   Code   RO         2482    i.UART_CheckIdleState  stm32g0xx_hal_uart.o
    0x08001918   0x08001918   0x00000198   Code   RO         2499    i.UART_SetConfig    stm32g0xx_hal_uart.o
    0x08001ab0   0x08001ab0   0x0000009c   Code   RO         2506    i.UART_WaitOnFlagUntilTimeout  stm32g0xx_hal_uart.o
    0x08001b4c   0x08001b4c   0x00000002   Code   RO         3396    i.UP_command        dali_functions.o
    0x08001b4e   0x08001b4e   0x00000002   Code   RO         3397    i.VERIFY_SHORT_ADDR  dali_functions.o
    0x08001b50   0x08001b50   0x00000002   Code   RO         3398    i.WITHDRAW          dali_functions.o
    0x08001b52   0x08001b52   0x00000002   Code   RO         3399    i.WRITE_MEM_LOCATION  dali_functions.o
    0x08001b54   0x08001b54   0x00000002   Code   RO         3400    i.WRITE_MEM_LOCATION_NO_REPLY  dali_functions.o
    0x08001b56   0x08001b56   0x00000002   PAD
    0x08001b58   0x08001b58   0x00000044   Code   RO         2085    i.__NVIC_SetPriority  stm32g0xx_hal_cortex.o
    0x08001b9c   0x08001b9c   0x0000000e   Code   RO         4355    i.__scatterload_copy  mc_p.l(handlers.o)
    0x08001baa   0x08001baa   0x00000002   Code   RO         4356    i.__scatterload_null  mc_p.l(handlers.o)
    0x08001bac   0x08001bac   0x0000000e   Code   RO         4357    i.__scatterload_zeroinit  mc_p.l(handlers.o)
    0x08001bba   0x08001bba   0x00000002   PAD
    0x08001bbc   0x08001bbc   0x0000001c   Code   RO         3137    i.bus_status_fall_edge  bus_conditions.o
    0x08001bd8   0x08001bd8   0x0000001c   Code   RO         3138    i.bus_status_stop   bus_conditions.o
    0x08001bf4   0x08001bf4   0x00000070   Code   RO         3188    i.check_address     frame_processing.o
    0x08001c64   0x08001c64   0x00000034   Code   RO         3189    i.check_command     frame_processing.o
    0x08001c98   0x08001c98   0x0000009c   Code   RO         2998    i.edgeHandler       edge_detection.o
    0x08001d34   0x08001d34   0x00000080   Code   RO           17    i.main              main.o
    0x08001db4   0x08001db4   0x00000018   Code   RO         3139    i.power_down_handler  bus_conditions.o
    0x08001dcc   0x08001dcc   0x00000124   Code   RO         3190    i.processRxFrame    frame_processing.o
    0x08001ef0   0x08001ef0   0x0000008c   Code   RO         2999    i.receive_edge      edge_detection.o
    0x08001f7c   0x08001f7c   0x00000024   Code   RO         3075    i.start_FrameTimer  timing_functions.o
    0x08001fa0   0x08001fa0   0x00000010   Code   RO         3076    i.stop_BitTimer     timing_functions.o
    0x08001fb0   0x08001fb0   0x00000010   Code   RO         3077    i.stop_FrameTimer   timing_functions.o
    0x08001fc0   0x08001fc0   0x00000014   Code   RO         3140    i.stop_condition_handler  bus_conditions.o
    0x08001fd4   0x08001fd4   0x0000000c   Code   RO         3141    i.system_failure_handler  bus_conditions.o
    0x08001fe0   0x08001fe0   0x00000018   Data   RO         2507    .constdata          stm32g0xx_hal_uart.o
    0x08001ff8   0x08001ff8   0x00000040   Data   RO         2963    .constdata          system_stm32g0xx.o
    0x08002038   0x08002038   0x00000020   Data   RO         2964    .constdata          system_stm32g0xx.o
    0x08002058   0x08002058   0x00000020   Data   RO         4353    Region$$Table       anon$$obj.o


    Execution Region RW_IRAM1 (Exec base: 0x20000000, Load base: 0x08002078, Size: 0x00000b08, Max: 0x00009000, ABSOLUTE, COMPRESSED[0x0000022c])

    Exec Addr    Load Addr    Size         Type   Attr      Idx    E Section Name        Object

    0x20000000   COMPRESSED   0x0000000c   Data   RW         2210    .data               stm32g0xx_hal.o
    0x2000000c   COMPRESSED   0x00000004   Data   RW         2965    .data               system_stm32g0xx.o
    0x20000010   COMPRESSED   0x0000000c   Data   RW         3001    .data               edge_detection.o
    0x2000001c   COMPRESSED   0x00000001   Data   RW         3078    .data               timing_functions.o
    0x2000001d   COMPRESSED   0x00000002   Data   RW         3142    .data               bus_conditions.o
    0x2000001f   COMPRESSED   0x00000001   PAD
    0x20000020   COMPRESSED   0x0000000a   Data   RW         3191    .data               frame_processing.o
    0x2000002a   COMPRESSED   0x00000002   Data   RW         4285    .data               dali_variables.o
    0x2000002c   COMPRESSED   0x00000002   Data   RW         4286    .data               dali_variables.o
    0x2000002e   COMPRESSED   0x00000002   PAD
    0x20000030   COMPRESSED   0x00000318   Data   RW         4287    .data               dali_variables.o
    0x20000348   COMPRESSED   0x00000048   Data   RW         4288    .data               dali_variables.o
    0x20000390        -       0x00000174   Zero   RW           18    .bss                main.o
    0x20000504        -       0x00000200   Zero   RW         3000    .bss                edge_detection.o
    0x20000704   COMPRESSED   0x00000004   PAD
    0x20000708        -       0x00000400   Zero   RW            1    STACK               startup_stm32g070xx.o


==============================================================================

Image component sizes


      Code (inc. data)   RO Data    RW Data    ZI Data      Debug   Object Name

       112         32          0          2          0       2936   bus_conditions.o
       378          0          0          0          0      69929   dali_functions.o
         0          0          0        868          0       2038   dali_variables.o
       376         62          0         12        512       4090   edge_detection.o
       456         32          0         10          0       3564   frame_processing.o
       640         52          0          0        372     405125   main.o
        28          8        184          0       1024        624   startup_stm32g070xx.o
       160         26          0         12          0      16240   stm32g0xx_hal.o
       148         24          0          0          0      12065   stm32g0xx_hal_cortex.o
       414         22          0          0          0       4527   stm32g0xx_hal_gpio.o
       276         30          0          0          0       2192   stm32g0xx_hal_msp.o
        76         14          0          0          0        734   stm32g0xx_hal_pwr_ex.o
      1516         88          0          0          0      20161   stm32g0xx_hal_rcc.o
       352         14          0          0          0       1628   stm32g0xx_hal_rcc_ex.o
      1084         64          0          0          0      10488   stm32g0xx_hal_tim.o
       114         12          0          0          0       2916   stm32g0xx_hal_tim_ex.o
       974         48         24          0          0      23814   stm32g0xx_hal_uart.o
       298         16          0          0          0       3609   stm32g0xx_hal_uart_ex.o
        86         18          0          0          0       3928   stm32g0xx_it.o
        16          6         96          4          0       1123   system_stm32g0xx.o
       192         52          0          1          0       3636   timing_functions.o

    ----------------------------------------------------------------------
      7718        620        336        912       1912     595367   Object Totals
         0          0         32          0          0          0   (incl. Generated)
        22          0          0          3          4          0   (incl. Padding)

    ----------------------------------------------------------------------

      Code (inc. data)   RO Data    RW Data    ZI Data      Debug   Library Member Name

        86          0          0          0          0          0   __dczerorl2.o
         0          0          0          0          0          0   entry.o
         0          0          0          0          0          0   entry10a.o
         0          0          0          0          0          0   entry11a.o
         4          0          0          0          0          0   entry12b.o
         8          4          0          0          0          0   entry2.o
         4          0          0          0          0          0   entry5.o
         0          0          0          0          0          0   entry7b.o
         0          0          0          0          0          0   entry8b.o
         8          4          0          0          0          0   entry9a.o
        30          0          0          0          0          0   handlers.o
        36          8          0          0          0         68   init.o
        36          0          0          0          0        100   memseta.o
        44          0          0          0          0         72   uidiv.o

    ----------------------------------------------------------------------
       258         16          0          0          0        240   Library Totals
         2          0          0          0          0          0   (incl. Padding)

    ----------------------------------------------------------------------

      Code (inc. data)   RO Data    RW Data    ZI Data      Debug   Library Name

       256         16          0          0          0        240   mc_p.l

    ----------------------------------------------------------------------
       258         16          0          0          0        240   Library Totals

    ----------------------------------------------------------------------

==============================================================================


      Code (inc. data)   RO Data    RW Data    ZI Data      Debug   

      7976        636        336        912       1912     584567   Grand Totals
      7976        636        336        556       1912     584567   ELF Image Totals (compressed)
      7976        636        336        556          0          0   ROM Totals

==============================================================================

    Total RO  Size (Code + RO Data)                 8312 (   8.12kB)
    Total RW  Size (RW Data + ZI Data)              2824 (   2.76kB)
    Total ROM Size (Code + RO Data + RW Data)       8868 (   8.66kB)

==============================================================================

