<!doctype html public "-//w3c//dtd html 4.0 transitional//en">
<html><head>
<title>Static Call Graph - [DALI_communication\DALI_communication.axf]</title></head>
<body><HR>
<H1>Static Call Graph for image DALI_communication\DALI_communication.axf</H1><HR>
<BR><P>#&#060CALLGRAPH&#062# ARM Linker, 5060960: Last Updated: Tue Mar 30 07:08:39 2021
<BR><P>
<H3>Maximum Stack Usage =        196 bytes + Unknown(Cycles, Untraceable Function Pointers)</H3><H3>
Call chain for Maximum Stack Depth:</H3>
main &rArr; MX_TIM1_Init &rArr; HAL_TIM_MspPostInit &rArr; HAL_GPIO_Init
<P>
<H3>
Mutually Recursive functions
</H3> <LI><a href="#[bd]">ADC1_IRQHandler</a>&nbsp;&nbsp;&nbsp;&rArr;&nbsp;&nbsp;&nbsp;<a href="#[bd]">ADC1_IRQHandler</a><BR>
 <LI><a href="#[af]">HardFault_Handler</a>&nbsp;&nbsp;&nbsp;&rArr;&nbsp;&nbsp;&nbsp;<a href="#[af]">HardFault_Handler</a><BR>
 <LI><a href="#[ae]">NMI_Handler</a>&nbsp;&nbsp;&nbsp;&rArr;&nbsp;&nbsp;&nbsp;<a href="#[ae]">NMI_Handler</a><BR>
</UL>
<P>
<H3>
Function Pointers
</H3><UL>
 <LI><a href="#[bd]">ADC1_IRQHandler</a> from startup_stm32g070xx.o(.text) referenced from startup_stm32g070xx.o(RESET)
 <LI><a href="#[49]">ADD_TO_GROUP_0</a> from dali_functions.o(i.ADD_TO_GROUP_0) referenced 2 times from dali_variables.o(.data)
 <LI><a href="#[4a]">ADD_TO_GROUP_1</a> from dali_functions.o(i.ADD_TO_GROUP_1) referenced 2 times from dali_variables.o(.data)
 <LI><a href="#[53]">ADD_TO_GROUP_10</a> from dali_functions.o(i.ADD_TO_GROUP_10) referenced 2 times from dali_variables.o(.data)
 <LI><a href="#[54]">ADD_TO_GROUP_11</a> from dali_functions.o(i.ADD_TO_GROUP_11) referenced 2 times from dali_variables.o(.data)
 <LI><a href="#[55]">ADD_TO_GROUP_12</a> from dali_functions.o(i.ADD_TO_GROUP_12) referenced 2 times from dali_variables.o(.data)
 <LI><a href="#[56]">ADD_TO_GROUP_13</a> from dali_functions.o(i.ADD_TO_GROUP_13) referenced 2 times from dali_variables.o(.data)
 <LI><a href="#[57]">ADD_TO_GROUP_14</a> from dali_functions.o(i.ADD_TO_GROUP_14) referenced 2 times from dali_variables.o(.data)
 <LI><a href="#[58]">ADD_TO_GROUP_15</a> from dali_functions.o(i.ADD_TO_GROUP_15) referenced 2 times from dali_variables.o(.data)
 <LI><a href="#[4b]">ADD_TO_GROUP_2</a> from dali_functions.o(i.ADD_TO_GROUP_2) referenced 2 times from dali_variables.o(.data)
 <LI><a href="#[4c]">ADD_TO_GROUP_3</a> from dali_functions.o(i.ADD_TO_GROUP_3) referenced 2 times from dali_variables.o(.data)
 <LI><a href="#[4d]">ADD_TO_GROUP_4</a> from dali_functions.o(i.ADD_TO_GROUP_4) referenced 2 times from dali_variables.o(.data)
 <LI><a href="#[4e]">ADD_TO_GROUP_5</a> from dali_functions.o(i.ADD_TO_GROUP_5) referenced 2 times from dali_variables.o(.data)
 <LI><a href="#[4f]">ADD_TO_GROUP_6</a> from dali_functions.o(i.ADD_TO_GROUP_6) referenced 2 times from dali_variables.o(.data)
 <LI><a href="#[50]">ADD_TO_GROUP_7</a> from dali_functions.o(i.ADD_TO_GROUP_7) referenced 2 times from dali_variables.o(.data)
 <LI><a href="#[51]">ADD_TO_GROUP_8</a> from dali_functions.o(i.ADD_TO_GROUP_8) referenced 2 times from dali_variables.o(.data)
 <LI><a href="#[52]">ADD_TO_GROUP_9</a> from dali_functions.o(i.ADD_TO_GROUP_9) referenced 2 times from dali_variables.o(.data)
 <LI><a href="#[9f]">COMPARE</a> from dali_functions.o(i.COMPARE) referenced 2 times from dali_variables.o(.data)
 <LI><a href="#[bc]">DMA1_Ch4_7_DMAMUX1_OVR_IRQHandler</a> from startup_stm32g070xx.o(.text) referenced from startup_stm32g070xx.o(RESET)
 <LI><a href="#[ba]">DMA1_Channel1_IRQHandler</a> from startup_stm32g070xx.o(.text) referenced from startup_stm32g070xx.o(RESET)
 <LI><a href="#[bb]">DMA1_Channel2_3_IRQHandler</a> from startup_stm32g070xx.o(.text) referenced from startup_stm32g070xx.o(RESET)
 <LI><a href="#[2]">DOWN_command</a> from dali_functions.o(i.DOWN_command) referenced 2 times from dali_variables.o(.data)
 <LI><a href="#[9c]">DTR0_LOAD</a> from dali_functions.o(i.DTR0_LOAD) referenced 2 times from dali_variables.o(.data)
 <LI><a href="#[a9]">DTR1_LOAD</a> from dali_functions.o(i.DTR1_LOAD) referenced 2 times from dali_variables.o(.data)
 <LI><a href="#[aa]">DTR2_LOAD</a> from dali_functions.o(i.DTR2_LOAD) referenced 2 times from dali_variables.o(.data)
 <LI><a href="#[9]">ENABLE_DAPC_SEQUENCE</a> from dali_functions.o(i.ENABLE_DAPC_SEQUENCE) referenced 2 times from dali_variables.o(.data)
 <LI><a href="#[a8]">ENABLE_DEVICE_TYPE</a> from dali_functions.o(i.ENABLE_DEVICE_TYPE) referenced 2 times from dali_variables.o(.data)
 <LI><a href="#[6a]">ENABLE_WRITE_MEMORY</a> from dali_functions.o(i.ENABLE_WRITE_MEMORY) referenced 2 times from dali_variables.o(.data)
 <LI><a href="#[b7]">EXTI0_1_IRQHandler</a> from startup_stm32g070xx.o(.text) referenced from startup_stm32g070xx.o(RESET)
 <LI><a href="#[b8]">EXTI2_3_IRQHandler</a> from startup_stm32g070xx.o(.text) referenced from startup_stm32g070xx.o(RESET)
 <LI><a href="#[b9]">EXTI4_15_IRQHandler</a> from stm32g0xx_it.o(i.EXTI4_15_IRQHandler) referenced from startup_stm32g070xx.o(RESET)
 <LI><a href="#[b5]">FLASH_IRQHandler</a> from startup_stm32g070xx.o(.text) referenced from startup_stm32g070xx.o(RESET)
 <LI><a href="#[a]">GO_TO_LAST_ACTIVE_LEVEL</a> from dali_functions.o(i.GO_TO_LAST_ACTIVE_LEVEL) referenced 2 times from dali_variables.o(.data)
 <LI><a href="#[c]">GO_TO_SCENE_0</a> from dali_functions.o(i.GO_TO_SCENE_0) referenced 2 times from dali_variables.o(.data)
 <LI><a href="#[d]">GO_TO_SCENE_1</a> from dali_functions.o(i.GO_TO_SCENE_1) referenced 2 times from dali_variables.o(.data)
 <LI><a href="#[16]">GO_TO_SCENE_10</a> from dali_functions.o(i.GO_TO_SCENE_10) referenced 2 times from dali_variables.o(.data)
 <LI><a href="#[17]">GO_TO_SCENE_11</a> from dali_functions.o(i.GO_TO_SCENE_11) referenced 2 times from dali_variables.o(.data)
 <LI><a href="#[18]">GO_TO_SCENE_12</a> from dali_functions.o(i.GO_TO_SCENE_12) referenced 2 times from dali_variables.o(.data)
 <LI><a href="#[19]">GO_TO_SCENE_13</a> from dali_functions.o(i.GO_TO_SCENE_13) referenced 2 times from dali_variables.o(.data)
 <LI><a href="#[1a]">GO_TO_SCENE_14</a> from dali_functions.o(i.GO_TO_SCENE_14) referenced 2 times from dali_variables.o(.data)
 <LI><a href="#[1b]">GO_TO_SCENE_15</a> from dali_functions.o(i.GO_TO_SCENE_15) referenced 2 times from dali_variables.o(.data)
 <LI><a href="#[e]">GO_TO_SCENE_2</a> from dali_functions.o(i.GO_TO_SCENE_2) referenced 2 times from dali_variables.o(.data)
 <LI><a href="#[f]">GO_TO_SCENE_3</a> from dali_functions.o(i.GO_TO_SCENE_3) referenced 2 times from dali_variables.o(.data)
 <LI><a href="#[10]">GO_TO_SCENE_4</a> from dali_functions.o(i.GO_TO_SCENE_4) referenced 2 times from dali_variables.o(.data)
 <LI><a href="#[11]">GO_TO_SCENE_5</a> from dali_functions.o(i.GO_TO_SCENE_5) referenced 2 times from dali_variables.o(.data)
 <LI><a href="#[12]">GO_TO_SCENE_6</a> from dali_functions.o(i.GO_TO_SCENE_6) referenced 2 times from dali_variables.o(.data)
 <LI><a href="#[13]">GO_TO_SCENE_7</a> from dali_functions.o(i.GO_TO_SCENE_7) referenced 2 times from dali_variables.o(.data)
 <LI><a href="#[14]">GO_TO_SCENE_8</a> from dali_functions.o(i.GO_TO_SCENE_8) referenced 2 times from dali_variables.o(.data)
 <LI><a href="#[15]">GO_TO_SCENE_9</a> from dali_functions.o(i.GO_TO_SCENE_9) referenced 2 times from dali_variables.o(.data)
 <LI><a href="#[af]">HardFault_Handler</a> from stm32g0xx_it.o(i.HardFault_Handler) referenced from startup_stm32g070xx.o(RESET)
 <LI><a href="#[c7]">I2C1_IRQHandler</a> from startup_stm32g070xx.o(.text) referenced from startup_stm32g070xx.o(RESET)
 <LI><a href="#[c8]">I2C2_IRQHandler</a> from startup_stm32g070xx.o(.text) referenced from startup_stm32g070xx.o(RESET)
 <LI><a href="#[21]">IDENTIFY_DEVICE</a> from dali_functions.o(i.IDENTIFY_DEVICE) referenced 2 times from dali_variables.o(.data)
 <LI><a href="#[9d]">INITIALISE</a> from dali_functions.o(i.INITIALISE) referenced 2 times from dali_variables.o(.data)
 <LI><a href="#[ae]">NMI_Handler</a> from stm32g0xx_it.o(i.NMI_Handler) referenced from startup_stm32g070xx.o(RESET)
 <LI><a href="#[b]">NO_COMMAND_DEFINED</a> from dali_functions.o(i.NO_COMMAND_DEFINED) referenced 88 times from dali_variables.o(.data)
 <LI><a href="#[0]">OFF_command</a> from dali_functions.o(i.OFF_command) referenced 2 times from dali_variables.o(.data)
 <LI><a href="#[8]">ON_N_STEP_UP</a> from dali_functions.o(i.ON_N_STEP_UP) referenced 2 times from dali_variables.o(.data)
 <LI><a href="#[a1]">PING</a> from dali_functions.o(i.PING) referenced 2 times from dali_variables.o(.data)
 <LI><a href="#[a5]">PROGRAM_SHORT_ADDR</a> from dali_functions.o(i.PROGRAM_SHORT_ADDR) referenced 2 times from dali_variables.o(.data)
 <LI><a href="#[b1]">PendSV_Handler</a> from stm32g0xx_it.o(i.PendSV_Handler) referenced from startup_stm32g070xx.o(RESET)
 <LI><a href="#[7b]">QUERY_ACTUAL_LEVEL</a> from dali_functions.o(i.QUERY_ACTUAL_LEVEL) referenced 2 times from dali_variables.o(.data)
 <LI><a href="#[77]">QUERY_CONTENT_DRT1</a> from dali_functions.o(i.QUERY_CONTENT_DRT1) referenced 2 times from dali_variables.o(.data)
 <LI><a href="#[78]">QUERY_CONTENT_DRT2</a> from dali_functions.o(i.QUERY_CONTENT_DRT2) referenced 2 times from dali_variables.o(.data)
 <LI><a href="#[73]">QUERY_CONTENT_DTR0</a> from dali_functions.o(i.QUERY_CONTENT_DTR0) referenced 2 times from dali_variables.o(.data)
 <LI><a href="#[84]">QUERY_CONTROL_GEAR_FAILURE</a> from dali_functions.o(i.QUERY_CONTROL_GEAR_FAILURE) referenced 2 times from dali_variables.o(.data)
 <LI><a href="#[6c]">QUERY_CONTROL_GEAR_PRESENT</a> from dali_functions.o(i.QUERY_CONTROL_GEAR_PRESENT) referenced 2 times from dali_variables.o(.data)
 <LI><a href="#[74]">QUERY_DEVICE_TYPE</a> from dali_functions.o(i.QUERY_DEVICE_TYPE) referenced 2 times from dali_variables.o(.data)
 <LI><a href="#[83]">QUERY_EXTENDED_FADE_TIME</a> from dali_functions.o(i.QUERY_EXTENDED_FADE_TIME) referenced 2 times from dali_variables.o(.data)
 <LI><a href="#[80]">QUERY_FADE_TIME_RATE</a> from dali_functions.o(i.QUERY_FADE_TIME_RATE) referenced 2 times from dali_variables.o(.data)
 <LI><a href="#[95]">QUERY_GROUPS_0_7</a> from dali_functions.o(i.QUERY_GROUPS_0_7) referenced 2 times from dali_variables.o(.data)
 <LI><a href="#[96]">QUERY_GROUPS_8_15</a> from dali_functions.o(i.QUERY_GROUPS_8_15) referenced 2 times from dali_variables.o(.data)
 <LI><a href="#[6d]">QUERY_LAMP_FAILURE</a> from dali_functions.o(i.QUERY_LAMP_FAILURE) referenced 2 times from dali_variables.o(.data)
 <LI><a href="#[6e]">QUERY_LAMP_POWER_ON</a> from dali_functions.o(i.QUERY_LAMP_POWER_ON) referenced 2 times from dali_variables.o(.data)
 <LI><a href="#[7a]">QUERY_LIGHT_SOUERCE_TYPE</a> from dali_functions.o(i.QUERY_LIGHT_SOUERCE_TYPE) referenced 2 times from dali_variables.o(.data)
 <LI><a href="#[6f]">QUERY_LIMIT_ERROR</a> from dali_functions.o(i.QUERY_LIMIT_ERROR) referenced 2 times from dali_variables.o(.data)
 <LI><a href="#[81]">QUERY_MANUFACTURER_SPECIFIC_MODE</a> from dali_functions.o(i.QUERY_MANUFACTURER_SPECIFIC_MODE) referenced 2 times from dali_variables.o(.data)
 <LI><a href="#[7c]">QUERY_MAX_LEVEL</a> from dali_functions.o(i.QUERY_MAX_LEVEL) referenced 2 times from dali_variables.o(.data)
 <LI><a href="#[7d]">QUERY_MIN_LEVEL</a> from dali_functions.o(i.QUERY_MIN_LEVEL) referenced 2 times from dali_variables.o(.data)
 <LI><a href="#[71]">QUERY_MISSING_SHORT_ADDRESS</a> from dali_functions.o(i.QUERY_MISSING_SHORT_ADDRESS) referenced 2 times from dali_variables.o(.data)
 <LI><a href="#[82]">QUERY_NEXT_DEVICE_TYPE</a> from dali_functions.o(i.QUERY_NEXT_DEVICE_TYPE) referenced 2 times from dali_variables.o(.data)
 <LI><a href="#[79]">QUERY_OPERATING_MODE</a> from dali_functions.o(i.QUERY_OPERATING_MODE) referenced 2 times from dali_variables.o(.data)
 <LI><a href="#[75]">QUERY_PHYSICAL_MINIMUM</a> from dali_functions.o(i.QUERY_PHYSICAL_MINIMUM) referenced 2 times from dali_variables.o(.data)
 <LI><a href="#[76]">QUERY_POWER_FAILURE</a> from dali_functions.o(i.QUERY_POWER_FAILURE) referenced 2 times from dali_variables.o(.data)
 <LI><a href="#[7e]">QUERY_POWER_ON_LEVEL</a> from dali_functions.o(i.QUERY_POWER_ON_LEVEL) referenced 2 times from dali_variables.o(.data)
 <LI><a href="#[97]">QUERY_RANDOM_ADDR_H</a> from dali_functions.o(i.QUERY_RANDOM_ADDR_H) referenced 2 times from dali_variables.o(.data)
 <LI><a href="#[99]">QUERY_RANDOM_ADDR_L</a> from dali_functions.o(i.QUERY_RANDOM_ADDR_L) referenced 2 times from dali_variables.o(.data)
 <LI><a href="#[98]">QUERY_RANDOM_ADDR_M</a> from dali_functions.o(i.QUERY_RANDOM_ADDR_M) referenced 2 times from dali_variables.o(.data)
 <LI><a href="#[9a]">QUERY_READ_MEM_LOCATION</a> from dali_functions.o(i.QUERY_READ_MEM_LOCATION) referenced 2 times from dali_variables.o(.data)
 <LI><a href="#[70]">QUERY_RESET_STATE</a> from dali_functions.o(i.QUERY_RESET_STATE) referenced 2 times from dali_variables.o(.data)
 <LI><a href="#[85]">QUERY_SCENE_0_LEVEL</a> from dali_functions.o(i.QUERY_SCENE_0_LEVEL) referenced 2 times from dali_variables.o(.data)
 <LI><a href="#[8f]">QUERY_SCENE_10_LEVEL</a> from dali_functions.o(i.QUERY_SCENE_10_LEVEL) referenced 2 times from dali_variables.o(.data)
 <LI><a href="#[90]">QUERY_SCENE_11_LEVEL</a> from dali_functions.o(i.QUERY_SCENE_11_LEVEL) referenced 2 times from dali_variables.o(.data)
 <LI><a href="#[91]">QUERY_SCENE_12_LEVEL</a> from dali_functions.o(i.QUERY_SCENE_12_LEVEL) referenced 2 times from dali_variables.o(.data)
 <LI><a href="#[92]">QUERY_SCENE_13_LEVEL</a> from dali_functions.o(i.QUERY_SCENE_13_LEVEL) referenced 2 times from dali_variables.o(.data)
 <LI><a href="#[93]">QUERY_SCENE_14_LEVEL</a> from dali_functions.o(i.QUERY_SCENE_14_LEVEL) referenced 2 times from dali_variables.o(.data)
 <LI><a href="#[94]">QUERY_SCENE_15_LEVEL</a> from dali_functions.o(i.QUERY_SCENE_15_LEVEL) referenced 2 times from dali_variables.o(.data)
 <LI><a href="#[86]">QUERY_SCENE_1_LEVEL</a> from dali_functions.o(i.QUERY_SCENE_1_LEVEL) referenced 2 times from dali_variables.o(.data)
 <LI><a href="#[87]">QUERY_SCENE_2_LEVEL</a> from dali_functions.o(i.QUERY_SCENE_2_LEVEL) referenced 2 times from dali_variables.o(.data)
 <LI><a href="#[88]">QUERY_SCENE_3_LEVEL</a> from dali_functions.o(i.QUERY_SCENE_3_LEVEL) referenced 2 times from dali_variables.o(.data)
 <LI><a href="#[89]">QUERY_SCENE_4_LEVEL</a> from dali_functions.o(i.QUERY_SCENE_4_LEVEL) referenced 2 times from dali_variables.o(.data)
 <LI><a href="#[8a]">QUERY_SCENE_5_LEVEL</a> from dali_functions.o(i.QUERY_SCENE_5_LEVEL) referenced 2 times from dali_variables.o(.data)
 <LI><a href="#[8b]">QUERY_SCENE_6_LEVEL</a> from dali_functions.o(i.QUERY_SCENE_6_LEVEL) referenced 2 times from dali_variables.o(.data)
 <LI><a href="#[8c]">QUERY_SCENE_7_LEVEL</a> from dali_functions.o(i.QUERY_SCENE_7_LEVEL) referenced 2 times from dali_variables.o(.data)
 <LI><a href="#[8d]">QUERY_SCENE_8_LEVEL</a> from dali_functions.o(i.QUERY_SCENE_8_LEVEL) referenced 2 times from dali_variables.o(.data)
 <LI><a href="#[8e]">QUERY_SCENE_9_LEVEL</a> from dali_functions.o(i.QUERY_SCENE_9_LEVEL) referenced 2 times from dali_variables.o(.data)
 <LI><a href="#[a7]">QUERY_SHORT_ADDR</a> from dali_functions.o(i.QUERY_SHORT_ADDR) referenced 2 times from dali_variables.o(.data)
 <LI><a href="#[6b]">QUERY_STATUS</a> from dali_functions.o(i.QUERY_STATUS) referenced 2 times from dali_variables.o(.data)
 <LI><a href="#[7f]">QUERY_SYSTEM_FAILURA_LEVEL</a> from dali_functions.o(i.QUERY_SYSTEM_FAILURA_LEVEL) referenced 2 times from dali_variables.o(.data)
 <LI><a href="#[72]">QUERY_VERSION_NUMBER</a> from dali_functions.o(i.QUERY_VERSION_NUMBER) referenced 2 times from dali_variables.o(.data)
 <LI><a href="#[9e]">RANDOMISE</a> from dali_functions.o(i.RANDOMISE) referenced 2 times from dali_variables.o(.data)
 <LI><a href="#[b6]">RCC_IRQHandler</a> from startup_stm32g070xx.o(.text) referenced from startup_stm32g070xx.o(RESET)
 <LI><a href="#[5]">RECALL_MAX_LEVEL</a> from dali_functions.o(i.RECALL_MAX_LEVEL) referenced 2 times from dali_variables.o(.data)
 <LI><a href="#[6]">RECALL_MIN_LEVEL</a> from dali_functions.o(i.RECALL_MIN_LEVEL) referenced 2 times from dali_variables.o(.data)
 <LI><a href="#[59]">REMOVE_FROM_GROUP_0</a> from dali_functions.o(i.REMOVE_FROM_GROUP_0) referenced 2 times from dali_variables.o(.data)
 <LI><a href="#[5a]">REMOVE_FROM_GROUP_1</a> from dali_functions.o(i.REMOVE_FROM_GROUP_1) referenced 2 times from dali_variables.o(.data)
 <LI><a href="#[63]">REMOVE_FROM_GROUP_10</a> from dali_functions.o(i.REMOVE_FROM_GROUP_10) referenced 2 times from dali_variables.o(.data)
 <LI><a href="#[64]">REMOVE_FROM_GROUP_11</a> from dali_functions.o(i.REMOVE_FROM_GROUP_11) referenced 2 times from dali_variables.o(.data)
 <LI><a href="#[65]">REMOVE_FROM_GROUP_12</a> from dali_functions.o(i.REMOVE_FROM_GROUP_12) referenced 2 times from dali_variables.o(.data)
 <LI><a href="#[66]">REMOVE_FROM_GROUP_13</a> from dali_functions.o(i.REMOVE_FROM_GROUP_13) referenced 2 times from dali_variables.o(.data)
 <LI><a href="#[67]">REMOVE_FROM_GROUP_14</a> from dali_functions.o(i.REMOVE_FROM_GROUP_14) referenced 2 times from dali_variables.o(.data)
 <LI><a href="#[68]">REMOVE_FROM_GROUP_15</a> from dali_functions.o(i.REMOVE_FROM_GROUP_15) referenced 2 times from dali_variables.o(.data)
 <LI><a href="#[5b]">REMOVE_FROM_GROUP_2</a> from dali_functions.o(i.REMOVE_FROM_GROUP_2) referenced 2 times from dali_variables.o(.data)
 <LI><a href="#[5c]">REMOVE_FROM_GROUP_3</a> from dali_functions.o(i.REMOVE_FROM_GROUP_3) referenced 2 times from dali_variables.o(.data)
 <LI><a href="#[5d]">REMOVE_FROM_GROUP_4</a> from dali_functions.o(i.REMOVE_FROM_GROUP_4) referenced 2 times from dali_variables.o(.data)
 <LI><a href="#[5e]">REMOVE_FROM_GROUP_5</a> from dali_functions.o(i.REMOVE_FROM_GROUP_5) referenced 2 times from dali_variables.o(.data)
 <LI><a href="#[5f]">REMOVE_FROM_GROUP_6</a> from dali_functions.o(i.REMOVE_FROM_GROUP_6) referenced 2 times from dali_variables.o(.data)
 <LI><a href="#[60]">REMOVE_FROM_GROUP_7</a> from dali_functions.o(i.REMOVE_FROM_GROUP_7) referenced 2 times from dali_variables.o(.data)
 <LI><a href="#[61]">REMOVE_FROM_GROUP_8</a> from dali_functions.o(i.REMOVE_FROM_GROUP_8) referenced 2 times from dali_variables.o(.data)
 <LI><a href="#[62]">REMOVE_FROM_GROUP_9</a> from dali_functions.o(i.REMOVE_FROM_GROUP_9) referenced 2 times from dali_variables.o(.data)
 <LI><a href="#[39]">REMOVE_FROM_SCENE_0</a> from dali_functions.o(i.REMOVE_FROM_SCENE_0) referenced 2 times from dali_variables.o(.data)
 <LI><a href="#[3a]">REMOVE_FROM_SCENE_1</a> from dali_functions.o(i.REMOVE_FROM_SCENE_1) referenced 2 times from dali_variables.o(.data)
 <LI><a href="#[43]">REMOVE_FROM_SCENE_10</a> from dali_functions.o(i.REMOVE_FROM_SCENE_10) referenced 2 times from dali_variables.o(.data)
 <LI><a href="#[44]">REMOVE_FROM_SCENE_11</a> from dali_functions.o(i.REMOVE_FROM_SCENE_11) referenced 2 times from dali_variables.o(.data)
 <LI><a href="#[45]">REMOVE_FROM_SCENE_12</a> from dali_functions.o(i.REMOVE_FROM_SCENE_12) referenced 2 times from dali_variables.o(.data)
 <LI><a href="#[46]">REMOVE_FROM_SCENE_13</a> from dali_functions.o(i.REMOVE_FROM_SCENE_13) referenced 2 times from dali_variables.o(.data)
 <LI><a href="#[47]">REMOVE_FROM_SCENE_14</a> from dali_functions.o(i.REMOVE_FROM_SCENE_14) referenced 2 times from dali_variables.o(.data)
 <LI><a href="#[48]">REMOVE_FROM_SCENE_15</a> from dali_functions.o(i.REMOVE_FROM_SCENE_15) referenced 2 times from dali_variables.o(.data)
 <LI><a href="#[3b]">REMOVE_FROM_SCENE_2</a> from dali_functions.o(i.REMOVE_FROM_SCENE_2) referenced 2 times from dali_variables.o(.data)
 <LI><a href="#[3c]">REMOVE_FROM_SCENE_3</a> from dali_functions.o(i.REMOVE_FROM_SCENE_3) referenced 2 times from dali_variables.o(.data)
 <LI><a href="#[3d]">REMOVE_FROM_SCENE_4</a> from dali_functions.o(i.REMOVE_FROM_SCENE_4) referenced 2 times from dali_variables.o(.data)
 <LI><a href="#[3e]">REMOVE_FROM_SCENE_5</a> from dali_functions.o(i.REMOVE_FROM_SCENE_5) referenced 2 times from dali_variables.o(.data)
 <LI><a href="#[3f]">REMOVE_FROM_SCENE_6</a> from dali_functions.o(i.REMOVE_FROM_SCENE_6) referenced 2 times from dali_variables.o(.data)
 <LI><a href="#[40]">REMOVE_FROM_SCENE_7</a> from dali_functions.o(i.REMOVE_FROM_SCENE_7) referenced 2 times from dali_variables.o(.data)
 <LI><a href="#[41]">REMOVE_FROM_SCENE_8</a> from dali_functions.o(i.REMOVE_FROM_SCENE_8) referenced 2 times from dali_variables.o(.data)
 <LI><a href="#[42]">REMOVE_FROM_SCENE_9</a> from dali_functions.o(i.REMOVE_FROM_SCENE_9) referenced 2 times from dali_variables.o(.data)
 <LI><a href="#[20]">RESET_MEMORY_BANK</a> from dali_functions.o(i.RESET_MEMORY_BANK) referenced 2 times from dali_variables.o(.data)
 <LI><a href="#[1c]">RESET_command</a> from dali_functions.o(i.RESET_command) referenced 2 times from dali_variables.o(.data)
 <LI><a href="#[b4]">RTC_TAMP_IRQHandler</a> from startup_stm32g070xx.o(.text) referenced from startup_stm32g070xx.o(RESET)
 <LI><a href="#[ad]">Reset_Handler</a> from startup_stm32g070xx.o(.text) referenced from startup_stm32g070xx.o(RESET)
 <LI><a href="#[1e]">SAVE_PERSISTENT_VARIABLES</a> from dali_functions.o(i.SAVE_PERSISTENT_VARIABLES) referenced 2 times from dali_variables.o(.data)
 <LI><a href="#[a2]">SEARCHADDRH</a> from dali_functions.o(i.SEARCHADDRH) referenced 2 times from dali_variables.o(.data)
 <LI><a href="#[a4]">SEARCHADDRL</a> from dali_functions.o(i.SEARCHADDRL) referenced 2 times from dali_variables.o(.data)
 <LI><a href="#[a3]">SEARCHADDRM</a> from dali_functions.o(i.SEARCHADDRM) referenced 2 times from dali_variables.o(.data)
 <LI><a href="#[28]">SET_EXTENDED_FADE_RATE</a> from dali_functions.o(i.SET_EXTENDED_FADE_RATE) referenced 2 times from dali_variables.o(.data)
 <LI><a href="#[27]">SET_FADE_RATE</a> from dali_functions.o(i.SET_FADE_RATE) referenced 2 times from dali_variables.o(.data)
 <LI><a href="#[26]">SET_FADE_TIME</a> from dali_functions.o(i.SET_FADE_TIME) referenced 2 times from dali_variables.o(.data)
 <LI><a href="#[22]">SET_MAX_LEVEL</a> from dali_functions.o(i.SET_MAX_LEVEL) referenced 2 times from dali_variables.o(.data)
 <LI><a href="#[23]">SET_MIN_LEVEL</a> from dali_functions.o(i.SET_MIN_LEVEL) referenced 2 times from dali_variables.o(.data)
 <LI><a href="#[1f]">SET_OPERATING_MODE</a> from dali_functions.o(i.SET_OPERATING_MODE) referenced 2 times from dali_variables.o(.data)
 <LI><a href="#[25]">SET_POWER_ON_LEVEL</a> from dali_functions.o(i.SET_POWER_ON_LEVEL) referenced 2 times from dali_variables.o(.data)
 <LI><a href="#[29]">SET_SCENE_0</a> from dali_functions.o(i.SET_SCENE_0) referenced 2 times from dali_variables.o(.data)
 <LI><a href="#[2a]">SET_SCENE_1</a> from dali_functions.o(i.SET_SCENE_1) referenced 2 times from dali_variables.o(.data)
 <LI><a href="#[33]">SET_SCENE_10</a> from dali_functions.o(i.SET_SCENE_10) referenced 2 times from dali_variables.o(.data)
 <LI><a href="#[34]">SET_SCENE_11</a> from dali_functions.o(i.SET_SCENE_11) referenced 2 times from dali_variables.o(.data)
 <LI><a href="#[35]">SET_SCENE_12</a> from dali_functions.o(i.SET_SCENE_12) referenced 2 times from dali_variables.o(.data)
 <LI><a href="#[36]">SET_SCENE_13</a> from dali_functions.o(i.SET_SCENE_13) referenced 2 times from dali_variables.o(.data)
 <LI><a href="#[37]">SET_SCENE_14</a> from dali_functions.o(i.SET_SCENE_14) referenced 2 times from dali_variables.o(.data)
 <LI><a href="#[38]">SET_SCENE_15</a> from dali_functions.o(i.SET_SCENE_15) referenced 2 times from dali_variables.o(.data)
 <LI><a href="#[2b]">SET_SCENE_2</a> from dali_functions.o(i.SET_SCENE_2) referenced 2 times from dali_variables.o(.data)
 <LI><a href="#[2c]">SET_SCENE_3</a> from dali_functions.o(i.SET_SCENE_3) referenced 2 times from dali_variables.o(.data)
 <LI><a href="#[2d]">SET_SCENE_4</a> from dali_functions.o(i.SET_SCENE_4) referenced 2 times from dali_variables.o(.data)
 <LI><a href="#[2e]">SET_SCENE_5</a> from dali_functions.o(i.SET_SCENE_5) referenced 2 times from dali_variables.o(.data)
 <LI><a href="#[2f]">SET_SCENE_6</a> from dali_functions.o(i.SET_SCENE_6) referenced 2 times from dali_variables.o(.data)
 <LI><a href="#[30]">SET_SCENE_7</a> from dali_functions.o(i.SET_SCENE_7) referenced 2 times from dali_variables.o(.data)
 <LI><a href="#[31]">SET_SCENE_8</a> from dali_functions.o(i.SET_SCENE_8) referenced 2 times from dali_variables.o(.data)
 <LI><a href="#[32]">SET_SCENE_9</a> from dali_functions.o(i.SET_SCENE_9) referenced 2 times from dali_variables.o(.data)
 <LI><a href="#[69]">SET_SHORT_ADDRESS</a> from dali_functions.o(i.SET_SHORT_ADDRESS) referenced 2 times from dali_variables.o(.data)
 <LI><a href="#[24]">SET_SYSTEM_FAILURE_LEVEL</a> from dali_functions.o(i.SET_SYSTEM_FAILURE_LEVEL) referenced 2 times from dali_variables.o(.data)
 <LI><a href="#[c9]">SPI1_IRQHandler</a> from startup_stm32g070xx.o(.text) referenced from startup_stm32g070xx.o(RESET)
 <LI><a href="#[ca]">SPI2_IRQHandler</a> from startup_stm32g070xx.o(.text) referenced from startup_stm32g070xx.o(RESET)
 <LI><a href="#[4]">STEP_DOWN</a> from dali_functions.o(i.STEP_DOWN) referenced 2 times from dali_variables.o(.data)
 <LI><a href="#[7]">STEP_DOWN_N_OFF</a> from dali_functions.o(i.STEP_DOWN_N_OFF) referenced 2 times from dali_variables.o(.data)
 <LI><a href="#[3]">STEP_UP</a> from dali_functions.o(i.STEP_UP) referenced 2 times from dali_variables.o(.data)
 <LI><a href="#[1d]">STORE_ACTUAL_LEVEL_IN_DTR0</a> from dali_functions.o(i.STORE_ACTUAL_LEVEL_IN_DTR0) referenced 2 times from dali_variables.o(.data)
 <LI><a href="#[b0]">SVC_Handler</a> from stm32g0xx_it.o(i.SVC_Handler) referenced from startup_stm32g070xx.o(RESET)
 <LI><a href="#[b2]">SysTick_Handler</a> from stm32g0xx_it.o(i.SysTick_Handler) referenced from startup_stm32g070xx.o(RESET)
 <LI><a href="#[cf]">SystemInit</a> from system_stm32g0xx.o(i.SystemInit) referenced from startup_stm32g070xx.o(.text)
 <LI><a href="#[9b]">TERMINATE</a> from dali_functions.o(i.TERMINATE) referenced 2 times from dali_variables.o(.data)
 <LI><a href="#[c3]">TIM14_IRQHandler</a> from stm32g0xx_it.o(i.TIM14_IRQHandler) referenced from startup_stm32g070xx.o(RESET)
 <LI><a href="#[c4]">TIM15_IRQHandler</a> from startup_stm32g070xx.o(.text) referenced from startup_stm32g070xx.o(RESET)
 <LI><a href="#[c5]">TIM16_IRQHandler</a> from startup_stm32g070xx.o(.text) referenced from startup_stm32g070xx.o(RESET)
 <LI><a href="#[c6]">TIM17_IRQHandler</a> from startup_stm32g070xx.o(.text) referenced from startup_stm32g070xx.o(RESET)
 <LI><a href="#[be]">TIM1_BRK_UP_TRG_COM_IRQHandler</a> from startup_stm32g070xx.o(.text) referenced from startup_stm32g070xx.o(RESET)
 <LI><a href="#[bf]">TIM1_CC_IRQHandler</a> from startup_stm32g070xx.o(.text) referenced from startup_stm32g070xx.o(RESET)
 <LI><a href="#[c0]">TIM3_IRQHandler</a> from stm32g0xx_it.o(i.TIM3_IRQHandler) referenced from startup_stm32g070xx.o(RESET)
 <LI><a href="#[c1]">TIM6_IRQHandler</a> from stm32g0xx_it.o(i.TIM6_IRQHandler) referenced from startup_stm32g070xx.o(RESET)
 <LI><a href="#[c2]">TIM7_IRQHandler</a> from startup_stm32g070xx.o(.text) referenced from startup_stm32g070xx.o(RESET)
 <LI><a href="#[1]">UP_command</a> from dali_functions.o(i.UP_command) referenced 2 times from dali_variables.o(.data)
 <LI><a href="#[cb]">USART1_IRQHandler</a> from startup_stm32g070xx.o(.text) referenced from startup_stm32g070xx.o(RESET)
 <LI><a href="#[cc]">USART2_IRQHandler</a> from startup_stm32g070xx.o(.text) referenced from startup_stm32g070xx.o(RESET)
 <LI><a href="#[cd]">USART3_4_IRQHandler</a> from startup_stm32g070xx.o(.text) referenced from startup_stm32g070xx.o(RESET)
 <LI><a href="#[a6]">VERIFY_SHORT_ADDR</a> from dali_functions.o(i.VERIFY_SHORT_ADDR) referenced 2 times from dali_variables.o(.data)
 <LI><a href="#[a0]">WITHDRAW</a> from dali_functions.o(i.WITHDRAW) referenced 2 times from dali_variables.o(.data)
 <LI><a href="#[ab]">WRITE_MEM_LOCATION</a> from dali_functions.o(i.WRITE_MEM_LOCATION) referenced 2 times from dali_variables.o(.data)
 <LI><a href="#[ac]">WRITE_MEM_LOCATION_NO_REPLY</a> from dali_functions.o(i.WRITE_MEM_LOCATION_NO_REPLY) referenced 2 times from dali_variables.o(.data)
 <LI><a href="#[b3]">WWDG_IRQHandler</a> from startup_stm32g070xx.o(.text) referenced from startup_stm32g070xx.o(RESET)
 <LI><a href="#[d0]">__main</a> from entry.o(.ARM.Collect$$$$00000000) referenced from startup_stm32g070xx.o(.text)
 <LI><a href="#[ce]">main</a> from main.o(i.main) referenced from entry9a.o(.ARM.Collect$$$$0000000B)
</UL>
<P>
<H3>
Global Symbols
</H3>
<P><STRONG><a name="[d0]"></a>__main</STRONG> (Thumb, 0 bytes, Stack size unknown bytes, entry.o(.ARM.Collect$$$$00000000))
<BR>[Address Reference Count : 1]<UL><LI> startup_stm32g070xx.o(.text)
</UL>
<P><STRONG><a name="[135]"></a>_main_stk</STRONG> (Thumb, 0 bytes, Stack size unknown bytes, entry2.o(.ARM.Collect$$$$00000001))

<P><STRONG><a name="[d1]"></a>_main_scatterload</STRONG> (Thumb, 0 bytes, Stack size unknown bytes, entry5.o(.ARM.Collect$$$$00000004))
<BR><BR>[Calls]<UL><LI><a href="#[d2]">&gt;&gt;</a>&nbsp;&nbsp;&nbsp;__scatterload
</UL>

<P><STRONG><a name="[d8]"></a>__main_after_scatterload</STRONG> (Thumb, 0 bytes, Stack size unknown bytes, entry5.o(.ARM.Collect$$$$00000004))
<BR><BR>[Called By]<UL><LI><a href="#[d2]">&gt;&gt;</a>&nbsp;&nbsp;&nbsp;__scatterload
</UL>

<P><STRONG><a name="[136]"></a>_main_clock</STRONG> (Thumb, 0 bytes, Stack size unknown bytes, entry7b.o(.ARM.Collect$$$$00000008))

<P><STRONG><a name="[137]"></a>_main_cpp_init</STRONG> (Thumb, 0 bytes, Stack size unknown bytes, entry8b.o(.ARM.Collect$$$$0000000A))

<P><STRONG><a name="[138]"></a>_main_init</STRONG> (Thumb, 0 bytes, Stack size unknown bytes, entry9a.o(.ARM.Collect$$$$0000000B))

<P><STRONG><a name="[d3]"></a>__rt_lib_shutdown_fini</STRONG> (Thumb, 0 bytes, Stack size unknown bytes, entry12b.o(.ARM.Collect$$$$0000000E))
<BR><BR>[Calls]<UL><LI><a href="#[d4]">&gt;&gt;</a>&nbsp;&nbsp;&nbsp;__arm_fini_ (Weak Reference)
</UL>

<P><STRONG><a name="[139]"></a>__rt_final_cpp</STRONG> (Thumb, 0 bytes, Stack size unknown bytes, entry10a.o(.ARM.Collect$$$$0000000F))

<P><STRONG><a name="[13a]"></a>__rt_final_exit</STRONG> (Thumb, 0 bytes, Stack size unknown bytes, entry11a.o(.ARM.Collect$$$$00000011))

<P><STRONG><a name="[ad]"></a>Reset_Handler</STRONG> (Thumb, 8 bytes, Stack size 0 bytes, startup_stm32g070xx.o(.text))
<BR>[Address Reference Count : 1]<UL><LI> startup_stm32g070xx.o(RESET)
</UL>
<P><STRONG><a name="[bd]"></a>ADC1_IRQHandler</STRONG> (Thumb, 0 bytes, Stack size 0 bytes, startup_stm32g070xx.o(.text))
<BR><BR>[Calls]<UL><LI><a href="#[bd]">&gt;&gt;</a>&nbsp;&nbsp;&nbsp;ADC1_IRQHandler
</UL>
<BR>[Called By]<UL><LI><a href="#[bd]">&gt;&gt;</a>&nbsp;&nbsp;&nbsp;ADC1_IRQHandler
</UL>
<BR>[Address Reference Count : 1]<UL><LI> startup_stm32g070xx.o(RESET)
</UL>
<P><STRONG><a name="[bc]"></a>DMA1_Ch4_7_DMAMUX1_OVR_IRQHandler</STRONG> (Thumb, 0 bytes, Stack size 0 bytes, startup_stm32g070xx.o(.text))
<BR>[Address Reference Count : 1]<UL><LI> startup_stm32g070xx.o(RESET)
</UL>
<P><STRONG><a name="[ba]"></a>DMA1_Channel1_IRQHandler</STRONG> (Thumb, 0 bytes, Stack size 0 bytes, startup_stm32g070xx.o(.text))
<BR>[Address Reference Count : 1]<UL><LI> startup_stm32g070xx.o(RESET)
</UL>
<P><STRONG><a name="[bb]"></a>DMA1_Channel2_3_IRQHandler</STRONG> (Thumb, 0 bytes, Stack size 0 bytes, startup_stm32g070xx.o(.text))
<BR>[Address Reference Count : 1]<UL><LI> startup_stm32g070xx.o(RESET)
</UL>
<P><STRONG><a name="[b7]"></a>EXTI0_1_IRQHandler</STRONG> (Thumb, 0 bytes, Stack size 0 bytes, startup_stm32g070xx.o(.text))
<BR>[Address Reference Count : 1]<UL><LI> startup_stm32g070xx.o(RESET)
</UL>
<P><STRONG><a name="[b8]"></a>EXTI2_3_IRQHandler</STRONG> (Thumb, 0 bytes, Stack size 0 bytes, startup_stm32g070xx.o(.text))
<BR>[Address Reference Count : 1]<UL><LI> startup_stm32g070xx.o(RESET)
</UL>
<P><STRONG><a name="[b5]"></a>FLASH_IRQHandler</STRONG> (Thumb, 0 bytes, Stack size 0 bytes, startup_stm32g070xx.o(.text))
<BR>[Address Reference Count : 1]<UL><LI> startup_stm32g070xx.o(RESET)
</UL>
<P><STRONG><a name="[c7]"></a>I2C1_IRQHandler</STRONG> (Thumb, 0 bytes, Stack size 0 bytes, startup_stm32g070xx.o(.text))
<BR>[Address Reference Count : 1]<UL><LI> startup_stm32g070xx.o(RESET)
</UL>
<P><STRONG><a name="[c8]"></a>I2C2_IRQHandler</STRONG> (Thumb, 0 bytes, Stack size 0 bytes, startup_stm32g070xx.o(.text))
<BR>[Address Reference Count : 1]<UL><LI> startup_stm32g070xx.o(RESET)
</UL>
<P><STRONG><a name="[b6]"></a>RCC_IRQHandler</STRONG> (Thumb, 0 bytes, Stack size 0 bytes, startup_stm32g070xx.o(.text))
<BR>[Address Reference Count : 1]<UL><LI> startup_stm32g070xx.o(RESET)
</UL>
<P><STRONG><a name="[b4]"></a>RTC_TAMP_IRQHandler</STRONG> (Thumb, 0 bytes, Stack size 0 bytes, startup_stm32g070xx.o(.text))
<BR>[Address Reference Count : 1]<UL><LI> startup_stm32g070xx.o(RESET)
</UL>
<P><STRONG><a name="[c9]"></a>SPI1_IRQHandler</STRONG> (Thumb, 0 bytes, Stack size 0 bytes, startup_stm32g070xx.o(.text))
<BR>[Address Reference Count : 1]<UL><LI> startup_stm32g070xx.o(RESET)
</UL>
<P><STRONG><a name="[ca]"></a>SPI2_IRQHandler</STRONG> (Thumb, 0 bytes, Stack size 0 bytes, startup_stm32g070xx.o(.text))
<BR>[Address Reference Count : 1]<UL><LI> startup_stm32g070xx.o(RESET)
</UL>
<P><STRONG><a name="[c4]"></a>TIM15_IRQHandler</STRONG> (Thumb, 0 bytes, Stack size 0 bytes, startup_stm32g070xx.o(.text))
<BR>[Address Reference Count : 1]<UL><LI> startup_stm32g070xx.o(RESET)
</UL>
<P><STRONG><a name="[c5]"></a>TIM16_IRQHandler</STRONG> (Thumb, 0 bytes, Stack size 0 bytes, startup_stm32g070xx.o(.text))
<BR>[Address Reference Count : 1]<UL><LI> startup_stm32g070xx.o(RESET)
</UL>
<P><STRONG><a name="[c6]"></a>TIM17_IRQHandler</STRONG> (Thumb, 0 bytes, Stack size 0 bytes, startup_stm32g070xx.o(.text))
<BR>[Address Reference Count : 1]<UL><LI> startup_stm32g070xx.o(RESET)
</UL>
<P><STRONG><a name="[be]"></a>TIM1_BRK_UP_TRG_COM_IRQHandler</STRONG> (Thumb, 0 bytes, Stack size 0 bytes, startup_stm32g070xx.o(.text))
<BR>[Address Reference Count : 1]<UL><LI> startup_stm32g070xx.o(RESET)
</UL>
<P><STRONG><a name="[bf]"></a>TIM1_CC_IRQHandler</STRONG> (Thumb, 0 bytes, Stack size 0 bytes, startup_stm32g070xx.o(.text))
<BR>[Address Reference Count : 1]<UL><LI> startup_stm32g070xx.o(RESET)
</UL>
<P><STRONG><a name="[c2]"></a>TIM7_IRQHandler</STRONG> (Thumb, 0 bytes, Stack size 0 bytes, startup_stm32g070xx.o(.text))
<BR>[Address Reference Count : 1]<UL><LI> startup_stm32g070xx.o(RESET)
</UL>
<P><STRONG><a name="[cb]"></a>USART1_IRQHandler</STRONG> (Thumb, 0 bytes, Stack size 0 bytes, startup_stm32g070xx.o(.text))
<BR>[Address Reference Count : 1]<UL><LI> startup_stm32g070xx.o(RESET)
</UL>
<P><STRONG><a name="[cc]"></a>USART2_IRQHandler</STRONG> (Thumb, 0 bytes, Stack size 0 bytes, startup_stm32g070xx.o(.text))
<BR>[Address Reference Count : 1]<UL><LI> startup_stm32g070xx.o(RESET)
</UL>
<P><STRONG><a name="[cd]"></a>USART3_4_IRQHandler</STRONG> (Thumb, 0 bytes, Stack size 0 bytes, startup_stm32g070xx.o(.text))
<BR>[Address Reference Count : 1]<UL><LI> startup_stm32g070xx.o(RESET)
</UL>
<P><STRONG><a name="[b3]"></a>WWDG_IRQHandler</STRONG> (Thumb, 0 bytes, Stack size 0 bytes, startup_stm32g070xx.o(.text))
<BR>[Address Reference Count : 1]<UL><LI> startup_stm32g070xx.o(RESET)
</UL>
<P><STRONG><a name="[13b]"></a>__aeabi_uidiv</STRONG> (Thumb, 0 bytes, Stack size 12 bytes, uidiv.o(.text), UNUSED)

<P><STRONG><a name="[e7]"></a>__aeabi_uidivmod</STRONG> (Thumb, 44 bytes, Stack size 12 bytes, uidiv.o(.text))
<BR><BR>[Stack]<UL><LI>Max Depth = 12<LI>Call Chain = __aeabi_uidivmod
</UL>
<BR>[Called By]<UL><LI><a href="#[f1]">&gt;&gt;</a>&nbsp;&nbsp;&nbsp;HAL_RCC_OscConfig
<LI><a href="#[ec]">&gt;&gt;</a>&nbsp;&nbsp;&nbsp;HAL_PWREx_ControlVoltageScaling
<LI><a href="#[e5]">&gt;&gt;</a>&nbsp;&nbsp;&nbsp;HAL_InitTick
<LI><a href="#[f0]">&gt;&gt;</a>&nbsp;&nbsp;&nbsp;HAL_RCC_GetSysClockFreq
<LI><a href="#[113]">&gt;&gt;</a>&nbsp;&nbsp;&nbsp;UARTEx_SetNbDataToProcess
<LI><a href="#[117]">&gt;&gt;</a>&nbsp;&nbsp;&nbsp;UART_SetConfig
</UL>

<P><STRONG><a name="[d6]"></a>__aeabi_memset</STRONG> (Thumb, 14 bytes, Stack size 0 bytes, memseta.o(.text), UNUSED)
<BR><BR>[Called By]<UL><LI><a href="#[d7]">&gt;&gt;</a>&nbsp;&nbsp;&nbsp;_memset$wrapper
<LI><a href="#[d5]">&gt;&gt;</a>&nbsp;&nbsp;&nbsp;__aeabi_memclr
</UL>

<P><STRONG><a name="[13c]"></a>__aeabi_memset4</STRONG> (Thumb, 0 bytes, Stack size 0 bytes, memseta.o(.text), UNUSED)

<P><STRONG><a name="[13d]"></a>__aeabi_memset8</STRONG> (Thumb, 0 bytes, Stack size 0 bytes, memseta.o(.text), UNUSED)

<P><STRONG><a name="[d5]"></a>__aeabi_memclr</STRONG> (Thumb, 4 bytes, Stack size 0 bytes, memseta.o(.text), UNUSED)
<BR><BR>[Calls]<UL><LI><a href="#[d6]">&gt;&gt;</a>&nbsp;&nbsp;&nbsp;__aeabi_memset
</UL>

<P><STRONG><a name="[105]"></a>__aeabi_memclr4</STRONG> (Thumb, 0 bytes, Stack size 0 bytes, memseta.o(.text))
<BR><BR>[Called By]<UL><LI><a href="#[116]">&gt;&gt;</a>&nbsp;&nbsp;&nbsp;HAL_UART_MspInit
<LI><a href="#[104]">&gt;&gt;</a>&nbsp;&nbsp;&nbsp;HAL_TIM_MspPostInit
<LI><a href="#[124]">&gt;&gt;</a>&nbsp;&nbsp;&nbsp;SystemClock_Config
<LI><a href="#[11d]">&gt;&gt;</a>&nbsp;&nbsp;&nbsp;MX_TIM1_Init
<LI><a href="#[11c]">&gt;&gt;</a>&nbsp;&nbsp;&nbsp;MX_GPIO_Init
</UL>

<P><STRONG><a name="[13e]"></a>__aeabi_memclr8</STRONG> (Thumb, 0 bytes, Stack size 0 bytes, memseta.o(.text), UNUSED)

<P><STRONG><a name="[d7]"></a>_memset$wrapper</STRONG> (Thumb, 18 bytes, Stack size 8 bytes, memseta.o(.text), UNUSED)
<BR><BR>[Calls]<UL><LI><a href="#[d6]">&gt;&gt;</a>&nbsp;&nbsp;&nbsp;__aeabi_memset
</UL>

<P><STRONG><a name="[d2]"></a>__scatterload</STRONG> (Thumb, 28 bytes, Stack size 0 bytes, init.o(.text))
<BR><BR>[Calls]<UL><LI><a href="#[d8]">&gt;&gt;</a>&nbsp;&nbsp;&nbsp;__main_after_scatterload
</UL>
<BR>[Called By]<UL><LI><a href="#[d1]">&gt;&gt;</a>&nbsp;&nbsp;&nbsp;_main_scatterload
</UL>

<P><STRONG><a name="[13f]"></a>__scatterload_rt2</STRONG> (Thumb, 0 bytes, Stack size 0 bytes, init.o(.text), UNUSED)

<P><STRONG><a name="[140]"></a>__decompress</STRONG> (Thumb, 0 bytes, Stack size unknown bytes, __dczerorl2.o(.text), UNUSED)

<P><STRONG><a name="[141]"></a>__decompress1</STRONG> (Thumb, 86 bytes, Stack size unknown bytes, __dczerorl2.o(.text), UNUSED)

<P><STRONG><a name="[49]"></a>ADD_TO_GROUP_0</STRONG> (Thumb, 2 bytes, Stack size 0 bytes, dali_functions.o(i.ADD_TO_GROUP_0))
<BR>[Address Reference Count : 1]<UL><LI> dali_variables.o(.data)
</UL>
<P><STRONG><a name="[4a]"></a>ADD_TO_GROUP_1</STRONG> (Thumb, 2 bytes, Stack size 0 bytes, dali_functions.o(i.ADD_TO_GROUP_1))
<BR>[Address Reference Count : 1]<UL><LI> dali_variables.o(.data)
</UL>
<P><STRONG><a name="[53]"></a>ADD_TO_GROUP_10</STRONG> (Thumb, 2 bytes, Stack size 0 bytes, dali_functions.o(i.ADD_TO_GROUP_10))
<BR>[Address Reference Count : 1]<UL><LI> dali_variables.o(.data)
</UL>
<P><STRONG><a name="[54]"></a>ADD_TO_GROUP_11</STRONG> (Thumb, 2 bytes, Stack size 0 bytes, dali_functions.o(i.ADD_TO_GROUP_11))
<BR>[Address Reference Count : 1]<UL><LI> dali_variables.o(.data)
</UL>
<P><STRONG><a name="[55]"></a>ADD_TO_GROUP_12</STRONG> (Thumb, 2 bytes, Stack size 0 bytes, dali_functions.o(i.ADD_TO_GROUP_12))
<BR>[Address Reference Count : 1]<UL><LI> dali_variables.o(.data)
</UL>
<P><STRONG><a name="[56]"></a>ADD_TO_GROUP_13</STRONG> (Thumb, 2 bytes, Stack size 0 bytes, dali_functions.o(i.ADD_TO_GROUP_13))
<BR>[Address Reference Count : 1]<UL><LI> dali_variables.o(.data)
</UL>
<P><STRONG><a name="[57]"></a>ADD_TO_GROUP_14</STRONG> (Thumb, 2 bytes, Stack size 0 bytes, dali_functions.o(i.ADD_TO_GROUP_14))
<BR>[Address Reference Count : 1]<UL><LI> dali_variables.o(.data)
</UL>
<P><STRONG><a name="[58]"></a>ADD_TO_GROUP_15</STRONG> (Thumb, 2 bytes, Stack size 0 bytes, dali_functions.o(i.ADD_TO_GROUP_15))
<BR>[Address Reference Count : 1]<UL><LI> dali_variables.o(.data)
</UL>
<P><STRONG><a name="[4b]"></a>ADD_TO_GROUP_2</STRONG> (Thumb, 2 bytes, Stack size 0 bytes, dali_functions.o(i.ADD_TO_GROUP_2))
<BR>[Address Reference Count : 1]<UL><LI> dali_variables.o(.data)
</UL>
<P><STRONG><a name="[4c]"></a>ADD_TO_GROUP_3</STRONG> (Thumb, 2 bytes, Stack size 0 bytes, dali_functions.o(i.ADD_TO_GROUP_3))
<BR>[Address Reference Count : 1]<UL><LI> dali_variables.o(.data)
</UL>
<P><STRONG><a name="[4d]"></a>ADD_TO_GROUP_4</STRONG> (Thumb, 2 bytes, Stack size 0 bytes, dali_functions.o(i.ADD_TO_GROUP_4))
<BR>[Address Reference Count : 1]<UL><LI> dali_variables.o(.data)
</UL>
<P><STRONG><a name="[4e]"></a>ADD_TO_GROUP_5</STRONG> (Thumb, 2 bytes, Stack size 0 bytes, dali_functions.o(i.ADD_TO_GROUP_5))
<BR>[Address Reference Count : 1]<UL><LI> dali_variables.o(.data)
</UL>
<P><STRONG><a name="[4f]"></a>ADD_TO_GROUP_6</STRONG> (Thumb, 2 bytes, Stack size 0 bytes, dali_functions.o(i.ADD_TO_GROUP_6))
<BR>[Address Reference Count : 1]<UL><LI> dali_variables.o(.data)
</UL>
<P><STRONG><a name="[50]"></a>ADD_TO_GROUP_7</STRONG> (Thumb, 2 bytes, Stack size 0 bytes, dali_functions.o(i.ADD_TO_GROUP_7))
<BR>[Address Reference Count : 1]<UL><LI> dali_variables.o(.data)
</UL>
<P><STRONG><a name="[51]"></a>ADD_TO_GROUP_8</STRONG> (Thumb, 2 bytes, Stack size 0 bytes, dali_functions.o(i.ADD_TO_GROUP_8))
<BR>[Address Reference Count : 1]<UL><LI> dali_variables.o(.data)
</UL>
<P><STRONG><a name="[52]"></a>ADD_TO_GROUP_9</STRONG> (Thumb, 2 bytes, Stack size 0 bytes, dali_functions.o(i.ADD_TO_GROUP_9))
<BR>[Address Reference Count : 1]<UL><LI> dali_variables.o(.data)
</UL>
<P><STRONG><a name="[d9]"></a>BitTimer_overflow</STRONG> (Thumb, 46 bytes, Stack size 8 bytes, timing_functions.o(i.BitTimer_overflow))
<BR><BR>[Stack]<UL><LI>Max Depth = 80<LI>Call Chain = BitTimer_overflow &rArr; stop_condition_handler &rArr; bus_status_stop &rArr; processRxFrame &rArr; check_address &rArr; check_command
</UL>
<BR>[Calls]<UL><LI><a href="#[da]">&gt;&gt;</a>&nbsp;&nbsp;&nbsp;HAL_TIM_Base_Stop_IT
<LI><a href="#[dc]">&gt;&gt;</a>&nbsp;&nbsp;&nbsp;stop_condition_handler
<LI><a href="#[db]">&gt;&gt;</a>&nbsp;&nbsp;&nbsp;power_down_handler
</UL>
<BR>[Called By]<UL><LI><a href="#[c3]">&gt;&gt;</a>&nbsp;&nbsp;&nbsp;TIM14_IRQHandler
</UL>

<P><STRONG><a name="[9f]"></a>COMPARE</STRONG> (Thumb, 2 bytes, Stack size 0 bytes, dali_functions.o(i.COMPARE))
<BR>[Address Reference Count : 1]<UL><LI> dali_variables.o(.data)
</UL>
<P><STRONG><a name="[12e]"></a>DAPC</STRONG> (Thumb, 2 bytes, Stack size 0 bytes, dali_functions.o(i.DAPC))
<BR><BR>[Called By]<UL><LI><a href="#[12d]">&gt;&gt;</a>&nbsp;&nbsp;&nbsp;check_command
</UL>

<P><STRONG><a name="[2]"></a>DOWN_command</STRONG> (Thumb, 16 bytes, Stack size 8 bytes, dali_functions.o(i.DOWN_command))
<BR><BR>[Stack]<UL><LI>Max Depth = 8<LI>Call Chain = DOWN_command
</UL>
<BR>[Calls]<UL><LI><a href="#[dd]">&gt;&gt;</a>&nbsp;&nbsp;&nbsp;HAL_GPIO_WritePin
</UL>
<BR>[Address Reference Count : 1]<UL><LI> dali_variables.o(.data)
</UL>
<P><STRONG><a name="[9c]"></a>DTR0_LOAD</STRONG> (Thumb, 6 bytes, Stack size 0 bytes, dali_functions.o(i.DTR0_LOAD))
<BR>[Address Reference Count : 1]<UL><LI> dali_variables.o(.data)
</UL>
<P><STRONG><a name="[a9]"></a>DTR1_LOAD</STRONG> (Thumb, 6 bytes, Stack size 0 bytes, dali_functions.o(i.DTR1_LOAD))
<BR>[Address Reference Count : 1]<UL><LI> dali_variables.o(.data)
</UL>
<P><STRONG><a name="[aa]"></a>DTR2_LOAD</STRONG> (Thumb, 6 bytes, Stack size 0 bytes, dali_functions.o(i.DTR2_LOAD))
<BR>[Address Reference Count : 1]<UL><LI> dali_variables.o(.data)
</UL>
<P><STRONG><a name="[9]"></a>ENABLE_DAPC_SEQUENCE</STRONG> (Thumb, 2 bytes, Stack size 0 bytes, dali_functions.o(i.ENABLE_DAPC_SEQUENCE))
<BR>[Address Reference Count : 1]<UL><LI> dali_variables.o(.data)
</UL>
<P><STRONG><a name="[a8]"></a>ENABLE_DEVICE_TYPE</STRONG> (Thumb, 2 bytes, Stack size 0 bytes, dali_functions.o(i.ENABLE_DEVICE_TYPE))
<BR>[Address Reference Count : 1]<UL><LI> dali_variables.o(.data)
</UL>
<P><STRONG><a name="[6a]"></a>ENABLE_WRITE_MEMORY</STRONG> (Thumb, 2 bytes, Stack size 0 bytes, dali_functions.o(i.ENABLE_WRITE_MEMORY))
<BR>[Address Reference Count : 1]<UL><LI> dali_variables.o(.data)
</UL>
<P><STRONG><a name="[b9]"></a>EXTI4_15_IRQHandler</STRONG> (Thumb, 14 bytes, Stack size 8 bytes, stm32g0xx_it.o(i.EXTI4_15_IRQHandler))
<BR><BR>[Stack]<UL><LI>Max Depth = 72<LI>Call Chain = EXTI4_15_IRQHandler &rArr; receive_edge &rArr; edgeHandler &rArr; HalfBitHandler &rArr; HalfBitStorage
</UL>
<BR>[Calls]<UL><LI><a href="#[df]">&gt;&gt;</a>&nbsp;&nbsp;&nbsp;receive_edge
<LI><a href="#[de]">&gt;&gt;</a>&nbsp;&nbsp;&nbsp;HAL_GPIO_EXTI_IRQHandler
</UL>
<BR>[Address Reference Count : 1]<UL><LI> startup_stm32g070xx.o(RESET)
</UL>
<P><STRONG><a name="[e0]"></a>FrameTimer_overflow</STRONG> (Thumb, 34 bytes, Stack size 8 bytes, timing_functions.o(i.FrameTimer_overflow))
<BR><BR>[Stack]<UL><LI>Max Depth = 8<LI>Call Chain = FrameTimer_overflow
</UL>
<BR>[Calls]<UL><LI><a href="#[da]">&gt;&gt;</a>&nbsp;&nbsp;&nbsp;HAL_TIM_Base_Stop_IT
<LI><a href="#[e1]">&gt;&gt;</a>&nbsp;&nbsp;&nbsp;system_failure_handler
</UL>
<BR>[Called By]<UL><LI><a href="#[c0]">&gt;&gt;</a>&nbsp;&nbsp;&nbsp;TIM3_IRQHandler
</UL>

<P><STRONG><a name="[a]"></a>GO_TO_LAST_ACTIVE_LEVEL</STRONG> (Thumb, 2 bytes, Stack size 0 bytes, dali_functions.o(i.GO_TO_LAST_ACTIVE_LEVEL))
<BR>[Address Reference Count : 1]<UL><LI> dali_variables.o(.data)
</UL>
<P><STRONG><a name="[c]"></a>GO_TO_SCENE_0</STRONG> (Thumb, 2 bytes, Stack size 0 bytes, dali_functions.o(i.GO_TO_SCENE_0))
<BR>[Address Reference Count : 1]<UL><LI> dali_variables.o(.data)
</UL>
<P><STRONG><a name="[d]"></a>GO_TO_SCENE_1</STRONG> (Thumb, 2 bytes, Stack size 0 bytes, dali_functions.o(i.GO_TO_SCENE_1))
<BR>[Address Reference Count : 1]<UL><LI> dali_variables.o(.data)
</UL>
<P><STRONG><a name="[16]"></a>GO_TO_SCENE_10</STRONG> (Thumb, 2 bytes, Stack size 0 bytes, dali_functions.o(i.GO_TO_SCENE_10))
<BR>[Address Reference Count : 1]<UL><LI> dali_variables.o(.data)
</UL>
<P><STRONG><a name="[17]"></a>GO_TO_SCENE_11</STRONG> (Thumb, 2 bytes, Stack size 0 bytes, dali_functions.o(i.GO_TO_SCENE_11))
<BR>[Address Reference Count : 1]<UL><LI> dali_variables.o(.data)
</UL>
<P><STRONG><a name="[18]"></a>GO_TO_SCENE_12</STRONG> (Thumb, 2 bytes, Stack size 0 bytes, dali_functions.o(i.GO_TO_SCENE_12))
<BR>[Address Reference Count : 1]<UL><LI> dali_variables.o(.data)
</UL>
<P><STRONG><a name="[19]"></a>GO_TO_SCENE_13</STRONG> (Thumb, 2 bytes, Stack size 0 bytes, dali_functions.o(i.GO_TO_SCENE_13))
<BR>[Address Reference Count : 1]<UL><LI> dali_variables.o(.data)
</UL>
<P><STRONG><a name="[1a]"></a>GO_TO_SCENE_14</STRONG> (Thumb, 2 bytes, Stack size 0 bytes, dali_functions.o(i.GO_TO_SCENE_14))
<BR>[Address Reference Count : 1]<UL><LI> dali_variables.o(.data)
</UL>
<P><STRONG><a name="[1b]"></a>GO_TO_SCENE_15</STRONG> (Thumb, 2 bytes, Stack size 0 bytes, dali_functions.o(i.GO_TO_SCENE_15))
<BR>[Address Reference Count : 1]<UL><LI> dali_variables.o(.data)
</UL>
<P><STRONG><a name="[e]"></a>GO_TO_SCENE_2</STRONG> (Thumb, 2 bytes, Stack size 0 bytes, dali_functions.o(i.GO_TO_SCENE_2))
<BR>[Address Reference Count : 1]<UL><LI> dali_variables.o(.data)
</UL>
<P><STRONG><a name="[f]"></a>GO_TO_SCENE_3</STRONG> (Thumb, 2 bytes, Stack size 0 bytes, dali_functions.o(i.GO_TO_SCENE_3))
<BR>[Address Reference Count : 1]<UL><LI> dali_variables.o(.data)
</UL>
<P><STRONG><a name="[10]"></a>GO_TO_SCENE_4</STRONG> (Thumb, 2 bytes, Stack size 0 bytes, dali_functions.o(i.GO_TO_SCENE_4))
<BR>[Address Reference Count : 1]<UL><LI> dali_variables.o(.data)
</UL>
<P><STRONG><a name="[11]"></a>GO_TO_SCENE_5</STRONG> (Thumb, 2 bytes, Stack size 0 bytes, dali_functions.o(i.GO_TO_SCENE_5))
<BR>[Address Reference Count : 1]<UL><LI> dali_variables.o(.data)
</UL>
<P><STRONG><a name="[12]"></a>GO_TO_SCENE_6</STRONG> (Thumb, 2 bytes, Stack size 0 bytes, dali_functions.o(i.GO_TO_SCENE_6))
<BR>[Address Reference Count : 1]<UL><LI> dali_variables.o(.data)
</UL>
<P><STRONG><a name="[13]"></a>GO_TO_SCENE_7</STRONG> (Thumb, 2 bytes, Stack size 0 bytes, dali_functions.o(i.GO_TO_SCENE_7))
<BR>[Address Reference Count : 1]<UL><LI> dali_variables.o(.data)
</UL>
<P><STRONG><a name="[14]"></a>GO_TO_SCENE_8</STRONG> (Thumb, 2 bytes, Stack size 0 bytes, dali_functions.o(i.GO_TO_SCENE_8))
<BR>[Address Reference Count : 1]<UL><LI> dali_variables.o(.data)
</UL>
<P><STRONG><a name="[15]"></a>GO_TO_SCENE_9</STRONG> (Thumb, 2 bytes, Stack size 0 bytes, dali_functions.o(i.GO_TO_SCENE_9))
<BR>[Address Reference Count : 1]<UL><LI> dali_variables.o(.data)
</UL>
<P><STRONG><a name="[e3]"></a>HAL_GPIO_EXTI_Falling_Callback</STRONG> (Thumb, 2 bytes, Stack size 0 bytes, stm32g0xx_hal_gpio.o(i.HAL_GPIO_EXTI_Falling_Callback))
<BR><BR>[Called By]<UL><LI><a href="#[de]">&gt;&gt;</a>&nbsp;&nbsp;&nbsp;HAL_GPIO_EXTI_IRQHandler
</UL>

<P><STRONG><a name="[de]"></a>HAL_GPIO_EXTI_IRQHandler</STRONG> (Thumb, 36 bytes, Stack size 16 bytes, stm32g0xx_hal_gpio.o(i.HAL_GPIO_EXTI_IRQHandler))
<BR><BR>[Stack]<UL><LI>Max Depth = 16<LI>Call Chain = HAL_GPIO_EXTI_IRQHandler
</UL>
<BR>[Calls]<UL><LI><a href="#[e2]">&gt;&gt;</a>&nbsp;&nbsp;&nbsp;HAL_GPIO_EXTI_Rising_Callback
<LI><a href="#[e3]">&gt;&gt;</a>&nbsp;&nbsp;&nbsp;HAL_GPIO_EXTI_Falling_Callback
</UL>
<BR>[Called By]<UL><LI><a href="#[b9]">&gt;&gt;</a>&nbsp;&nbsp;&nbsp;EXTI4_15_IRQHandler
</UL>

<P><STRONG><a name="[e2]"></a>HAL_GPIO_EXTI_Rising_Callback</STRONG> (Thumb, 2 bytes, Stack size 0 bytes, stm32g0xx_hal_gpio.o(i.HAL_GPIO_EXTI_Rising_Callback))
<BR><BR>[Called By]<UL><LI><a href="#[de]">&gt;&gt;</a>&nbsp;&nbsp;&nbsp;HAL_GPIO_EXTI_IRQHandler
</UL>

<P><STRONG><a name="[106]"></a>HAL_GPIO_Init</STRONG> (Thumb, 330 bytes, Stack size 28 bytes, stm32g0xx_hal_gpio.o(i.HAL_GPIO_Init))
<BR><BR>[Stack]<UL><LI>Max Depth = 28<LI>Call Chain = HAL_GPIO_Init
</UL>
<BR>[Called By]<UL><LI><a href="#[116]">&gt;&gt;</a>&nbsp;&nbsp;&nbsp;HAL_UART_MspInit
<LI><a href="#[104]">&gt;&gt;</a>&nbsp;&nbsp;&nbsp;HAL_TIM_MspPostInit
<LI><a href="#[11c]">&gt;&gt;</a>&nbsp;&nbsp;&nbsp;MX_GPIO_Init
</UL>

<P><STRONG><a name="[132]"></a>HAL_GPIO_ReadPin</STRONG> (Thumb, 10 bytes, Stack size 0 bytes, stm32g0xx_hal_gpio.o(i.HAL_GPIO_ReadPin))
<BR><BR>[Called By]<UL><LI><a href="#[df]">&gt;&gt;</a>&nbsp;&nbsp;&nbsp;receive_edge
</UL>

<P><STRONG><a name="[dd]"></a>HAL_GPIO_WritePin</STRONG> (Thumb, 12 bytes, Stack size 0 bytes, stm32g0xx_hal_gpio.o(i.HAL_GPIO_WritePin))
<BR><BR>[Called By]<UL><LI><a href="#[11c]">&gt;&gt;</a>&nbsp;&nbsp;&nbsp;MX_GPIO_Init
<LI><a href="#[1]">&gt;&gt;</a>&nbsp;&nbsp;&nbsp;UP_command
<LI><a href="#[2]">&gt;&gt;</a>&nbsp;&nbsp;&nbsp;DOWN_command
</UL>

<P><STRONG><a name="[ee]"></a>HAL_GetTick</STRONG> (Thumb, 6 bytes, Stack size 0 bytes, stm32g0xx_hal.o(i.HAL_GetTick))
<BR><BR>[Called By]<UL><LI><a href="#[f1]">&gt;&gt;</a>&nbsp;&nbsp;&nbsp;HAL_RCC_OscConfig
<LI><a href="#[ef]">&gt;&gt;</a>&nbsp;&nbsp;&nbsp;HAL_RCC_ClockConfig
<LI><a href="#[ed]">&gt;&gt;</a>&nbsp;&nbsp;&nbsp;HAL_RCCEx_PeriphCLKConfig
<LI><a href="#[125]">&gt;&gt;</a>&nbsp;&nbsp;&nbsp;UART_WaitOnFlagUntilTimeout
<LI><a href="#[119]">&gt;&gt;</a>&nbsp;&nbsp;&nbsp;UART_CheckIdleState
</UL>

<P><STRONG><a name="[123]"></a>HAL_IncTick</STRONG> (Thumb, 12 bytes, Stack size 0 bytes, stm32g0xx_hal.o(i.HAL_IncTick))
<BR><BR>[Called By]<UL><LI><a href="#[b2]">&gt;&gt;</a>&nbsp;&nbsp;&nbsp;SysTick_Handler
</UL>

<P><STRONG><a name="[e4]"></a>HAL_Init</STRONG> (Thumb, 36 bytes, Stack size 8 bytes, stm32g0xx_hal.o(i.HAL_Init))
<BR><BR>[Stack]<UL><LI>Max Depth = 36<LI>Call Chain = HAL_Init &rArr; HAL_InitTick &rArr; __aeabi_uidivmod
</UL>
<BR>[Calls]<UL><LI><a href="#[e6]">&gt;&gt;</a>&nbsp;&nbsp;&nbsp;HAL_MspInit
<LI><a href="#[e5]">&gt;&gt;</a>&nbsp;&nbsp;&nbsp;HAL_InitTick
</UL>
<BR>[Called By]<UL><LI><a href="#[ce]">&gt;&gt;</a>&nbsp;&nbsp;&nbsp;main
</UL>

<P><STRONG><a name="[e5]"></a>HAL_InitTick</STRONG> (Thumb, 64 bytes, Stack size 16 bytes, stm32g0xx_hal.o(i.HAL_InitTick))
<BR><BR>[Stack]<UL><LI>Max Depth = 28<LI>Call Chain = HAL_InitTick &rArr; __aeabi_uidivmod
</UL>
<BR>[Calls]<UL><LI><a href="#[e9]">&gt;&gt;</a>&nbsp;&nbsp;&nbsp;HAL_NVIC_SetPriority
<LI><a href="#[e8]">&gt;&gt;</a>&nbsp;&nbsp;&nbsp;HAL_SYSTICK_Config
<LI><a href="#[e7]">&gt;&gt;</a>&nbsp;&nbsp;&nbsp;__aeabi_uidivmod
</UL>
<BR>[Called By]<UL><LI><a href="#[f1]">&gt;&gt;</a>&nbsp;&nbsp;&nbsp;HAL_RCC_OscConfig
<LI><a href="#[ef]">&gt;&gt;</a>&nbsp;&nbsp;&nbsp;HAL_RCC_ClockConfig
<LI><a href="#[e4]">&gt;&gt;</a>&nbsp;&nbsp;&nbsp;HAL_Init
</UL>

<P><STRONG><a name="[e6]"></a>HAL_MspInit</STRONG> (Thumb, 46 bytes, Stack size 8 bytes, stm32g0xx_hal_msp.o(i.HAL_MspInit))
<BR><BR>[Stack]<UL><LI>Max Depth = 8<LI>Call Chain = HAL_MspInit
</UL>
<BR>[Calls]<UL><LI><a href="#[ea]">&gt;&gt;</a>&nbsp;&nbsp;&nbsp;HAL_SYSCFG_StrobeDBattpinsConfig
</UL>
<BR>[Called By]<UL><LI><a href="#[e4]">&gt;&gt;</a>&nbsp;&nbsp;&nbsp;HAL_Init
</UL>

<P><STRONG><a name="[f5]"></a>HAL_NVIC_EnableIRQ</STRONG> (Thumb, 18 bytes, Stack size 0 bytes, stm32g0xx_hal_cortex.o(i.HAL_NVIC_EnableIRQ))
<BR><BR>[Called By]<UL><LI><a href="#[f3]">&gt;&gt;</a>&nbsp;&nbsp;&nbsp;HAL_TIM_Base_MspInit
<LI><a href="#[11c]">&gt;&gt;</a>&nbsp;&nbsp;&nbsp;MX_GPIO_Init
</UL>

<P><STRONG><a name="[e9]"></a>HAL_NVIC_SetPriority</STRONG> (Thumb, 8 bytes, Stack size 8 bytes, stm32g0xx_hal_cortex.o(i.HAL_NVIC_SetPriority))
<BR><BR>[Stack]<UL><LI>Max Depth = 8<LI>Call Chain = HAL_NVIC_SetPriority
</UL>
<BR>[Calls]<UL><LI><a href="#[eb]">&gt;&gt;</a>&nbsp;&nbsp;&nbsp;__NVIC_SetPriority
</UL>
<BR>[Called By]<UL><LI><a href="#[f3]">&gt;&gt;</a>&nbsp;&nbsp;&nbsp;HAL_TIM_Base_MspInit
<LI><a href="#[11c]">&gt;&gt;</a>&nbsp;&nbsp;&nbsp;MX_GPIO_Init
<LI><a href="#[e5]">&gt;&gt;</a>&nbsp;&nbsp;&nbsp;HAL_InitTick
</UL>

<P><STRONG><a name="[ec]"></a>HAL_PWREx_ControlVoltageScaling</STRONG> (Thumb, 62 bytes, Stack size 8 bytes, stm32g0xx_hal_pwr_ex.o(i.HAL_PWREx_ControlVoltageScaling))
<BR><BR>[Stack]<UL><LI>Max Depth = 20<LI>Call Chain = HAL_PWREx_ControlVoltageScaling &rArr; __aeabi_uidivmod
</UL>
<BR>[Calls]<UL><LI><a href="#[e7]">&gt;&gt;</a>&nbsp;&nbsp;&nbsp;__aeabi_uidivmod
</UL>
<BR>[Called By]<UL><LI><a href="#[124]">&gt;&gt;</a>&nbsp;&nbsp;&nbsp;SystemClock_Config
</UL>

<P><STRONG><a name="[ed]"></a>HAL_RCCEx_PeriphCLKConfig</STRONG> (Thumb, 338 bytes, Stack size 24 bytes, stm32g0xx_hal_rcc_ex.o(i.HAL_RCCEx_PeriphCLKConfig))
<BR><BR>[Stack]<UL><LI>Max Depth = 24<LI>Call Chain = HAL_RCCEx_PeriphCLKConfig
</UL>
<BR>[Calls]<UL><LI><a href="#[ee]">&gt;&gt;</a>&nbsp;&nbsp;&nbsp;HAL_GetTick
</UL>
<BR>[Called By]<UL><LI><a href="#[124]">&gt;&gt;</a>&nbsp;&nbsp;&nbsp;SystemClock_Config
</UL>

<P><STRONG><a name="[ef]"></a>HAL_RCC_ClockConfig</STRONG> (Thumb, 318 bytes, Stack size 24 bytes, stm32g0xx_hal_rcc.o(i.HAL_RCC_ClockConfig))
<BR><BR>[Stack]<UL><LI>Max Depth = 52<LI>Call Chain = HAL_RCC_ClockConfig &rArr; HAL_InitTick &rArr; __aeabi_uidivmod
</UL>
<BR>[Calls]<UL><LI><a href="#[e5]">&gt;&gt;</a>&nbsp;&nbsp;&nbsp;HAL_InitTick
<LI><a href="#[f0]">&gt;&gt;</a>&nbsp;&nbsp;&nbsp;HAL_RCC_GetSysClockFreq
<LI><a href="#[ee]">&gt;&gt;</a>&nbsp;&nbsp;&nbsp;HAL_GetTick
</UL>
<BR>[Called By]<UL><LI><a href="#[124]">&gt;&gt;</a>&nbsp;&nbsp;&nbsp;SystemClock_Config
</UL>

<P><STRONG><a name="[126]"></a>HAL_RCC_GetPCLK1Freq</STRONG> (Thumb, 26 bytes, Stack size 0 bytes, stm32g0xx_hal_rcc.o(i.HAL_RCC_GetPCLK1Freq))
<BR><BR>[Called By]<UL><LI><a href="#[117]">&gt;&gt;</a>&nbsp;&nbsp;&nbsp;UART_SetConfig
</UL>

<P><STRONG><a name="[f0]"></a>HAL_RCC_GetSysClockFreq</STRONG> (Thumb, 130 bytes, Stack size 8 bytes, stm32g0xx_hal_rcc.o(i.HAL_RCC_GetSysClockFreq))
<BR><BR>[Stack]<UL><LI>Max Depth = 20<LI>Call Chain = HAL_RCC_GetSysClockFreq &rArr; __aeabi_uidivmod
</UL>
<BR>[Calls]<UL><LI><a href="#[e7]">&gt;&gt;</a>&nbsp;&nbsp;&nbsp;__aeabi_uidivmod
</UL>
<BR>[Called By]<UL><LI><a href="#[ef]">&gt;&gt;</a>&nbsp;&nbsp;&nbsp;HAL_RCC_ClockConfig
<LI><a href="#[117]">&gt;&gt;</a>&nbsp;&nbsp;&nbsp;UART_SetConfig
</UL>

<P><STRONG><a name="[f1]"></a>HAL_RCC_OscConfig</STRONG> (Thumb, 954 bytes, Stack size 24 bytes, stm32g0xx_hal_rcc.o(i.HAL_RCC_OscConfig))
<BR><BR>[Stack]<UL><LI>Max Depth = 52<LI>Call Chain = HAL_RCC_OscConfig &rArr; HAL_InitTick &rArr; __aeabi_uidivmod
</UL>
<BR>[Calls]<UL><LI><a href="#[e5]">&gt;&gt;</a>&nbsp;&nbsp;&nbsp;HAL_InitTick
<LI><a href="#[ee]">&gt;&gt;</a>&nbsp;&nbsp;&nbsp;HAL_GetTick
<LI><a href="#[e7]">&gt;&gt;</a>&nbsp;&nbsp;&nbsp;__aeabi_uidivmod
</UL>
<BR>[Called By]<UL><LI><a href="#[124]">&gt;&gt;</a>&nbsp;&nbsp;&nbsp;SystemClock_Config
</UL>

<P><STRONG><a name="[ea]"></a>HAL_SYSCFG_StrobeDBattpinsConfig</STRONG> (Thumb, 16 bytes, Stack size 0 bytes, stm32g0xx_hal.o(i.HAL_SYSCFG_StrobeDBattpinsConfig))
<BR><BR>[Called By]<UL><LI><a href="#[e6]">&gt;&gt;</a>&nbsp;&nbsp;&nbsp;HAL_MspInit
</UL>

<P><STRONG><a name="[e8]"></a>HAL_SYSTICK_Config</STRONG> (Thumb, 38 bytes, Stack size 8 bytes, stm32g0xx_hal_cortex.o(i.HAL_SYSTICK_Config))
<BR><BR>[Stack]<UL><LI>Max Depth = 8<LI>Call Chain = HAL_SYSTICK_Config
</UL>
<BR>[Calls]<UL><LI><a href="#[eb]">&gt;&gt;</a>&nbsp;&nbsp;&nbsp;__NVIC_SetPriority
</UL>
<BR>[Called By]<UL><LI><a href="#[e5]">&gt;&gt;</a>&nbsp;&nbsp;&nbsp;HAL_InitTick
</UL>

<P><STRONG><a name="[101]"></a>HAL_TIMEx_Break2Callback</STRONG> (Thumb, 2 bytes, Stack size 0 bytes, stm32g0xx_hal_tim_ex.o(i.HAL_TIMEx_Break2Callback))
<BR><BR>[Called By]<UL><LI><a href="#[fb]">&gt;&gt;</a>&nbsp;&nbsp;&nbsp;HAL_TIM_IRQHandler
</UL>

<P><STRONG><a name="[100]"></a>HAL_TIMEx_BreakCallback</STRONG> (Thumb, 2 bytes, Stack size 0 bytes, stm32g0xx_hal_tim_ex.o(i.HAL_TIMEx_BreakCallback))
<BR><BR>[Called By]<UL><LI><a href="#[fb]">&gt;&gt;</a>&nbsp;&nbsp;&nbsp;HAL_TIM_IRQHandler
</UL>

<P><STRONG><a name="[103]"></a>HAL_TIMEx_CommutCallback</STRONG> (Thumb, 2 bytes, Stack size 0 bytes, stm32g0xx_hal_tim_ex.o(i.HAL_TIMEx_CommutCallback))
<BR><BR>[Called By]<UL><LI><a href="#[fb]">&gt;&gt;</a>&nbsp;&nbsp;&nbsp;HAL_TIM_IRQHandler
</UL>

<P><STRONG><a name="[11f]"></a>HAL_TIMEx_ConfigBreakDeadTime</STRONG> (Thumb, 168 bytes, Stack size 16 bytes, stm32g0xx_hal_tim_ex.o(i.HAL_TIMEx_ConfigBreakDeadTime))
<BR><BR>[Stack]<UL><LI>Max Depth = 16<LI>Call Chain = HAL_TIMEx_ConfigBreakDeadTime
</UL>
<BR>[Called By]<UL><LI><a href="#[11d]">&gt;&gt;</a>&nbsp;&nbsp;&nbsp;MX_TIM1_Init
</UL>

<P><STRONG><a name="[11e]"></a>HAL_TIMEx_MasterConfigSynchronization</STRONG> (Thumb, 96 bytes, Stack size 20 bytes, stm32g0xx_hal_tim_ex.o(i.HAL_TIMEx_MasterConfigSynchronization))
<BR><BR>[Stack]<UL><LI>Max Depth = 20<LI>Call Chain = HAL_TIMEx_MasterConfigSynchronization
</UL>
<BR>[Called By]<UL><LI><a href="#[ce]">&gt;&gt;</a>&nbsp;&nbsp;&nbsp;main
<LI><a href="#[120]">&gt;&gt;</a>&nbsp;&nbsp;&nbsp;MX_TIM3_Init
<LI><a href="#[11d]">&gt;&gt;</a>&nbsp;&nbsp;&nbsp;MX_TIM1_Init
</UL>

<P><STRONG><a name="[f2]"></a>HAL_TIM_Base_Init</STRONG> (Thumb, 76 bytes, Stack size 16 bytes, stm32g0xx_hal_tim.o(i.HAL_TIM_Base_Init))
<BR><BR>[Stack]<UL><LI>Max Depth = 36<LI>Call Chain = HAL_TIM_Base_Init &rArr; TIM_Base_SetConfig
</UL>
<BR>[Calls]<UL><LI><a href="#[f3]">&gt;&gt;</a>&nbsp;&nbsp;&nbsp;HAL_TIM_Base_MspInit
<LI><a href="#[f4]">&gt;&gt;</a>&nbsp;&nbsp;&nbsp;TIM_Base_SetConfig
</UL>
<BR>[Called By]<UL><LI><a href="#[ce]">&gt;&gt;</a>&nbsp;&nbsp;&nbsp;main
<LI><a href="#[120]">&gt;&gt;</a>&nbsp;&nbsp;&nbsp;MX_TIM3_Init
<LI><a href="#[11d]">&gt;&gt;</a>&nbsp;&nbsp;&nbsp;MX_TIM1_Init
</UL>

<P><STRONG><a name="[f3]"></a>HAL_TIM_Base_MspInit</STRONG> (Thumb, 138 bytes, Stack size 8 bytes, stm32g0xx_hal_msp.o(i.HAL_TIM_Base_MspInit))
<BR><BR>[Stack]<UL><LI>Max Depth = 16<LI>Call Chain = HAL_TIM_Base_MspInit &rArr; HAL_NVIC_SetPriority
</UL>
<BR>[Calls]<UL><LI><a href="#[e9]">&gt;&gt;</a>&nbsp;&nbsp;&nbsp;HAL_NVIC_SetPriority
<LI><a href="#[f5]">&gt;&gt;</a>&nbsp;&nbsp;&nbsp;HAL_NVIC_EnableIRQ
</UL>
<BR>[Called By]<UL><LI><a href="#[f2]">&gt;&gt;</a>&nbsp;&nbsp;&nbsp;HAL_TIM_Base_Init
</UL>

<P><STRONG><a name="[134]"></a>HAL_TIM_Base_Start_IT</STRONG> (Thumb, 74 bytes, Stack size 0 bytes, stm32g0xx_hal_tim.o(i.HAL_TIM_Base_Start_IT))
<BR><BR>[Called By]<UL><LI><a href="#[df]">&gt;&gt;</a>&nbsp;&nbsp;&nbsp;receive_edge
<LI><a href="#[131]">&gt;&gt;</a>&nbsp;&nbsp;&nbsp;start_FrameTimer
</UL>

<P><STRONG><a name="[da]"></a>HAL_TIM_Base_Stop_IT</STRONG> (Thumb, 46 bytes, Stack size 0 bytes, stm32g0xx_hal_tim.o(i.HAL_TIM_Base_Stop_IT))
<BR><BR>[Called By]<UL><LI><a href="#[e0]">&gt;&gt;</a>&nbsp;&nbsp;&nbsp;FrameTimer_overflow
<LI><a href="#[d9]">&gt;&gt;</a>&nbsp;&nbsp;&nbsp;BitTimer_overflow
<LI><a href="#[128]">&gt;&gt;</a>&nbsp;&nbsp;&nbsp;stop_FrameTimer
<LI><a href="#[133]">&gt;&gt;</a>&nbsp;&nbsp;&nbsp;stop_BitTimer
</UL>

<P><STRONG><a name="[f6]"></a>HAL_TIM_ConfigClockSource</STRONG> (Thumb, 210 bytes, Stack size 16 bytes, stm32g0xx_hal_tim.o(i.HAL_TIM_ConfigClockSource))
<BR><BR>[Stack]<UL><LI>Max Depth = 28<LI>Call Chain = HAL_TIM_ConfigClockSource &rArr; TIM_TI2_ConfigInputStage
</UL>
<BR>[Calls]<UL><LI><a href="#[f9]">&gt;&gt;</a>&nbsp;&nbsp;&nbsp;TIM_TI2_ConfigInputStage
<LI><a href="#[f8]">&gt;&gt;</a>&nbsp;&nbsp;&nbsp;TIM_TI1_ConfigInputStage
<LI><a href="#[fa]">&gt;&gt;</a>&nbsp;&nbsp;&nbsp;TIM_ITRx_SetConfig
<LI><a href="#[f7]">&gt;&gt;</a>&nbsp;&nbsp;&nbsp;TIM_ETR_SetConfig
</UL>
<BR>[Called By]<UL><LI><a href="#[120]">&gt;&gt;</a>&nbsp;&nbsp;&nbsp;MX_TIM3_Init
<LI><a href="#[11d]">&gt;&gt;</a>&nbsp;&nbsp;&nbsp;MX_TIM1_Init
</UL>

<P><STRONG><a name="[fc]"></a>HAL_TIM_IC_CaptureCallback</STRONG> (Thumb, 2 bytes, Stack size 0 bytes, stm32g0xx_hal_tim.o(i.HAL_TIM_IC_CaptureCallback))
<BR><BR>[Called By]<UL><LI><a href="#[fb]">&gt;&gt;</a>&nbsp;&nbsp;&nbsp;HAL_TIM_IRQHandler
</UL>

<P><STRONG><a name="[fb]"></a>HAL_TIM_IRQHandler</STRONG> (Thumb, 382 bytes, Stack size 16 bytes, stm32g0xx_hal_tim.o(i.HAL_TIM_IRQHandler))
<BR><BR>[Stack]<UL><LI>Max Depth = 16<LI>Call Chain = HAL_TIM_IRQHandler
</UL>
<BR>[Calls]<UL><LI><a href="#[102]">&gt;&gt;</a>&nbsp;&nbsp;&nbsp;HAL_TIM_TriggerCallback
<LI><a href="#[ff]">&gt;&gt;</a>&nbsp;&nbsp;&nbsp;HAL_TIM_PeriodElapsedCallback
<LI><a href="#[fe]">&gt;&gt;</a>&nbsp;&nbsp;&nbsp;HAL_TIM_PWM_PulseFinishedCallback
<LI><a href="#[fd]">&gt;&gt;</a>&nbsp;&nbsp;&nbsp;HAL_TIM_OC_DelayElapsedCallback
<LI><a href="#[fc]">&gt;&gt;</a>&nbsp;&nbsp;&nbsp;HAL_TIM_IC_CaptureCallback
<LI><a href="#[103]">&gt;&gt;</a>&nbsp;&nbsp;&nbsp;HAL_TIMEx_CommutCallback
<LI><a href="#[100]">&gt;&gt;</a>&nbsp;&nbsp;&nbsp;HAL_TIMEx_BreakCallback
<LI><a href="#[101]">&gt;&gt;</a>&nbsp;&nbsp;&nbsp;HAL_TIMEx_Break2Callback
</UL>
<BR>[Called By]<UL><LI><a href="#[c1]">&gt;&gt;</a>&nbsp;&nbsp;&nbsp;TIM6_IRQHandler
<LI><a href="#[c0]">&gt;&gt;</a>&nbsp;&nbsp;&nbsp;TIM3_IRQHandler
<LI><a href="#[c3]">&gt;&gt;</a>&nbsp;&nbsp;&nbsp;TIM14_IRQHandler
</UL>

<P><STRONG><a name="[104]"></a>HAL_TIM_MspPostInit</STRONG> (Thumb, 68 bytes, Stack size 32 bytes, stm32g0xx_hal_msp.o(i.HAL_TIM_MspPostInit))
<BR><BR>[Stack]<UL><LI>Max Depth = 60<LI>Call Chain = HAL_TIM_MspPostInit &rArr; HAL_GPIO_Init
</UL>
<BR>[Calls]<UL><LI><a href="#[106]">&gt;&gt;</a>&nbsp;&nbsp;&nbsp;HAL_GPIO_Init
<LI><a href="#[105]">&gt;&gt;</a>&nbsp;&nbsp;&nbsp;__aeabi_memclr4
</UL>
<BR>[Called By]<UL><LI><a href="#[11d]">&gt;&gt;</a>&nbsp;&nbsp;&nbsp;MX_TIM1_Init
</UL>

<P><STRONG><a name="[fd]"></a>HAL_TIM_OC_DelayElapsedCallback</STRONG> (Thumb, 2 bytes, Stack size 0 bytes, stm32g0xx_hal_tim.o(i.HAL_TIM_OC_DelayElapsedCallback))
<BR><BR>[Called By]<UL><LI><a href="#[fb]">&gt;&gt;</a>&nbsp;&nbsp;&nbsp;HAL_TIM_IRQHandler
</UL>

<P><STRONG><a name="[107]"></a>HAL_TIM_PWM_ConfigChannel</STRONG> (Thumb, 286 bytes, Stack size 24 bytes, stm32g0xx_hal_tim.o(i.HAL_TIM_PWM_ConfigChannel))
<BR><BR>[Stack]<UL><LI>Max Depth = 44<LI>Call Chain = HAL_TIM_PWM_ConfigChannel &rArr; TIM_OC1_SetConfig
</UL>
<BR>[Calls]<UL><LI><a href="#[10d]">&gt;&gt;</a>&nbsp;&nbsp;&nbsp;TIM_OC6_SetConfig
<LI><a href="#[10c]">&gt;&gt;</a>&nbsp;&nbsp;&nbsp;TIM_OC5_SetConfig
<LI><a href="#[10b]">&gt;&gt;</a>&nbsp;&nbsp;&nbsp;TIM_OC4_SetConfig
<LI><a href="#[10a]">&gt;&gt;</a>&nbsp;&nbsp;&nbsp;TIM_OC3_SetConfig
<LI><a href="#[108]">&gt;&gt;</a>&nbsp;&nbsp;&nbsp;TIM_OC1_SetConfig
<LI><a href="#[109]">&gt;&gt;</a>&nbsp;&nbsp;&nbsp;TIM_OC2_SetConfig
</UL>
<BR>[Called By]<UL><LI><a href="#[11d]">&gt;&gt;</a>&nbsp;&nbsp;&nbsp;MX_TIM1_Init
</UL>

<P><STRONG><a name="[10e]"></a>HAL_TIM_PWM_Init</STRONG> (Thumb, 76 bytes, Stack size 16 bytes, stm32g0xx_hal_tim.o(i.HAL_TIM_PWM_Init))
<BR><BR>[Stack]<UL><LI>Max Depth = 36<LI>Call Chain = HAL_TIM_PWM_Init &rArr; TIM_Base_SetConfig
</UL>
<BR>[Calls]<UL><LI><a href="#[10f]">&gt;&gt;</a>&nbsp;&nbsp;&nbsp;HAL_TIM_PWM_MspInit
<LI><a href="#[f4]">&gt;&gt;</a>&nbsp;&nbsp;&nbsp;TIM_Base_SetConfig
</UL>
<BR>[Called By]<UL><LI><a href="#[11d]">&gt;&gt;</a>&nbsp;&nbsp;&nbsp;MX_TIM1_Init
</UL>

<P><STRONG><a name="[10f]"></a>HAL_TIM_PWM_MspInit</STRONG> (Thumb, 2 bytes, Stack size 0 bytes, stm32g0xx_hal_tim.o(i.HAL_TIM_PWM_MspInit))
<BR><BR>[Called By]<UL><LI><a href="#[10e]">&gt;&gt;</a>&nbsp;&nbsp;&nbsp;HAL_TIM_PWM_Init
</UL>

<P><STRONG><a name="[fe]"></a>HAL_TIM_PWM_PulseFinishedCallback</STRONG> (Thumb, 2 bytes, Stack size 0 bytes, stm32g0xx_hal_tim.o(i.HAL_TIM_PWM_PulseFinishedCallback))
<BR><BR>[Called By]<UL><LI><a href="#[fb]">&gt;&gt;</a>&nbsp;&nbsp;&nbsp;HAL_TIM_IRQHandler
</UL>

<P><STRONG><a name="[110]"></a>HAL_TIM_PWM_Start</STRONG> (Thumb, 182 bytes, Stack size 12 bytes, stm32g0xx_hal_tim.o(i.HAL_TIM_PWM_Start))
<BR><BR>[Stack]<UL><LI>Max Depth = 20<LI>Call Chain = HAL_TIM_PWM_Start &rArr; TIM_CCxChannelCmd
</UL>
<BR>[Calls]<UL><LI><a href="#[111]">&gt;&gt;</a>&nbsp;&nbsp;&nbsp;TIM_CCxChannelCmd
</UL>
<BR>[Called By]<UL><LI><a href="#[ce]">&gt;&gt;</a>&nbsp;&nbsp;&nbsp;main
</UL>

<P><STRONG><a name="[ff]"></a>HAL_TIM_PeriodElapsedCallback</STRONG> (Thumb, 2 bytes, Stack size 0 bytes, stm32g0xx_hal_tim.o(i.HAL_TIM_PeriodElapsedCallback))
<BR><BR>[Called By]<UL><LI><a href="#[fb]">&gt;&gt;</a>&nbsp;&nbsp;&nbsp;HAL_TIM_IRQHandler
</UL>

<P><STRONG><a name="[102]"></a>HAL_TIM_TriggerCallback</STRONG> (Thumb, 2 bytes, Stack size 0 bytes, stm32g0xx_hal_tim.o(i.HAL_TIM_TriggerCallback))
<BR><BR>[Called By]<UL><LI><a href="#[fb]">&gt;&gt;</a>&nbsp;&nbsp;&nbsp;HAL_TIM_IRQHandler
</UL>

<P><STRONG><a name="[122]"></a>HAL_UARTEx_DisableFifoMode</STRONG> (Thumb, 60 bytes, Stack size 8 bytes, stm32g0xx_hal_uart_ex.o(i.HAL_UARTEx_DisableFifoMode))
<BR><BR>[Stack]<UL><LI>Max Depth = 8<LI>Call Chain = HAL_UARTEx_DisableFifoMode
</UL>
<BR>[Called By]<UL><LI><a href="#[121]">&gt;&gt;</a>&nbsp;&nbsp;&nbsp;MX_USART2_UART_Init
</UL>

<P><STRONG><a name="[112]"></a>HAL_UARTEx_SetRxFifoThreshold</STRONG> (Thumb, 72 bytes, Stack size 16 bytes, stm32g0xx_hal_uart_ex.o(i.HAL_UARTEx_SetRxFifoThreshold))
<BR><BR>[Stack]<UL><LI>Max Depth = 68<LI>Call Chain = HAL_UARTEx_SetRxFifoThreshold &rArr; UARTEx_SetNbDataToProcess &rArr; __aeabi_uidivmod
</UL>
<BR>[Calls]<UL><LI><a href="#[113]">&gt;&gt;</a>&nbsp;&nbsp;&nbsp;UARTEx_SetNbDataToProcess
</UL>
<BR>[Called By]<UL><LI><a href="#[121]">&gt;&gt;</a>&nbsp;&nbsp;&nbsp;MX_USART2_UART_Init
</UL>

<P><STRONG><a name="[114]"></a>HAL_UARTEx_SetTxFifoThreshold</STRONG> (Thumb, 70 bytes, Stack size 16 bytes, stm32g0xx_hal_uart_ex.o(i.HAL_UARTEx_SetTxFifoThreshold))
<BR><BR>[Stack]<UL><LI>Max Depth = 68<LI>Call Chain = HAL_UARTEx_SetTxFifoThreshold &rArr; UARTEx_SetNbDataToProcess &rArr; __aeabi_uidivmod
</UL>
<BR>[Calls]<UL><LI><a href="#[113]">&gt;&gt;</a>&nbsp;&nbsp;&nbsp;UARTEx_SetNbDataToProcess
</UL>
<BR>[Called By]<UL><LI><a href="#[121]">&gt;&gt;</a>&nbsp;&nbsp;&nbsp;MX_USART2_UART_Init
</UL>

<P><STRONG><a name="[115]"></a>HAL_UART_Init</STRONG> (Thumb, 108 bytes, Stack size 16 bytes, stm32g0xx_hal_uart.o(i.HAL_UART_Init))
<BR><BR>[Stack]<UL><LI>Max Depth = 88<LI>Call Chain = HAL_UART_Init &rArr; UART_CheckIdleState &rArr; UART_WaitOnFlagUntilTimeout
</UL>
<BR>[Calls]<UL><LI><a href="#[116]">&gt;&gt;</a>&nbsp;&nbsp;&nbsp;HAL_UART_MspInit
<LI><a href="#[117]">&gt;&gt;</a>&nbsp;&nbsp;&nbsp;UART_SetConfig
<LI><a href="#[119]">&gt;&gt;</a>&nbsp;&nbsp;&nbsp;UART_CheckIdleState
<LI><a href="#[118]">&gt;&gt;</a>&nbsp;&nbsp;&nbsp;UART_AdvFeatureConfig
</UL>
<BR>[Called By]<UL><LI><a href="#[121]">&gt;&gt;</a>&nbsp;&nbsp;&nbsp;MX_USART2_UART_Init
</UL>

<P><STRONG><a name="[116]"></a>HAL_UART_MspInit</STRONG> (Thumb, 84 bytes, Stack size 32 bytes, stm32g0xx_hal_msp.o(i.HAL_UART_MspInit))
<BR><BR>[Stack]<UL><LI>Max Depth = 60<LI>Call Chain = HAL_UART_MspInit &rArr; HAL_GPIO_Init
</UL>
<BR>[Calls]<UL><LI><a href="#[106]">&gt;&gt;</a>&nbsp;&nbsp;&nbsp;HAL_GPIO_Init
<LI><a href="#[105]">&gt;&gt;</a>&nbsp;&nbsp;&nbsp;__aeabi_memclr4
</UL>
<BR>[Called By]<UL><LI><a href="#[115]">&gt;&gt;</a>&nbsp;&nbsp;&nbsp;HAL_UART_Init
</UL>

<P><STRONG><a name="[11a]"></a>HalfBitHandler</STRONG> (Thumb, 22 bytes, Stack size 4 bytes, edge_detection.o(i.HalfBitHandler))
<BR><BR>[Stack]<UL><LI>Max Depth = 16<LI>Call Chain = HalfBitHandler &rArr; HalfBitStorage
</UL>
<BR>[Calls]<UL><LI><a href="#[11b]">&gt;&gt;</a>&nbsp;&nbsp;&nbsp;HalfBitStorage
</UL>
<BR>[Called By]<UL><LI><a href="#[12f]">&gt;&gt;</a>&nbsp;&nbsp;&nbsp;edgeHandler
</UL>

<P><STRONG><a name="[11b]"></a>HalfBitStorage</STRONG> (Thumb, 28 bytes, Stack size 12 bytes, edge_detection.o(i.HalfBitStorage))
<BR><BR>[Stack]<UL><LI>Max Depth = 12<LI>Call Chain = HalfBitStorage
</UL>
<BR>[Called By]<UL><LI><a href="#[11a]">&gt;&gt;</a>&nbsp;&nbsp;&nbsp;HalfBitHandler
</UL>

<P><STRONG><a name="[129]"></a>HalfBit_init</STRONG> (Thumb, 12 bytes, Stack size 0 bytes, edge_detection.o(i.HalfBit_init))
<BR><BR>[Called By]<UL><LI><a href="#[127]">&gt;&gt;</a>&nbsp;&nbsp;&nbsp;bus_status_fall_edge
</UL>

<P><STRONG><a name="[af]"></a>HardFault_Handler</STRONG> (Thumb, 2 bytes, Stack size 0 bytes, stm32g0xx_it.o(i.HardFault_Handler))
<BR><BR>[Calls]<UL><LI><a href="#[af]">&gt;&gt;</a>&nbsp;&nbsp;&nbsp;HardFault_Handler
</UL>
<BR>[Called By]<UL><LI><a href="#[af]">&gt;&gt;</a>&nbsp;&nbsp;&nbsp;HardFault_Handler
</UL>
<BR>[Address Reference Count : 1]<UL><LI> startup_stm32g070xx.o(RESET)
</UL>
<P><STRONG><a name="[21]"></a>IDENTIFY_DEVICE</STRONG> (Thumb, 2 bytes, Stack size 0 bytes, dali_functions.o(i.IDENTIFY_DEVICE))
<BR>[Address Reference Count : 1]<UL><LI> dali_variables.o(.data)
</UL>
<P><STRONG><a name="[9d]"></a>INITIALISE</STRONG> (Thumb, 2 bytes, Stack size 0 bytes, dali_functions.o(i.INITIALISE))
<BR>[Address Reference Count : 1]<UL><LI> dali_variables.o(.data)
</UL>
<P><STRONG><a name="[ae]"></a>NMI_Handler</STRONG> (Thumb, 2 bytes, Stack size 0 bytes, stm32g0xx_it.o(i.NMI_Handler))
<BR><BR>[Calls]<UL><LI><a href="#[ae]">&gt;&gt;</a>&nbsp;&nbsp;&nbsp;NMI_Handler
</UL>
<BR>[Called By]<UL><LI><a href="#[ae]">&gt;&gt;</a>&nbsp;&nbsp;&nbsp;NMI_Handler
</UL>
<BR>[Address Reference Count : 1]<UL><LI> startup_stm32g070xx.o(RESET)
</UL>
<P><STRONG><a name="[b]"></a>NO_COMMAND_DEFINED</STRONG> (Thumb, 4 bytes, Stack size 0 bytes, dali_functions.o(i.NO_COMMAND_DEFINED))
<BR>[Address Reference Count : 1]<UL><LI> dali_variables.o(.data)
</UL>
<P><STRONG><a name="[0]"></a>OFF_command</STRONG> (Thumb, 16 bytes, Stack size 0 bytes, dali_functions.o(i.OFF_command))
<BR>[Address Reference Count : 1]<UL><LI> dali_variables.o(.data)
</UL>
<P><STRONG><a name="[8]"></a>ON_N_STEP_UP</STRONG> (Thumb, 2 bytes, Stack size 0 bytes, dali_functions.o(i.ON_N_STEP_UP))
<BR>[Address Reference Count : 1]<UL><LI> dali_variables.o(.data)
</UL>
<P><STRONG><a name="[a1]"></a>PING</STRONG> (Thumb, 2 bytes, Stack size 0 bytes, dali_functions.o(i.PING))
<BR>[Address Reference Count : 1]<UL><LI> dali_variables.o(.data)
</UL>
<P><STRONG><a name="[a5]"></a>PROGRAM_SHORT_ADDR</STRONG> (Thumb, 2 bytes, Stack size 0 bytes, dali_functions.o(i.PROGRAM_SHORT_ADDR))
<BR>[Address Reference Count : 1]<UL><LI> dali_variables.o(.data)
</UL>
<P><STRONG><a name="[b1]"></a>PendSV_Handler</STRONG> (Thumb, 2 bytes, Stack size 0 bytes, stm32g0xx_it.o(i.PendSV_Handler))
<BR>[Address Reference Count : 1]<UL><LI> startup_stm32g070xx.o(RESET)
</UL>
<P><STRONG><a name="[7b]"></a>QUERY_ACTUAL_LEVEL</STRONG> (Thumb, 2 bytes, Stack size 0 bytes, dali_functions.o(i.QUERY_ACTUAL_LEVEL))
<BR>[Address Reference Count : 1]<UL><LI> dali_variables.o(.data)
</UL>
<P><STRONG><a name="[77]"></a>QUERY_CONTENT_DRT1</STRONG> (Thumb, 2 bytes, Stack size 0 bytes, dali_functions.o(i.QUERY_CONTENT_DRT1))
<BR>[Address Reference Count : 1]<UL><LI> dali_variables.o(.data)
</UL>
<P><STRONG><a name="[78]"></a>QUERY_CONTENT_DRT2</STRONG> (Thumb, 2 bytes, Stack size 0 bytes, dali_functions.o(i.QUERY_CONTENT_DRT2))
<BR>[Address Reference Count : 1]<UL><LI> dali_variables.o(.data)
</UL>
<P><STRONG><a name="[73]"></a>QUERY_CONTENT_DTR0</STRONG> (Thumb, 2 bytes, Stack size 0 bytes, dali_functions.o(i.QUERY_CONTENT_DTR0))
<BR>[Address Reference Count : 1]<UL><LI> dali_variables.o(.data)
</UL>
<P><STRONG><a name="[84]"></a>QUERY_CONTROL_GEAR_FAILURE</STRONG> (Thumb, 2 bytes, Stack size 0 bytes, dali_functions.o(i.QUERY_CONTROL_GEAR_FAILURE))
<BR>[Address Reference Count : 1]<UL><LI> dali_variables.o(.data)
</UL>
<P><STRONG><a name="[6c]"></a>QUERY_CONTROL_GEAR_PRESENT</STRONG> (Thumb, 2 bytes, Stack size 0 bytes, dali_functions.o(i.QUERY_CONTROL_GEAR_PRESENT))
<BR>[Address Reference Count : 1]<UL><LI> dali_variables.o(.data)
</UL>
<P><STRONG><a name="[74]"></a>QUERY_DEVICE_TYPE</STRONG> (Thumb, 2 bytes, Stack size 0 bytes, dali_functions.o(i.QUERY_DEVICE_TYPE))
<BR>[Address Reference Count : 1]<UL><LI> dali_variables.o(.data)
</UL>
<P><STRONG><a name="[83]"></a>QUERY_EXTENDED_FADE_TIME</STRONG> (Thumb, 2 bytes, Stack size 0 bytes, dali_functions.o(i.QUERY_EXTENDED_FADE_TIME))
<BR>[Address Reference Count : 1]<UL><LI> dali_variables.o(.data)
</UL>
<P><STRONG><a name="[80]"></a>QUERY_FADE_TIME_RATE</STRONG> (Thumb, 2 bytes, Stack size 0 bytes, dali_functions.o(i.QUERY_FADE_TIME_RATE))
<BR>[Address Reference Count : 1]<UL><LI> dali_variables.o(.data)
</UL>
<P><STRONG><a name="[95]"></a>QUERY_GROUPS_0_7</STRONG> (Thumb, 2 bytes, Stack size 0 bytes, dali_functions.o(i.QUERY_GROUPS_0_7))
<BR>[Address Reference Count : 1]<UL><LI> dali_variables.o(.data)
</UL>
<P><STRONG><a name="[96]"></a>QUERY_GROUPS_8_15</STRONG> (Thumb, 2 bytes, Stack size 0 bytes, dali_functions.o(i.QUERY_GROUPS_8_15))
<BR>[Address Reference Count : 1]<UL><LI> dali_variables.o(.data)
</UL>
<P><STRONG><a name="[6d]"></a>QUERY_LAMP_FAILURE</STRONG> (Thumb, 2 bytes, Stack size 0 bytes, dali_functions.o(i.QUERY_LAMP_FAILURE))
<BR>[Address Reference Count : 1]<UL><LI> dali_variables.o(.data)
</UL>
<P><STRONG><a name="[6e]"></a>QUERY_LAMP_POWER_ON</STRONG> (Thumb, 2 bytes, Stack size 0 bytes, dali_functions.o(i.QUERY_LAMP_POWER_ON))
<BR>[Address Reference Count : 1]<UL><LI> dali_variables.o(.data)
</UL>
<P><STRONG><a name="[7a]"></a>QUERY_LIGHT_SOUERCE_TYPE</STRONG> (Thumb, 2 bytes, Stack size 0 bytes, dali_functions.o(i.QUERY_LIGHT_SOUERCE_TYPE))
<BR>[Address Reference Count : 1]<UL><LI> dali_variables.o(.data)
</UL>
<P><STRONG><a name="[6f]"></a>QUERY_LIMIT_ERROR</STRONG> (Thumb, 2 bytes, Stack size 0 bytes, dali_functions.o(i.QUERY_LIMIT_ERROR))
<BR>[Address Reference Count : 1]<UL><LI> dali_variables.o(.data)
</UL>
<P><STRONG><a name="[81]"></a>QUERY_MANUFACTURER_SPECIFIC_MODE</STRONG> (Thumb, 2 bytes, Stack size 0 bytes, dali_functions.o(i.QUERY_MANUFACTURER_SPECIFIC_MODE))
<BR>[Address Reference Count : 1]<UL><LI> dali_variables.o(.data)
</UL>
<P><STRONG><a name="[7c]"></a>QUERY_MAX_LEVEL</STRONG> (Thumb, 2 bytes, Stack size 0 bytes, dali_functions.o(i.QUERY_MAX_LEVEL))
<BR>[Address Reference Count : 1]<UL><LI> dali_variables.o(.data)
</UL>
<P><STRONG><a name="[7d]"></a>QUERY_MIN_LEVEL</STRONG> (Thumb, 2 bytes, Stack size 0 bytes, dali_functions.o(i.QUERY_MIN_LEVEL))
<BR>[Address Reference Count : 1]<UL><LI> dali_variables.o(.data)
</UL>
<P><STRONG><a name="[71]"></a>QUERY_MISSING_SHORT_ADDRESS</STRONG> (Thumb, 2 bytes, Stack size 0 bytes, dali_functions.o(i.QUERY_MISSING_SHORT_ADDRESS))
<BR>[Address Reference Count : 1]<UL><LI> dali_variables.o(.data)
</UL>
<P><STRONG><a name="[82]"></a>QUERY_NEXT_DEVICE_TYPE</STRONG> (Thumb, 2 bytes, Stack size 0 bytes, dali_functions.o(i.QUERY_NEXT_DEVICE_TYPE))
<BR>[Address Reference Count : 1]<UL><LI> dali_variables.o(.data)
</UL>
<P><STRONG><a name="[79]"></a>QUERY_OPERATING_MODE</STRONG> (Thumb, 2 bytes, Stack size 0 bytes, dali_functions.o(i.QUERY_OPERATING_MODE))
<BR>[Address Reference Count : 1]<UL><LI> dali_variables.o(.data)
</UL>
<P><STRONG><a name="[75]"></a>QUERY_PHYSICAL_MINIMUM</STRONG> (Thumb, 2 bytes, Stack size 0 bytes, dali_functions.o(i.QUERY_PHYSICAL_MINIMUM))
<BR>[Address Reference Count : 1]<UL><LI> dali_variables.o(.data)
</UL>
<P><STRONG><a name="[76]"></a>QUERY_POWER_FAILURE</STRONG> (Thumb, 2 bytes, Stack size 0 bytes, dali_functions.o(i.QUERY_POWER_FAILURE))
<BR>[Address Reference Count : 1]<UL><LI> dali_variables.o(.data)
</UL>
<P><STRONG><a name="[7e]"></a>QUERY_POWER_ON_LEVEL</STRONG> (Thumb, 2 bytes, Stack size 0 bytes, dali_functions.o(i.QUERY_POWER_ON_LEVEL))
<BR>[Address Reference Count : 1]<UL><LI> dali_variables.o(.data)
</UL>
<P><STRONG><a name="[97]"></a>QUERY_RANDOM_ADDR_H</STRONG> (Thumb, 2 bytes, Stack size 0 bytes, dali_functions.o(i.QUERY_RANDOM_ADDR_H))
<BR>[Address Reference Count : 1]<UL><LI> dali_variables.o(.data)
</UL>
<P><STRONG><a name="[99]"></a>QUERY_RANDOM_ADDR_L</STRONG> (Thumb, 2 bytes, Stack size 0 bytes, dali_functions.o(i.QUERY_RANDOM_ADDR_L))
<BR>[Address Reference Count : 1]<UL><LI> dali_variables.o(.data)
</UL>
<P><STRONG><a name="[98]"></a>QUERY_RANDOM_ADDR_M</STRONG> (Thumb, 2 bytes, Stack size 0 bytes, dali_functions.o(i.QUERY_RANDOM_ADDR_M))
<BR>[Address Reference Count : 1]<UL><LI> dali_variables.o(.data)
</UL>
<P><STRONG><a name="[9a]"></a>QUERY_READ_MEM_LOCATION</STRONG> (Thumb, 2 bytes, Stack size 0 bytes, dali_functions.o(i.QUERY_READ_MEM_LOCATION))
<BR>[Address Reference Count : 1]<UL><LI> dali_variables.o(.data)
</UL>
<P><STRONG><a name="[70]"></a>QUERY_RESET_STATE</STRONG> (Thumb, 2 bytes, Stack size 0 bytes, dali_functions.o(i.QUERY_RESET_STATE))
<BR>[Address Reference Count : 1]<UL><LI> dali_variables.o(.data)
</UL>
<P><STRONG><a name="[85]"></a>QUERY_SCENE_0_LEVEL</STRONG> (Thumb, 2 bytes, Stack size 0 bytes, dali_functions.o(i.QUERY_SCENE_0_LEVEL))
<BR>[Address Reference Count : 1]<UL><LI> dali_variables.o(.data)
</UL>
<P><STRONG><a name="[8f]"></a>QUERY_SCENE_10_LEVEL</STRONG> (Thumb, 2 bytes, Stack size 0 bytes, dali_functions.o(i.QUERY_SCENE_10_LEVEL))
<BR>[Address Reference Count : 1]<UL><LI> dali_variables.o(.data)
</UL>
<P><STRONG><a name="[90]"></a>QUERY_SCENE_11_LEVEL</STRONG> (Thumb, 2 bytes, Stack size 0 bytes, dali_functions.o(i.QUERY_SCENE_11_LEVEL))
<BR>[Address Reference Count : 1]<UL><LI> dali_variables.o(.data)
</UL>
<P><STRONG><a name="[91]"></a>QUERY_SCENE_12_LEVEL</STRONG> (Thumb, 2 bytes, Stack size 0 bytes, dali_functions.o(i.QUERY_SCENE_12_LEVEL))
<BR>[Address Reference Count : 1]<UL><LI> dali_variables.o(.data)
</UL>
<P><STRONG><a name="[92]"></a>QUERY_SCENE_13_LEVEL</STRONG> (Thumb, 2 bytes, Stack size 0 bytes, dali_functions.o(i.QUERY_SCENE_13_LEVEL))
<BR>[Address Reference Count : 1]<UL><LI> dali_variables.o(.data)
</UL>
<P><STRONG><a name="[93]"></a>QUERY_SCENE_14_LEVEL</STRONG> (Thumb, 2 bytes, Stack size 0 bytes, dali_functions.o(i.QUERY_SCENE_14_LEVEL))
<BR>[Address Reference Count : 1]<UL><LI> dali_variables.o(.data)
</UL>
<P><STRONG><a name="[94]"></a>QUERY_SCENE_15_LEVEL</STRONG> (Thumb, 2 bytes, Stack size 0 bytes, dali_functions.o(i.QUERY_SCENE_15_LEVEL))
<BR>[Address Reference Count : 1]<UL><LI> dali_variables.o(.data)
</UL>
<P><STRONG><a name="[86]"></a>QUERY_SCENE_1_LEVEL</STRONG> (Thumb, 2 bytes, Stack size 0 bytes, dali_functions.o(i.QUERY_SCENE_1_LEVEL))
<BR>[Address Reference Count : 1]<UL><LI> dali_variables.o(.data)
</UL>
<P><STRONG><a name="[87]"></a>QUERY_SCENE_2_LEVEL</STRONG> (Thumb, 2 bytes, Stack size 0 bytes, dali_functions.o(i.QUERY_SCENE_2_LEVEL))
<BR>[Address Reference Count : 1]<UL><LI> dali_variables.o(.data)
</UL>
<P><STRONG><a name="[88]"></a>QUERY_SCENE_3_LEVEL</STRONG> (Thumb, 2 bytes, Stack size 0 bytes, dali_functions.o(i.QUERY_SCENE_3_LEVEL))
<BR>[Address Reference Count : 1]<UL><LI> dali_variables.o(.data)
</UL>
[...]
<BR>[Address Reference Count : 1]<UL><LI> dali_variables.o(.data)
</UL>
<P><STRONG><a name="[c3]"></a>TIM14_IRQHandler</STRONG> (Thumb, 14 bytes, Stack size 8 bytes, stm32g0xx_it.o(i.TIM14_IRQHandler))
<BR><BR>[Stack]<UL><LI>Max Depth = 88<LI>Call Chain = TIM14_IRQHandler &rArr; BitTimer_overflow &rArr; stop_condition_handler &rArr; bus_status_stop &rArr; processRxFrame &rArr; check_address &rArr; check_command
</UL>
<BR>[Calls]<UL><LI><a href="#[fb]">&gt;&gt;</a>&nbsp;&nbsp;&nbsp;HAL_TIM_IRQHandler
<LI><a href="#[d9]">&gt;&gt;</a>&nbsp;&nbsp;&nbsp;BitTimer_overflow
</UL>
<BR>[Address Reference Count : 1]<UL><LI> startup_stm32g070xx.o(RESET)
</UL>
<P><STRONG><a name="[c0]"></a>TIM3_IRQHandler</STRONG> (Thumb, 14 bytes, Stack size 8 bytes, stm32g0xx_it.o(i.TIM3_IRQHandler))
<BR><BR>[Stack]<UL><LI>Max Depth = 24<LI>Call Chain = TIM3_IRQHandler &rArr; HAL_TIM_IRQHandler
</UL>
<BR>[Calls]<UL><LI><a href="#[fb]">&gt;&gt;</a>&nbsp;&nbsp;&nbsp;HAL_TIM_IRQHandler
<LI><a href="#[e0]">&gt;&gt;</a>&nbsp;&nbsp;&nbsp;FrameTimer_overflow
</UL>
<BR>[Address Reference Count : 1]<UL><LI> startup_stm32g070xx.o(RESET)
</UL>
<P><STRONG><a name="[c1]"></a>TIM6_IRQHandler</STRONG> (Thumb, 10 bytes, Stack size 8 bytes, stm32g0xx_it.o(i.TIM6_IRQHandler))
<BR><BR>[Stack]<UL><LI>Max Depth = 24<LI>Call Chain = TIM6_IRQHandler &rArr; HAL_TIM_IRQHandler
</UL>
<BR>[Calls]<UL><LI><a href="#[fb]">&gt;&gt;</a>&nbsp;&nbsp;&nbsp;HAL_TIM_IRQHandler
</UL>
<BR>[Address Reference Count : 1]<UL><LI> startup_stm32g070xx.o(RESET)
</UL>
<P><STRONG><a name="[f4]"></a>TIM_Base_SetConfig</STRONG> (Thumb, 112 bytes, Stack size 20 bytes, stm32g0xx_hal_tim.o(i.TIM_Base_SetConfig))
<BR><BR>[Stack]<UL><LI>Max Depth = 20<LI>Call Chain = TIM_Base_SetConfig
</UL>
<BR>[Called By]<UL><LI><a href="#[10e]">&gt;&gt;</a>&nbsp;&nbsp;&nbsp;HAL_TIM_PWM_Init
<LI><a href="#[f2]">&gt;&gt;</a>&nbsp;&nbsp;&nbsp;HAL_TIM_Base_Init
</UL>

<P><STRONG><a name="[111]"></a>TIM_CCxChannelCmd</STRONG> (Thumb, 26 bytes, Stack size 8 bytes, stm32g0xx_hal_tim.o(i.TIM_CCxChannelCmd))
<BR><BR>[Stack]<UL><LI>Max Depth = 8<LI>Call Chain = TIM_CCxChannelCmd
</UL>
<BR>[Called By]<UL><LI><a href="#[110]">&gt;&gt;</a>&nbsp;&nbsp;&nbsp;HAL_TIM_PWM_Start
</UL>

<P><STRONG><a name="[f7]"></a>TIM_ETR_SetConfig</STRONG> (Thumb, 22 bytes, Stack size 12 bytes, stm32g0xx_hal_tim.o(i.TIM_ETR_SetConfig))
<BR><BR>[Stack]<UL><LI>Max Depth = 12<LI>Call Chain = TIM_ETR_SetConfig
</UL>
<BR>[Called By]<UL><LI><a href="#[f6]">&gt;&gt;</a>&nbsp;&nbsp;&nbsp;HAL_TIM_ConfigClockSource
</UL>

<P><STRONG><a name="[109]"></a>TIM_OC2_SetConfig</STRONG> (Thumb, 112 bytes, Stack size 16 bytes, stm32g0xx_hal_tim.o(i.TIM_OC2_SetConfig))
<BR><BR>[Stack]<UL><LI>Max Depth = 16<LI>Call Chain = TIM_OC2_SetConfig
</UL>
<BR>[Called By]<UL><LI><a href="#[107]">&gt;&gt;</a>&nbsp;&nbsp;&nbsp;HAL_TIM_PWM_ConfigChannel
</UL>

<P><STRONG><a name="[130]"></a>TimingErrorHandler</STRONG> (Thumb, 8 bytes, Stack size 0 bytes, timing_functions.o(i.TimingErrorHandler))
<BR><BR>[Called By]<UL><LI><a href="#[12f]">&gt;&gt;</a>&nbsp;&nbsp;&nbsp;edgeHandler
</UL>

<P><STRONG><a name="[118]"></a>UART_AdvFeatureConfig</STRONG> (Thumb, 202 bytes, Stack size 8 bytes, stm32g0xx_hal_uart.o(i.UART_AdvFeatureConfig))
<BR><BR>[Stack]<UL><LI>Max Depth = 8<LI>Call Chain = UART_AdvFeatureConfig
</UL>
<BR>[Called By]<UL><LI><a href="#[115]">&gt;&gt;</a>&nbsp;&nbsp;&nbsp;HAL_UART_Init
</UL>

<P><STRONG><a name="[119]"></a>UART_CheckIdleState</STRONG> (Thumb, 94 bytes, Stack size 32 bytes, stm32g0xx_hal_uart.o(i.UART_CheckIdleState))
<BR><BR>[Stack]<UL><LI>Max Depth = 72<LI>Call Chain = UART_CheckIdleState &rArr; UART_WaitOnFlagUntilTimeout
</UL>
<BR>[Calls]<UL><LI><a href="#[ee]">&gt;&gt;</a>&nbsp;&nbsp;&nbsp;HAL_GetTick
<LI><a href="#[125]">&gt;&gt;</a>&nbsp;&nbsp;&nbsp;UART_WaitOnFlagUntilTimeout
</UL>
<BR>[Called By]<UL><LI><a href="#[115]">&gt;&gt;</a>&nbsp;&nbsp;&nbsp;HAL_UART_Init
</UL>

<P><STRONG><a name="[117]"></a>UART_SetConfig</STRONG> (Thumb, 366 bytes, Stack size 24 bytes, stm32g0xx_hal_uart.o(i.UART_SetConfig))
<BR><BR>[Stack]<UL><LI>Max Depth = 44<LI>Call Chain = UART_SetConfig &rArr; HAL_RCC_GetSysClockFreq &rArr; __aeabi_uidivmod
</UL>
<BR>[Calls]<UL><LI><a href="#[f0]">&gt;&gt;</a>&nbsp;&nbsp;&nbsp;HAL_RCC_GetSysClockFreq
<LI><a href="#[126]">&gt;&gt;</a>&nbsp;&nbsp;&nbsp;HAL_RCC_GetPCLK1Freq
<LI><a href="#[e7]">&gt;&gt;</a>&nbsp;&nbsp;&nbsp;__aeabi_uidivmod
</UL>
<BR>[Called By]<UL><LI><a href="#[115]">&gt;&gt;</a>&nbsp;&nbsp;&nbsp;HAL_UART_Init
</UL>

<P><STRONG><a name="[125]"></a>UART_WaitOnFlagUntilTimeout</STRONG> (Thumb, 156 bytes, Stack size 40 bytes, stm32g0xx_hal_uart.o(i.UART_WaitOnFlagUntilTimeout))
<BR><BR>[Stack]<UL><LI>Max Depth = 40<LI>Call Chain = UART_WaitOnFlagUntilTimeout
</UL>
<BR>[Calls]<UL><LI><a href="#[ee]">&gt;&gt;</a>&nbsp;&nbsp;&nbsp;HAL_GetTick
</UL>
<BR>[Called By]<UL><LI><a href="#[119]">&gt;&gt;</a>&nbsp;&nbsp;&nbsp;UART_CheckIdleState
</UL>

<P><STRONG><a name="[1]"></a>UP_command</STRONG> (Thumb, 16 bytes, Stack size 8 bytes, dali_functions.o(i.UP_command))
<BR><BR>[Stack]<UL><LI>Max Depth = 8<LI>Call Chain = UP_command
</UL>
<BR>[Calls]<UL><LI><a href="#[dd]">&gt;&gt;</a>&nbsp;&nbsp;&nbsp;HAL_GPIO_WritePin
</UL>
<BR>[Address Reference Count : 1]<UL><LI> dali_variables.o(.data)
</UL>
<P><STRONG><a name="[a6]"></a>VERIFY_SHORT_ADDR</STRONG> (Thumb, 2 bytes, Stack size 0 bytes, dali_functions.o(i.VERIFY_SHORT_ADDR))
<BR>[Address Reference Count : 1]<UL><LI> dali_variables.o(.data)
</UL>
<P><STRONG><a name="[a0]"></a>WITHDRAW</STRONG> (Thumb, 2 bytes, Stack size 0 bytes, dali_functions.o(i.WITHDRAW))
<BR>[Address Reference Count : 1]<UL><LI> dali_variables.o(.data)
</UL>
<P><STRONG><a name="[ab]"></a>WRITE_MEM_LOCATION</STRONG> (Thumb, 2 bytes, Stack size 0 bytes, dali_functions.o(i.WRITE_MEM_LOCATION))
<BR>[Address Reference Count : 1]<UL><LI> dali_variables.o(.data)
</UL>
<P><STRONG><a name="[ac]"></a>WRITE_MEM_LOCATION_NO_REPLY</STRONG> (Thumb, 2 bytes, Stack size 0 bytes, dali_functions.o(i.WRITE_MEM_LOCATION_NO_REPLY))
<BR>[Address Reference Count : 1]<UL><LI> dali_variables.o(.data)
</UL>
<P><STRONG><a name="[142]"></a>__scatterload_copy</STRONG> (Thumb, 14 bytes, Stack size unknown bytes, handlers.o(i.__scatterload_copy), UNUSED)

<P><STRONG><a name="[143]"></a>__scatterload_null</STRONG> (Thumb, 2 bytes, Stack size unknown bytes, handlers.o(i.__scatterload_null), UNUSED)

<P><STRONG><a name="[144]"></a>__scatterload_zeroinit</STRONG> (Thumb, 14 bytes, Stack size unknown bytes, handlers.o(i.__scatterload_zeroinit), UNUSED)

<P><STRONG><a name="[127]"></a>bus_status_fall_edge</STRONG> (Thumb, 24 bytes, Stack size 8 bytes, bus_conditions.o(i.bus_status_fall_edge))
<BR><BR>[Stack]<UL><LI>Max Depth = 16<LI>Call Chain = bus_status_fall_edge &rArr; stop_FrameTimer
</UL>
<BR>[Calls]<UL><LI><a href="#[128]">&gt;&gt;</a>&nbsp;&nbsp;&nbsp;stop_FrameTimer
<LI><a href="#[129]">&gt;&gt;</a>&nbsp;&nbsp;&nbsp;HalfBit_init
</UL>
<BR>[Called By]<UL><LI><a href="#[df]">&gt;&gt;</a>&nbsp;&nbsp;&nbsp;receive_edge
</UL>

<P><STRONG><a name="[12a]"></a>bus_status_stop</STRONG> (Thumb, 18 bytes, Stack size 8 bytes, bus_conditions.o(i.bus_status_stop))
<BR><BR>[Stack]<UL><LI>Max Depth = 64<LI>Call Chain = bus_status_stop &rArr; processRxFrame &rArr; check_address &rArr; check_command
</UL>
<BR>[Calls]<UL><LI><a href="#[12b]">&gt;&gt;</a>&nbsp;&nbsp;&nbsp;processRxFrame
</UL>
<BR>[Called By]<UL><LI><a href="#[dc]">&gt;&gt;</a>&nbsp;&nbsp;&nbsp;stop_condition_handler
</UL>

<P><STRONG><a name="[12c]"></a>check_address</STRONG> (Thumb, 100 bytes, Stack size 16 bytes, frame_processing.o(i.check_address))
<BR><BR>[Stack]<UL><LI>Max Depth = 24<LI>Call Chain = check_address &rArr; check_command
</UL>
<BR>[Calls]<UL><LI><a href="#[12d]">&gt;&gt;</a>&nbsp;&nbsp;&nbsp;check_command
</UL>
<BR>[Called By]<UL><LI><a href="#[12b]">&gt;&gt;</a>&nbsp;&nbsp;&nbsp;processRxFrame
</UL>

<P><STRONG><a name="[12d]"></a>check_command</STRONG> (Thumb, 44 bytes, Stack size 8 bytes, frame_processing.o(i.check_command))
<BR><BR>[Stack]<UL><LI>Max Depth = 8<LI>Call Chain = check_command
</UL>
<BR>[Calls]<UL><LI><a href="#[12e]">&gt;&gt;</a>&nbsp;&nbsp;&nbsp;DAPC
</UL>
<BR>[Called By]<UL><LI><a href="#[12c]">&gt;&gt;</a>&nbsp;&nbsp;&nbsp;check_address
</UL>

<P><STRONG><a name="[12f]"></a>edgeHandler</STRONG> (Thumb, 134 bytes, Stack size 24 bytes, edge_detection.o(i.edgeHandler))
<BR><BR>[Stack]<UL><LI>Max Depth = 40<LI>Call Chain = edgeHandler &rArr; HalfBitHandler &rArr; HalfBitStorage
</UL>
<BR>[Calls]<UL><LI><a href="#[130]">&gt;&gt;</a>&nbsp;&nbsp;&nbsp;TimingErrorHandler
<LI><a href="#[11a]">&gt;&gt;</a>&nbsp;&nbsp;&nbsp;HalfBitHandler
</UL>
<BR>[Called By]<UL><LI><a href="#[df]">&gt;&gt;</a>&nbsp;&nbsp;&nbsp;receive_edge
</UL>

<P><STRONG><a name="[ce]"></a>main</STRONG> (Thumb, 126 bytes, Stack size 16 bytes, main.o(i.main))
<BR><BR>[Stack]<UL><LI>Max Depth = 196<LI>Call Chain = main &rArr; MX_TIM1_Init &rArr; HAL_TIM_MspPostInit &rArr; HAL_GPIO_Init
</UL>
<BR>[Calls]<UL><LI><a href="#[110]">&gt;&gt;</a>&nbsp;&nbsp;&nbsp;HAL_TIM_PWM_Start
<LI><a href="#[f2]">&gt;&gt;</a>&nbsp;&nbsp;&nbsp;HAL_TIM_Base_Init
<LI><a href="#[11e]">&gt;&gt;</a>&nbsp;&nbsp;&nbsp;HAL_TIMEx_MasterConfigSynchronization
<LI><a href="#[e4]">&gt;&gt;</a>&nbsp;&nbsp;&nbsp;HAL_Init
<LI><a href="#[124]">&gt;&gt;</a>&nbsp;&nbsp;&nbsp;SystemClock_Config
<LI><a href="#[121]">&gt;&gt;</a>&nbsp;&nbsp;&nbsp;MX_USART2_UART_Init
<LI><a href="#[120]">&gt;&gt;</a>&nbsp;&nbsp;&nbsp;MX_TIM3_Init
<LI><a href="#[11d]">&gt;&gt;</a>&nbsp;&nbsp;&nbsp;MX_TIM1_Init
<LI><a href="#[11c]">&gt;&gt;</a>&nbsp;&nbsp;&nbsp;MX_GPIO_Init
</UL>
<BR>[Address Reference Count : 1]<UL><LI> entry9a.o(.ARM.Collect$$$$0000000B)
</UL>
<P><STRONG><a name="[db]"></a>power_down_handler</STRONG> (Thumb, 16 bytes, Stack size 8 bytes, bus_conditions.o(i.power_down_handler))
<BR><BR>[Stack]<UL><LI>Max Depth = 16<LI>Call Chain = power_down_handler &rArr; start_FrameTimer
</UL>
<BR>[Calls]<UL><LI><a href="#[131]">&gt;&gt;</a>&nbsp;&nbsp;&nbsp;start_FrameTimer
</UL>
<BR>[Called By]<UL><LI><a href="#[d9]">&gt;&gt;</a>&nbsp;&nbsp;&nbsp;BitTimer_overflow
</UL>

<P><STRONG><a name="[12b]"></a>processRxFrame</STRONG> (Thumb, 280 bytes, Stack size 32 bytes, frame_processing.o(i.processRxFrame))
<BR><BR>[Stack]<UL><LI>Max Depth = 56<LI>Call Chain = processRxFrame &rArr; check_address &rArr; check_command
</UL>
<BR>[Calls]<UL><LI><a href="#[12c]">&gt;&gt;</a>&nbsp;&nbsp;&nbsp;check_address
</UL>
<BR>[Called By]<UL><LI><a href="#[12a]">&gt;&gt;</a>&nbsp;&nbsp;&nbsp;bus_status_stop
</UL>

<P><STRONG><a name="[df]"></a>receive_edge</STRONG> (Thumb, 118 bytes, Stack size 24 bytes, edge_detection.o(i.receive_edge))
<BR><BR>[Stack]<UL><LI>Max Depth = 64<LI>Call Chain = receive_edge &rArr; edgeHandler &rArr; HalfBitHandler &rArr; HalfBitStorage
</UL>
<BR>[Calls]<UL><LI><a href="#[132]">&gt;&gt;</a>&nbsp;&nbsp;&nbsp;HAL_GPIO_ReadPin
<LI><a href="#[134]">&gt;&gt;</a>&nbsp;&nbsp;&nbsp;HAL_TIM_Base_Start_IT
<LI><a href="#[133]">&gt;&gt;</a>&nbsp;&nbsp;&nbsp;stop_BitTimer
<LI><a href="#[127]">&gt;&gt;</a>&nbsp;&nbsp;&nbsp;bus_status_fall_edge
<LI><a href="#[12f]">&gt;&gt;</a>&nbsp;&nbsp;&nbsp;edgeHandler
</UL>
<BR>[Called By]<UL><LI><a href="#[b9]">&gt;&gt;</a>&nbsp;&nbsp;&nbsp;EXTI4_15_IRQHandler
</UL>

<P><STRONG><a name="[131]"></a>start_FrameTimer</STRONG> (Thumb, 32 bytes, Stack size 8 bytes, timing_functions.o(i.start_FrameTimer))
<BR><BR>[Stack]<UL><LI>Max Depth = 8<LI>Call Chain = start_FrameTimer
</UL>
<BR>[Calls]<UL><LI><a href="#[134]">&gt;&gt;</a>&nbsp;&nbsp;&nbsp;HAL_TIM_Base_Start_IT
</UL>
<BR>[Called By]<UL><LI><a href="#[dc]">&gt;&gt;</a>&nbsp;&nbsp;&nbsp;stop_condition_handler
<LI><a href="#[db]">&gt;&gt;</a>&nbsp;&nbsp;&nbsp;power_down_handler
</UL>

<P><STRONG><a name="[133]"></a>stop_BitTimer</STRONG> (Thumb, 10 bytes, Stack size 8 bytes, timing_functions.o(i.stop_BitTimer))
<BR><BR>[Stack]<UL><LI>Max Depth = 8<LI>Call Chain = stop_BitTimer
</UL>
<BR>[Calls]<UL><LI><a href="#[da]">&gt;&gt;</a>&nbsp;&nbsp;&nbsp;HAL_TIM_Base_Stop_IT
</UL>
<BR>[Called By]<UL><LI><a href="#[df]">&gt;&gt;</a>&nbsp;&nbsp;&nbsp;receive_edge
</UL>

<P><STRONG><a name="[128]"></a>stop_FrameTimer</STRONG> (Thumb, 10 bytes, Stack size 8 bytes, timing_functions.o(i.stop_FrameTimer))
<BR><BR>[Stack]<UL><LI>Max Depth = 8<LI>Call Chain = stop_FrameTimer
</UL>
<BR>[Calls]<UL><LI><a href="#[da]">&gt;&gt;</a>&nbsp;&nbsp;&nbsp;HAL_TIM_Base_Stop_IT
</UL>
<BR>[Called By]<UL><LI><a href="#[127]">&gt;&gt;</a>&nbsp;&nbsp;&nbsp;bus_status_fall_edge
</UL>

<P><STRONG><a name="[dc]"></a>stop_condition_handler</STRONG> (Thumb, 14 bytes, Stack size 8 bytes, bus_conditions.o(i.stop_condition_handler))
<BR><BR>[Stack]<UL><LI>Max Depth = 72<LI>Call Chain = stop_condition_handler &rArr; bus_status_stop &rArr; processRxFrame &rArr; check_address &rArr; check_command
</UL>
<BR>[Calls]<UL><LI><a href="#[12a]">&gt;&gt;</a>&nbsp;&nbsp;&nbsp;bus_status_stop
<LI><a href="#[131]">&gt;&gt;</a>&nbsp;&nbsp;&nbsp;start_FrameTimer
</UL>
<BR>[Called By]<UL><LI><a href="#[d9]">&gt;&gt;</a>&nbsp;&nbsp;&nbsp;BitTimer_overflow
</UL>

<P><STRONG><a name="[e1]"></a>system_failure_handler</STRONG> (Thumb, 8 bytes, Stack size 0 bytes, bus_conditions.o(i.system_failure_handler))
<BR><BR>[Called By]<UL><LI><a href="#[e0]">&gt;&gt;</a>&nbsp;&nbsp;&nbsp;FrameTimer_overflow
</UL>
<P>
<H3>
Local Symbols
</H3>
<P><STRONG><a name="[11c]"></a>MX_GPIO_Init</STRONG> (Thumb, 162 bytes, Stack size 48 bytes, main.o(i.MX_GPIO_Init))
<BR><BR>[Stack]<UL><LI>Max Depth = 76<LI>Call Chain = MX_GPIO_Init &rArr; HAL_GPIO_Init
</UL>
<BR>[Calls]<UL><LI><a href="#[e9]">&gt;&gt;</a>&nbsp;&nbsp;&nbsp;HAL_NVIC_SetPriority
<LI><a href="#[f5]">&gt;&gt;</a>&nbsp;&nbsp;&nbsp;HAL_NVIC_EnableIRQ
<LI><a href="#[dd]">&gt;&gt;</a>&nbsp;&nbsp;&nbsp;HAL_GPIO_WritePin
<LI><a href="#[106]">&gt;&gt;</a>&nbsp;&nbsp;&nbsp;HAL_GPIO_Init
<LI><a href="#[105]">&gt;&gt;</a>&nbsp;&nbsp;&nbsp;__aeabi_memclr4
</UL>
<BR>[Called By]<UL><LI><a href="#[ce]">&gt;&gt;</a>&nbsp;&nbsp;&nbsp;main
</UL>

<P><STRONG><a name="[11d]"></a>MX_TIM1_Init</STRONG> (Thumb, 220 bytes, Stack size 120 bytes, main.o(i.MX_TIM1_Init))
<BR><BR>[Stack]<UL><LI>Max Depth = 180<LI>Call Chain = MX_TIM1_Init &rArr; HAL_TIM_MspPostInit &rArr; HAL_GPIO_Init
</UL>
<BR>[Calls]<UL><LI><a href="#[10e]">&gt;&gt;</a>&nbsp;&nbsp;&nbsp;HAL_TIM_PWM_Init
<LI><a href="#[107]">&gt;&gt;</a>&nbsp;&nbsp;&nbsp;HAL_TIM_PWM_ConfigChannel
<LI><a href="#[104]">&gt;&gt;</a>&nbsp;&nbsp;&nbsp;HAL_TIM_MspPostInit
<LI><a href="#[f6]">&gt;&gt;</a>&nbsp;&nbsp;&nbsp;HAL_TIM_ConfigClockSource
<LI><a href="#[f2]">&gt;&gt;</a>&nbsp;&nbsp;&nbsp;HAL_TIM_Base_Init
<LI><a href="#[11e]">&gt;&gt;</a>&nbsp;&nbsp;&nbsp;HAL_TIMEx_MasterConfigSynchronization
<LI><a href="#[11f]">&gt;&gt;</a>&nbsp;&nbsp;&nbsp;HAL_TIMEx_ConfigBreakDeadTime
<LI><a href="#[105]">&gt;&gt;</a>&nbsp;&nbsp;&nbsp;__aeabi_memclr4
</UL>
<BR>[Called By]<UL><LI><a href="#[ce]">&gt;&gt;</a>&nbsp;&nbsp;&nbsp;main
</UL>

<P><STRONG><a name="[120]"></a>MX_TIM3_Init</STRONG> (Thumb, 102 bytes, Stack size 40 bytes, main.o(i.MX_TIM3_Init))
<BR><BR>[Stack]<UL><LI>Max Depth = 76<LI>Call Chain = MX_TIM3_Init &rArr; HAL_TIM_Base_Init &rArr; TIM_Base_SetConfig
</UL>
<BR>[Calls]<UL><LI><a href="#[f6]">&gt;&gt;</a>&nbsp;&nbsp;&nbsp;HAL_TIM_ConfigClockSource
<LI><a href="#[f2]">&gt;&gt;</a>&nbsp;&nbsp;&nbsp;HAL_TIM_Base_Init
<LI><a href="#[11e]">&gt;&gt;</a>&nbsp;&nbsp;&nbsp;HAL_TIMEx_MasterConfigSynchronization
</UL>
<BR>[Called By]<UL><LI><a href="#[ce]">&gt;&gt;</a>&nbsp;&nbsp;&nbsp;main
</UL>

<P><STRONG><a name="[121]"></a>MX_USART2_UART_Init</STRONG> (Thumb, 98 bytes, Stack size 8 bytes, main.o(i.MX_USART2_UART_Init))
<BR><BR>[Stack]<UL><LI>Max Depth = 96<LI>Call Chain = MX_USART2_UART_Init &rArr; HAL_UART_Init &rArr; UART_CheckIdleState &rArr; UART_WaitOnFlagUntilTimeout
</UL>
<BR>[Calls]<UL><LI><a href="#[115]">&gt;&gt;</a>&nbsp;&nbsp;&nbsp;HAL_UART_Init
<LI><a href="#[114]">&gt;&gt;</a>&nbsp;&nbsp;&nbsp;HAL_UARTEx_SetTxFifoThreshold
<LI><a href="#[112]">&gt;&gt;</a>&nbsp;&nbsp;&nbsp;HAL_UARTEx_SetRxFifoThreshold
<LI><a href="#[122]">&gt;&gt;</a>&nbsp;&nbsp;&nbsp;HAL_UARTEx_DisableFifoMode
</UL>
<BR>[Called By]<UL><LI><a href="#[ce]">&gt;&gt;</a>&nbsp;&nbsp;&nbsp;main
</UL>

<P><STRONG><a name="[fa]"></a>TIM_ITRx_SetConfig</STRONG> (Thumb, 16 bytes, Stack size 0 bytes, stm32g0xx_hal_tim.o(i.TIM_ITRx_SetConfig))
<BR><BR>[Called By]<UL><LI><a href="#[f6]">&gt;&gt;</a>&nbsp;&nbsp;&nbsp;HAL_TIM_ConfigClockSource
</UL>

<P><STRONG><a name="[108]"></a>TIM_OC1_SetConfig</STRONG> (Thumb, 120 bytes, Stack size 20 bytes, stm32g0xx_hal_tim.o(i.TIM_OC1_SetConfig))
<BR><BR>[Stack]<UL><LI>Max Depth = 20<LI>Call Chain = TIM_OC1_SetConfig
</UL>
<BR>[Called By]<UL><LI><a href="#[107]">&gt;&gt;</a>&nbsp;&nbsp;&nbsp;HAL_TIM_PWM_ConfigChannel
</UL>

<P><STRONG><a name="[10a]"></a>TIM_OC3_SetConfig</STRONG> (Thumb, 114 bytes, Stack size 16 bytes, stm32g0xx_hal_tim.o(i.TIM_OC3_SetConfig))
<BR><BR>[Stack]<UL><LI>Max Depth = 16<LI>Call Chain = TIM_OC3_SetConfig
</UL>
<BR>[Called By]<UL><LI><a href="#[107]">&gt;&gt;</a>&nbsp;&nbsp;&nbsp;HAL_TIM_PWM_ConfigChannel
</UL>

<P><STRONG><a name="[10b]"></a>TIM_OC4_SetConfig</STRONG> (Thumb, 94 bytes, Stack size 12 bytes, stm32g0xx_hal_tim.o(i.TIM_OC4_SetConfig))
<BR><BR>[Stack]<UL><LI>Max Depth = 12<LI>Call Chain = TIM_OC4_SetConfig
</UL>
<BR>[Called By]<UL><LI><a href="#[107]">&gt;&gt;</a>&nbsp;&nbsp;&nbsp;HAL_TIM_PWM_ConfigChannel
</UL>

<P><STRONG><a name="[10c]"></a>TIM_OC5_SetConfig</STRONG> (Thumb, 80 bytes, Stack size 16 bytes, stm32g0xx_hal_tim.o(i.TIM_OC5_SetConfig))
<BR><BR>[Stack]<UL><LI>Max Depth = 16<LI>Call Chain = TIM_OC5_SetConfig
</UL>
<BR>[Called By]<UL><LI><a href="#[107]">&gt;&gt;</a>&nbsp;&nbsp;&nbsp;HAL_TIM_PWM_ConfigChannel
</UL>

<P><STRONG><a name="[10d]"></a>TIM_OC6_SetConfig</STRONG> (Thumb, 88 bytes, Stack size 12 bytes, stm32g0xx_hal_tim.o(i.TIM_OC6_SetConfig))
<BR><BR>[Stack]<UL><LI>Max Depth = 12<LI>Call Chain = TIM_OC6_SetConfig
</UL>
<BR>[Called By]<UL><LI><a href="#[107]">&gt;&gt;</a>&nbsp;&nbsp;&nbsp;HAL_TIM_PWM_ConfigChannel
</UL>

<P><STRONG><a name="[f8]"></a>TIM_TI1_ConfigInputStage</STRONG> (Thumb, 34 bytes, Stack size 12 bytes, stm32g0xx_hal_tim.o(i.TIM_TI1_ConfigInputStage))
<BR><BR>[Stack]<UL><LI>Max Depth = 12<LI>Call Chain = TIM_TI1_ConfigInputStage
</UL>
<BR>[Called By]<UL><LI><a href="#[f6]">&gt;&gt;</a>&nbsp;&nbsp;&nbsp;HAL_TIM_ConfigClockSource
</UL>

<P><STRONG><a name="[f9]"></a>TIM_TI2_ConfigInputStage</STRONG> (Thumb, 38 bytes, Stack size 12 bytes, stm32g0xx_hal_tim.o(i.TIM_TI2_ConfigInputStage))
<BR><BR>[Stack]<UL><LI>Max Depth = 12<LI>Call Chain = TIM_TI2_ConfigInputStage
</UL>
<BR>[Called By]<UL><LI><a href="#[f6]">&gt;&gt;</a>&nbsp;&nbsp;&nbsp;HAL_TIM_ConfigClockSource
</UL>

<P><STRONG><a name="[eb]"></a>__NVIC_SetPriority</STRONG> (Thumb, 60 bytes, Stack size 0 bytes, stm32g0xx_hal_cortex.o(i.__NVIC_SetPriority))
<BR><BR>[Called By]<UL><LI><a href="#[e9]">&gt;&gt;</a>&nbsp;&nbsp;&nbsp;HAL_NVIC_SetPriority
<LI><a href="#[e8]">&gt;&gt;</a>&nbsp;&nbsp;&nbsp;HAL_SYSTICK_Config
</UL>

<P><STRONG><a name="[113]"></a>UARTEx_SetNbDataToProcess</STRONG> (Thumb, 80 bytes, Stack size 40 bytes, stm32g0xx_hal_uart_ex.o(i.UARTEx_SetNbDataToProcess))
<BR><BR>[Stack]<UL><LI>Max Depth = 52<LI>Call Chain = UARTEx_SetNbDataToProcess &rArr; __aeabi_uidivmod
</UL>
<BR>[Calls]<UL><LI><a href="#[e7]">&gt;&gt;</a>&nbsp;&nbsp;&nbsp;__aeabi_uidivmod
</UL>
<BR>[Called By]<UL><LI><a href="#[114]">&gt;&gt;</a>&nbsp;&nbsp;&nbsp;HAL_UARTEx_SetTxFifoThreshold
<LI><a href="#[112]">&gt;&gt;</a>&nbsp;&nbsp;&nbsp;HAL_UARTEx_SetRxFifoThreshold
</UL>
<P>
<H3>
Undefined Global Symbols
</H3>
<P><STRONG><a name="[d4]"></a>__arm_fini_</STRONG> (Unknown, 0 bytes, Stack size 0 bytes, UNDEFINED)
<BR><BR>[Called By]<UL><LI><a href="#[d3]">&gt;&gt;</a>&nbsp;&nbsp;&nbsp;__rt_lib_shutdown_fini
</UL>
<HR></body></html>
